[26-Jul-2023 18:45:17 Europe/Berlin] PHP Parse error:  syntax error, unexpected identifier "displayOrdersTable", expecting "(" in C:\Users\favo05\Documents\Douglas College\Backend Web Dev\Project\inc\Entity\Page.class.php on line 356
[26-Jul-2023 18:45:49 Europe/Berlin] PHP Parse error:  syntax error, unexpected identifier "displayOrdersTable", expecting "(" in C:\Users\favo05\Documents\Douglas College\Backend Web Dev\Project\inc\Entity\Page.class.php on line 356
[26-Jul-2023 18:49:02 Europe/Berlin] PHP Warning:  Undefined variable $medicines in C:\Users\favo05\Documents\Douglas College\Backend Web Dev\Project\inc\Entity\Page.class.php on line 313
[26-Jul-2023 18:49:02 Europe/Berlin] PHP Warning:  foreach() argument must be of type array|object, null given in C:\Users\favo05\Documents\Douglas College\Backend Web Dev\Project\inc\Entity\Page.class.php on line 313
[26-Jul-2023 18:56:31 Europe/Berlin] PHP Fatal error:  Uncaught ArgumentCountError: Too few arguments to function Ordered_MedsClassDAO::getOrdered_Meds(), 0 passed in C:\Users\favo05\Documents\Douglas College\Backend Web Dev\Project\ProjectMain.php on line 22 and exactly 1 expected in C:\Users\favo05\Documents\Douglas College\Backend Web Dev\Project\inc\Utility\Ordered_MedsClassDAO.class.php:67
Stack trace:
#0 C:\Users\favo05\Documents\Douglas College\Backend Web Dev\Project\ProjectMain.php(22): Ordered_MedsClassDAO::getOrdered_Meds()
#1 {main}
  thrown in C:\Users\favo05\Documents\Douglas College\Backend Web Dev\Project\inc\Utility\Ordered_MedsClassDAO.class.php on line 67
[26-Jul-2023 10:31:53 America/Vancouver] PHP Warning:  Undefined array key "medicineid" in C:\Users\favo05\Documents\Douglas College\Backend Web Dev\Project\ProjectMain.php on line 43
[26-Jul-2023 10:31:53 America/Vancouver] PHP Fatal error:  Uncaught PDOException: SQLSTATE[23000]: Integrity constraint violation: 1452 Cannot add or update a child row: a foreign key constraint fails (`vetpharmacy`.`ordered_meds`, CONSTRAINT `ordered_meds_ibfk_1` FOREIGN KEY (`Order_Id`) REFERENCES `order` (`OrderId`)) in C:\Users\favo05\Documents\Douglas College\Backend Web Dev\Project\inc\Utility\PDOService.class.php:85
Stack trace:
#0 C:\Users\favo05\Documents\Douglas College\Backend Web Dev\Project\inc\Utility\PDOService.class.php(85): PDOStatement->execute()
#1 C:\Users\favo05\Documents\Douglas College\Backend Web Dev\Project\inc\Utility\Ordered_MedsClassDAO.class.php(49): PDOService->execute()
#2 C:\Users\favo05\Documents\Douglas College\Backend Web Dev\Project\ProjectMain.php(55): Ordered_MedsClassDAO::createOrdered_Meds(Object(Ordered_Meds))
#3 {main}
  thrown in C:\Users\favo05\Documents\Douglas College\Backend Web Dev\Project\inc\Utility\PDOService.class.php on line 85
[26-Jul-2023 10:35:37 America/Vancouver] PHP Warning:  Undefined array key "medicineid" in C:\Users\favo05\Documents\Douglas College\Backend Web Dev\Project\ProjectMain.php on line 42
[26-Jul-2023 10:35:37 America/Vancouver] PHP Fatal error:  Uncaught PDOException: SQLSTATE[23000]: Integrity constraint violation: 1452 Cannot add or update a child row: a foreign key constraint fails (`vetpharmacy`.`ordered_meds`, CONSTRAINT `ordered_meds_ibfk_1` FOREIGN KEY (`Order_Id`) REFERENCES `order` (`OrderId`)) in C:\Users\favo05\Documents\Douglas College\Backend Web Dev\Project\inc\Utility\PDOService.class.php:85
Stack trace:
#0 C:\Users\favo05\Documents\Douglas College\Backend Web Dev\Project\inc\Utility\PDOService.class.php(85): PDOStatement->execute()
#1 C:\Users\favo05\Documents\Douglas College\Backend Web Dev\Project\inc\Utility\Ordered_MedsClassDAO.class.php(49): PDOService->execute()
#2 C:\Users\favo05\Documents\Douglas College\Backend Web Dev\Project\ProjectMain.php(54): Ordered_MedsClassDAO::createOrdered_Meds(Object(Ordered_Meds))
#3 {main}
  thrown in C:\Users\favo05\Documents\Douglas College\Backend Web Dev\Project\inc\Utility\PDOService.class.php on line 85
[26-Jul-2023 10:36:11 America/Vancouver] PHP Warning:  Undefined array key "medicineid" in C:\Users\favo05\Documents\Douglas College\Backend Web Dev\Project\ProjectMain.php on line 43
[26-Jul-2023 10:36:11 America/Vancouver] PHP Fatal error:  Uncaught PDOException: SQLSTATE[23000]: Integrity constraint violation: 1452 Cannot add or update a child row: a foreign key constraint fails (`vetpharmacy`.`ordered_meds`, CONSTRAINT `ordered_meds_ibfk_2` FOREIGN KEY (`Medicine_Id`) REFERENCES `medicine` (`MedicineID`)) in C:\Users\favo05\Documents\Douglas College\Backend Web Dev\Project\inc\Utility\PDOService.class.php:85
Stack trace:
#0 C:\Users\favo05\Documents\Douglas College\Backend Web Dev\Project\inc\Utility\PDOService.class.php(85): PDOStatement->execute()
#1 C:\Users\favo05\Documents\Douglas College\Backend Web Dev\Project\inc\Utility\Ordered_MedsClassDAO.class.php(49): PDOService->execute()
#2 C:\Users\favo05\Documents\Douglas College\Backend Web Dev\Project\ProjectMain.php(55): Ordered_MedsClassDAO::createOrdered_Meds(Object(Ordered_Meds))
#3 {main}
  thrown in C:\Users\favo05\Documents\Douglas College\Backend Web Dev\Project\inc\Utility\PDOService.class.php on line 85
[26-Jul-2023 19:48:11 Europe/Berlin] PHP Warning:  Undefined variable $medicines in C:\Users\favo05\Documents\Douglas College\Backend Web Dev\Project\inc\Entity\Page.class.php on line 314
[26-Jul-2023 19:48:11 Europe/Berlin] PHP Warning:  foreach() argument must be of type array|object, null given in C:\Users\favo05\Documents\Douglas College\Backend Web Dev\Project\inc\Entity\Page.class.php on line 314
[26-Jul-2023 20:07:32 Europe/Berlin] PHP Warning:  Undefined array key "Concentration" in C:\Users\favo05\Documents\Douglas College\Backend Web Dev\Project\inc\Entity\Page.class.php on line 318
[26-Jul-2023 20:14:32 Europe/Berlin] PHP Warning:  Array to string conversion in C:\Users\favo05\Documents\Douglas College\Backend Web Dev\Project\ProjectMain.php on line 78
[26-Jul-2023 20:19:26 Europe/Berlin] PHP Warning:  Undefined variable $medicinesSelected in C:\Users\favo05\Documents\Douglas College\Backend Web Dev\Project\ProjectMain.php on line 79
[26-Jul-2023 20:19:26 Europe/Berlin] PHP Warning:  foreach() argument must be of type array|object, null given in C:\Users\favo05\Documents\Douglas College\Backend Web Dev\Project\inc\Entity\Page.class.php on line 316
[26-Jul-2023 20:19:36 Europe/Berlin] PHP Warning:  Undefined variable $medicinesSelected in C:\Users\favo05\Documents\Douglas College\Backend Web Dev\Project\ProjectMain.php on line 79
[26-Jul-2023 20:19:36 Europe/Berlin] PHP Warning:  foreach() argument must be of type array|object, null given in C:\Users\favo05\Documents\Douglas College\Backend Web Dev\Project\inc\Entity\Page.class.php on line 316
[26-Jul-2023 20:19:45 Europe/Berlin] PHP Warning:  Undefined variable $medicinesSelected in C:\Users\favo05\Documents\Douglas College\Backend Web Dev\Project\ProjectMain.php on line 79
[26-Jul-2023 20:19:45 Europe/Berlin] PHP Warning:  foreach() argument must be of type array|object, null given in C:\Users\favo05\Documents\Douglas College\Backend Web Dev\Project\inc\Entity\Page.class.php on line 316
[26-Jul-2023 20:40:02 Europe/Berlin] PHP Fatal error:  Uncaught TypeError: array_push(): Argument #1 ($array) must be of type array, string given in C:\Users\favo05\Documents\Douglas College\Backend Web Dev\Project\ProjectMain.php:77
Stack trace:
#0 C:\Users\favo05\Documents\Douglas College\Backend Web Dev\Project\ProjectMain.php(77): array_push('{Self::medicine...', Array)
#1 {main}
  thrown in C:\Users\favo05\Documents\Douglas College\Backend Web Dev\Project\ProjectMain.php on line 77
[26-Jul-2023 20:44:43 Europe/Berlin] PHP Notice:  unserialize(): Error at offset 0 of 36 bytes in C:\Users\favo05\Documents\Douglas College\Backend Web Dev\Project\ProjectMain.php on line 65
[26-Jul-2023 20:44:43 Europe/Berlin] PHP Fatal error:  Uncaught TypeError: array_push(): Argument #1 ($array) must be of type array, bool given in C:\Users\favo05\Documents\Douglas College\Backend Web Dev\Project\ProjectMain.php:77
Stack trace:
#0 C:\Users\favo05\Documents\Douglas College\Backend Web Dev\Project\ProjectMain.php(77): array_push(false, Array)
#1 {main}
  thrown in C:\Users\favo05\Documents\Douglas College\Backend Web Dev\Project\ProjectMain.php on line 77
[26-Jul-2023 20:48:21 Europe/Berlin] PHP Fatal error:  Uncaught TypeError: array_push(): Argument #1 ($array) must be of type array, null given in C:\Users\favo05\Documents\Douglas College\Backend Web Dev\Project\ProjectMain.php:77
Stack trace:
#0 C:\Users\favo05\Documents\Douglas College\Backend Web Dev\Project\ProjectMain.php(77): array_push(NULL, Array)
#1 {main}
  thrown in C:\Users\favo05\Documents\Douglas College\Backend Web Dev\Project\ProjectMain.php on line 77
[26-Jul-2023 20:48:45 Europe/Berlin] PHP Fatal error:  Uncaught TypeError: array_push(): Argument #1 ($array) must be of type array, null given in C:\Users\favo05\Documents\Douglas College\Backend Web Dev\Project\ProjectMain.php:77
Stack trace:
#0 C:\Users\favo05\Documents\Douglas College\Backend Web Dev\Project\ProjectMain.php(77): array_push(NULL, Array)
#1 {main}
  thrown in C:\Users\favo05\Documents\Douglas College\Backend Web Dev\Project\ProjectMain.php on line 77
[26-Jul-2023 20:48:56 Europe/Berlin] PHP Fatal error:  Uncaught TypeError: array_push(): Argument #1 ($array) must be of type array, null given in C:\Users\favo05\Documents\Douglas College\Backend Web Dev\Project\ProjectMain.php:77
Stack trace:
#0 C:\Users\favo05\Documents\Douglas College\Backend Web Dev\Project\ProjectMain.php(77): array_push(NULL, Array)
#1 {main}
  thrown in C:\Users\favo05\Documents\Douglas College\Backend Web Dev\Project\ProjectMain.php on line 77
[26-Jul-2023 20:49:40 Europe/Berlin] PHP Warning:  Undefined variable $medicinesSelected in C:\Users\favo05\Documents\Douglas College\Backend Web Dev\Project\inc\Entity\Page.class.php on line 266
[26-Jul-2023 20:49:40 Europe/Berlin] PHP Warning:  Undefined variable $medicinesSelected in C:\Users\favo05\Documents\Douglas College\Backend Web Dev\Project\inc\Entity\Page.class.php on line 266
[26-Jul-2023 20:49:40 Europe/Berlin] PHP Warning:  Undefined variable $medicinesSelected in C:\Users\favo05\Documents\Douglas College\Backend Web Dev\Project\inc\Entity\Page.class.php on line 266
[26-Jul-2023 20:49:40 Europe/Berlin] PHP Warning:  Undefined variable $medicinesSelected in C:\Users\favo05\Documents\Douglas College\Backend Web Dev\Project\inc\Entity\Page.class.php on line 266
[26-Jul-2023 20:49:40 Europe/Berlin] PHP Warning:  Undefined variable $medicinesSelected in C:\Users\favo05\Documents\Douglas College\Backend Web Dev\Project\inc\Entity\Page.class.php on line 266
[26-Jul-2023 20:49:40 Europe/Berlin] PHP Warning:  Undefined variable $medicinesSelected in C:\Users\favo05\Documents\Douglas College\Backend Web Dev\Project\inc\Entity\Page.class.php on line 266
[26-Jul-2023 20:49:40 Europe/Berlin] PHP Warning:  Undefined variable $medicinesSelected in C:\Users\favo05\Documents\Douglas College\Backend Web Dev\Project\inc\Entity\Page.class.php on line 266
[26-Jul-2023 20:49:40 Europe/Berlin] PHP Warning:  Undefined variable $medicinesSelected in C:\Users\favo05\Documents\Douglas College\Backend Web Dev\Project\inc\Entity\Page.class.php on line 266
[26-Jul-2023 20:49:40 Europe/Berlin] PHP Warning:  Undefined variable $medicinesSelected in C:\Users\favo05\Documents\Douglas College\Backend Web Dev\Project\inc\Entity\Page.class.php on line 266
[26-Jul-2023 20:49:40 Europe/Berlin] PHP Warning:  Undefined variable $medicinesSelected in C:\Users\favo05\Documents\Douglas College\Backend Web Dev\Project\inc\Entity\Page.class.php on line 266
[26-Jul-2023 20:49:40 Europe/Berlin] PHP Warning:  Undefined variable $medicinesSelected in C:\Users\favo05\Documents\Douglas College\Backend Web Dev\Project\inc\Entity\Page.class.php on line 266
[26-Jul-2023 20:49:40 Europe/Berlin] PHP Warning:  Undefined variable $medicinesSelected in C:\Users\favo05\Documents\Douglas College\Backend Web Dev\Project\inc\Entity\Page.class.php on line 266
[26-Jul-2023 20:49:40 Europe/Berlin] PHP Warning:  Undefined variable $medicinesSelected in C:\Users\favo05\Documents\Douglas College\Backend Web Dev\Project\inc\Entity\Page.class.php on line 266
[26-Jul-2023 20:49:40 Europe/Berlin] PHP Warning:  Undefined variable $medicinesSelected in C:\Users\favo05\Documents\Douglas College\Backend Web Dev\Project\inc\Entity\Page.class.php on line 266
[26-Jul-2023 20:49:40 Europe/Berlin] PHP Warning:  Undefined variable $medicinesSelected in C:\Users\favo05\Documents\Douglas College\Backend Web Dev\Project\inc\Entity\Page.class.php on line 266
[26-Jul-2023 20:49:40 Europe/Berlin] PHP Warning:  Undefined variable $medicinesSelected in C:\Users\favo05\Documents\Douglas College\Backend Web Dev\Project\inc\Entity\Page.class.php on line 266
[26-Jul-2023 20:49:40 Europe/Berlin] PHP Warning:  Undefined variable $medicinesSelected in C:\Users\favo05\Documents\Douglas College\Backend Web Dev\Project\inc\Entity\Page.class.php on line 266
[26-Jul-2023 20:49:40 Europe/Berlin] PHP Warning:  Undefined variable $medicinesSelected in C:\Users\favo05\Documents\Douglas College\Backend Web Dev\Project\inc\Entity\Page.class.php on line 266
[26-Jul-2023 20:49:40 Europe/Berlin] PHP Warning:  Undefined variable $medicinesSelected in C:\Users\favo05\Documents\Douglas College\Backend Web Dev\Project\inc\Entity\Page.class.php on line 266
[26-Jul-2023 20:49:40 Europe/Berlin] PHP Warning:  Undefined variable $medicinesSelected in C:\Users\favo05\Documents\Douglas College\Backend Web Dev\Project\inc\Entity\Page.class.php on line 266
[26-Jul-2023 20:49:40 Europe/Berlin] PHP Warning:  Undefined variable $medicinesSelected in C:\Users\favo05\Documents\Douglas College\Backend Web Dev\Project\inc\Entity\Page.class.php on line 266
[26-Jul-2023 20:49:40 Europe/Berlin] PHP Warning:  Undefined variable $medicinesSelected in C:\Users\favo05\Documents\Douglas College\Backend Web Dev\Project\inc\Entity\Page.class.php on line 266
[26-Jul-2023 20:49:40 Europe/Berlin] PHP Warning:  Undefined variable $medicinesSelected in C:\Users\favo05\Documents\Douglas College\Backend Web Dev\Project\inc\Entity\Page.class.php on line 266
[26-Jul-2023 20:49:40 Europe/Berlin] PHP Warning:  Undefined variable $medicinesSelected in C:\Users\favo05\Documents\Douglas College\Backend Web Dev\Project\inc\Entity\Page.class.php on line 266
[26-Jul-2023 20:49:40 Europe/Berlin] PHP Warning:  Undefined variable $medicinesSelected in C:\Users\favo05\Documents\Douglas College\Backend Web Dev\Project\inc\Entity\Page.class.php on line 266
[26-Jul-2023 20:49:40 Europe/Berlin] PHP Warning:  Undefined variable $medicinesSelected in C:\Users\favo05\Documents\Douglas College\Backend Web Dev\Project\inc\Entity\Page.class.php on line 266
[26-Jul-2023 20:49:40 Europe/Berlin] PHP Warning:  Undefined variable $medicinesSelected in C:\Users\favo05\Documents\Douglas College\Backend Web Dev\Project\inc\Entity\Page.class.php on line 266
[26-Jul-2023 20:49:40 Europe/Berlin] PHP Warning:  Undefined variable $medicinesSelected in C:\Users\favo05\Documents\Douglas College\Backend Web Dev\Project\inc\Entity\Page.class.php on line 266
[26-Jul-2023 20:49:40 Europe/Berlin] PHP Warning:  Undefined variable $medicinesSelected in C:\Users\favo05\Documents\Douglas College\Backend Web Dev\Project\inc\Entity\Page.class.php on line 266
[26-Jul-2023 20:49:40 Europe/Berlin] PHP Warning:  Undefined variable $medicinesSelected in C:\Users\favo05\Documents\Douglas College\Backend Web Dev\Project\inc\Entity\Page.class.php on line 266
[26-Jul-2023 20:49:40 Europe/Berlin] PHP Warning:  Undefined variable $medicinesSelected in C:\Users\favo05\Documents\Douglas College\Backend Web Dev\Project\inc\Entity\Page.class.php on line 266
[26-Jul-2023 20:49:40 Europe/Berlin] PHP Warning:  Undefined variable $medicinesSelected in C:\Users\favo05\Documents\Douglas College\Backend Web Dev\Project\inc\Entity\Page.class.php on line 266
[26-Jul-2023 20:49:40 Europe/Berlin] PHP Warning:  Undefined variable $medicinesSelected in C:\Users\favo05\Documents\Douglas College\Backend Web Dev\Project\inc\Entity\Page.class.php on line 266
[26-Jul-2023 20:49:40 Europe/Berlin] PHP Warning:  Undefined variable $medicinesSelected in C:\Users\favo05\Documents\Douglas College\Backend Web Dev\Project\inc\Entity\Page.class.php on line 266
[26-Jul-2023 20:49:40 Europe/Berlin] PHP Warning:  Undefined variable $medicinesSelected in C:\Users\favo05\Documents\Douglas College\Backend Web Dev\Project\inc\Entity\Page.class.php on line 266
[26-Jul-2023 20:49:40 Europe/Berlin] PHP Warning:  Undefined variable $medicinesSelected in C:\Users\favo05\Documents\Douglas College\Backend Web Dev\Project\inc\Entity\Page.class.php on line 266
[26-Jul-2023 20:49:40 Europe/Berlin] PHP Warning:  Undefined variable $medicinesSelected in C:\Users\favo05\Documents\Douglas College\Backend Web Dev\Project\inc\Entity\Page.class.php on line 266
[26-Jul-2023 20:49:40 Europe/Berlin] PHP Warning:  Undefined variable $medicinesSelected in C:\Users\favo05\Documents\Douglas College\Backend Web Dev\Project\inc\Entity\Page.class.php on line 266
[26-Jul-2023 20:49:40 Europe/Berlin] PHP Warning:  Undefined variable $medicinesSelected in C:\Users\favo05\Documents\Douglas College\Backend Web Dev\Project\inc\Entity\Page.class.php on line 266
[26-Jul-2023 20:49:40 Europe/Berlin] PHP Warning:  Undefined variable $medicinesSelected in C:\Users\favo05\Documents\Douglas College\Backend Web Dev\Project\inc\Entity\Page.class.php on line 266
[26-Jul-2023 20:49:40 Europe/Berlin] PHP Warning:  Undefined variable $medicinesSelected in C:\Users\favo05\Documents\Douglas College\Backend Web Dev\Project\inc\Entity\Page.class.php on line 266
[26-Jul-2023 20:49:40 Europe/Berlin] PHP Warning:  Undefined variable $medicinesSelected in C:\Users\favo05\Documents\Douglas College\Backend Web Dev\Project\inc\Entity\Page.class.php on line 266
[26-Jul-2023 20:49:40 Europe/Berlin] PHP Warning:  Undefined variable $medicinesSelected in C:\Users\favo05\Documents\Douglas College\Backend Web Dev\Project\inc\Entity\Page.class.php on line 266
[26-Jul-2023 20:49:40 Europe/Berlin] PHP Warning:  Undefined variable $medicinesSelected in C:\Users\favo05\Documents\Douglas College\Backend Web Dev\Project\inc\Entity\Page.class.php on line 266
[26-Jul-2023 20:49:40 Europe/Berlin] PHP Warning:  Undefined variable $medicinesSelected in C:\Users\favo05\Documents\Douglas College\Backend Web Dev\Project\inc\Entity\Page.class.php on line 266
[26-Jul-2023 20:49:40 Europe/Berlin] PHP Warning:  Undefined variable $medicinesSelected in C:\Users\favo05\Documents\Douglas College\Backend Web Dev\Project\inc\Entity\Page.class.php on line 266
[26-Jul-2023 20:49:40 Europe/Berlin] PHP Warning:  Undefined variable $medicinesSelected in C:\Users\favo05\Documents\Douglas College\Backend Web Dev\Project\inc\Entity\Page.class.php on line 266
[26-Jul-2023 20:49:40 Europe/Berlin] PHP Warning:  Undefined variable $medicinesSelected in C:\Users\favo05\Documents\Douglas College\Backend Web Dev\Project\inc\Entity\Page.class.php on line 266
[26-Jul-2023 20:49:40 Europe/Berlin] PHP Warning:  Undefined variable $medicinesSelected in C:\Users\favo05\Documents\Douglas College\Backend Web Dev\Project\inc\Entity\Page.class.php on line 266
[26-Jul-2023 20:49:40 Europe/Berlin] PHP Warning:  Undefined variable $medicinesSelected in C:\Users\favo05\Documents\Douglas College\Backend Web Dev\Project\inc\Entity\Page.class.php on line 266
[26-Jul-2023 20:49:40 Europe/Berlin] PHP Warning:  Undefined variable $medicinesSelected in C:\Users\favo05\Documents\Douglas College\Backend Web Dev\Project\inc\Entity\Page.class.php on line 266
[26-Jul-2023 20:49:40 Europe/Berlin] PHP Warning:  Undefined variable $medicinesSelected in C:\Users\favo05\Documents\Douglas College\Backend Web Dev\Project\inc\Entity\Page.class.php on line 266
[26-Jul-2023 20:49:40 Europe/Berlin] PHP Warning:  Undefined variable $medicinesSelected in C:\Users\favo05\Documents\Douglas College\Backend Web Dev\Project\inc\Entity\Page.class.php on line 266
[26-Jul-2023 20:49:40 Europe/Berlin] PHP Warning:  Undefined variable $medicinesSelected in C:\Users\favo05\Documents\Douglas College\Backend Web Dev\Project\inc\Entity\Page.class.php on line 266
[26-Jul-2023 20:49:40 Europe/Berlin] PHP Warning:  Undefined variable $medicinesSelected in C:\Users\favo05\Documents\Douglas College\Backend Web Dev\Project\inc\Entity\Page.class.php on line 266
[26-Jul-2023 20:49:40 Europe/Berlin] PHP Warning:  Undefined variable $medicinesSelected in C:\Users\favo05\Documents\Douglas College\Backend Web Dev\Project\inc\Entity\Page.class.php on line 266
[26-Jul-2023 20:49:40 Europe/Berlin] PHP Warning:  Undefined variable $medicinesSelected in C:\Users\favo05\Documents\Douglas College\Backend Web Dev\Project\inc\Entity\Page.class.php on line 266
[26-Jul-2023 20:49:40 Europe/Berlin] PHP Warning:  Undefined variable $medicinesSelected in C:\Users\favo05\Documents\Douglas College\Backend Web Dev\Project\inc\Entity\Page.class.php on line 266
[26-Jul-2023 20:49:40 Europe/Berlin] PHP Warning:  Undefined variable $medicinesSelected in C:\Users\favo05\Documents\Douglas College\Backend Web Dev\Project\inc\Entity\Page.class.php on line 266
[26-Jul-2023 20:49:40 Europe/Berlin] PHP Warning:  Undefined variable $medicinesSelected in C:\Users\favo05\Documents\Douglas College\Backend Web Dev\Project\inc\Entity\Page.class.php on line 266
[26-Jul-2023 20:49:40 Europe/Berlin] PHP Warning:  Undefined variable $medicinesSelected in C:\Users\favo05\Documents\Douglas College\Backend Web Dev\Project\inc\Entity\Page.class.php on line 266
[26-Jul-2023 20:49:40 Europe/Berlin] PHP Warning:  Undefined variable $medicinesSelected in C:\Users\favo05\Documents\Douglas College\Backend Web Dev\Project\inc\Entity\Page.class.php on line 266
[26-Jul-2023 20:49:40 Europe/Berlin] PHP Warning:  Undefined variable $medicinesSelected in C:\Users\favo05\Documents\Douglas College\Backend Web Dev\Project\inc\Entity\Page.class.php on line 266
[26-Jul-2023 20:49:40 Europe/Berlin] PHP Warning:  Undefined variable $medicinesSelected in C:\Users\favo05\Documents\Douglas College\Backend Web Dev\Project\inc\Entity\Page.class.php on line 266
[26-Jul-2023 20:49:40 Europe/Berlin] PHP Warning:  Undefined variable $medicinesSelected in C:\Users\favo05\Documents\Douglas College\Backend Web Dev\Project\inc\Entity\Page.class.php on line 266
[26-Jul-2023 20:49:40 Europe/Berlin] PHP Warning:  Undefined variable $medicinesSelected in C:\Users\favo05\Documents\Douglas College\Backend Web Dev\Project\inc\Entity\Page.class.php on line 266
[26-Jul-2023 20:49:40 Europe/Berlin] PHP Warning:  Undefined variable $medicinesSelected in C:\Users\favo05\Documents\Douglas College\Backend Web Dev\Project\inc\Entity\Page.class.php on line 266
[26-Jul-2023 20:49:40 Europe/Berlin] PHP Warning:  Undefined variable $medicinesSelected in C:\Users\favo05\Documents\Douglas College\Backend Web Dev\Project\inc\Entity\Page.class.php on line 266
[26-Jul-2023 20:49:40 Europe/Berlin] PHP Warning:  Undefined variable $medicinesSelected in C:\Users\favo05\Documents\Douglas College\Backend Web Dev\Project\inc\Entity\Page.class.php on line 266
[26-Jul-2023 20:49:40 Europe/Berlin] PHP Warning:  Undefined variable $medicinesSelected in C:\Users\favo05\Documents\Douglas College\Backend Web Dev\Project\inc\Entity\Page.class.php on line 266
[26-Jul-2023 20:49:40 Europe/Berlin] PHP Warning:  Undefined variable $medicinesSelected in C:\Users\favo05\Documents\Douglas College\Backend Web Dev\Project\inc\Entity\Page.class.php on line 266
[26-Jul-2023 20:49:40 Europe/Berlin] PHP Warning:  Undefined variable $medicinesSelected in C:\Users\favo05\Documents\Douglas College\Backend Web Dev\Project\inc\Entity\Page.class.php on line 266
[26-Jul-2023 20:49:40 Europe/Berlin] PHP Warning:  Undefined variable $medicinesSelected in C:\Users\favo05\Documents\Douglas College\Backend Web Dev\Project\inc\Entity\Page.class.php on line 266
[26-Jul-2023 20:49:40 Europe/Berlin] PHP Warning:  Undefined variable $medicinesSelected in C:\Users\favo05\Documents\Douglas College\Backend Web Dev\Project\inc\Entity\Page.class.php on line 266
[26-Jul-2023 20:49:40 Europe/Berlin] PHP Warning:  Undefined variable $medicinesSelected in C:\Users\favo05\Documents\Douglas College\Backend Web Dev\Project\inc\Entity\Page.class.php on line 266
[26-Jul-2023 20:49:40 Europe/Berlin] PHP Warning:  Undefined variable $medicinesSelected in C:\Users\favo05\Documents\Douglas College\Backend Web Dev\Project\inc\Entity\Page.class.php on line 266
[26-Jul-2023 20:49:40 Europe/Berlin] PHP Warning:  Undefined variable $medicinesSelected in C:\Users\favo05\Documents\Douglas College\Backend Web Dev\Project\inc\Entity\Page.class.php on line 266
[26-Jul-2023 20:49:40 Europe/Berlin] PHP Warning:  Undefined variable $medicinesSelected in C:\Users\favo05\Documents\Douglas College\Backend Web Dev\Project\inc\Entity\Page.class.php on line 266
[26-Jul-2023 20:49:40 Europe/Berlin] PHP Warning:  Undefined variable $medicinesSelected in C:\Users\favo05\Documents\Douglas College\Backend Web Dev\Project\inc\Entity\Page.class.php on line 266
[26-Jul-2023 20:49:40 Europe/Berlin] PHP Warning:  Undefined variable $medicinesSelected in C:\Users\favo05\Documents\Douglas College\Backend Web Dev\Project\inc\Entity\Page.class.php on line 266
[26-Jul-2023 20:49:40 Europe/Berlin] PHP Warning:  Undefined variable $medicinesSelected in C:\Users\favo05\Documents\Douglas College\Backend Web Dev\Project\inc\Entity\Page.class.php on line 266
[26-Jul-2023 20:49:40 Europe/Berlin] PHP Warning:  Undefined variable $medicinesSelected in C:\Users\favo05\Documents\Douglas College\Backend Web Dev\Project\inc\Entity\Page.class.php on line 266
[26-Jul-2023 20:49:40 Europe/Berlin] PHP Warning:  Undefined variable $medicinesSelected in C:\Users\favo05\Documents\Douglas College\Backend Web Dev\Project\inc\Entity\Page.class.php on line 266
[26-Jul-2023 20:49:40 Europe/Berlin] PHP Warning:  Undefined variable $medicinesSelected in C:\Users\favo05\Documents\Douglas College\Backend Web Dev\Project\inc\Entity\Page.class.php on line 266
[26-Jul-2023 20:49:40 Europe/Berlin] PHP Warning:  Undefined variable $medicinesSelected in C:\Users\favo05\Documents\Douglas College\Backend Web Dev\Project\inc\Entity\Page.class.php on line 266
[26-Jul-2023 20:49:40 Europe/Berlin] PHP Warning:  Undefined variable $medicinesSelected in C:\Users\favo05\Documents\Douglas College\Backend Web Dev\Project\inc\Entity\Page.class.php on line 266
[26-Jul-2023 20:50:14 Europe/Berlin] PHP Fatal error:  Uncaught TypeError: array_push(): Argument #1 ($array) must be of type array, null given in C:\Users\favo05\Documents\Douglas College\Backend Web Dev\Project\ProjectMain.php:77
Stack trace:
#0 C:\Users\favo05\Documents\Douglas College\Backend Web Dev\Project\ProjectMain.php(77): array_push(NULL, Array)
#1 {main}
  thrown in C:\Users\favo05\Documents\Douglas College\Backend Web Dev\Project\ProjectMain.php on line 77
[26-Jul-2023 20:50:33 Europe/Berlin] PHP Fatal error:  Uncaught TypeError: array_push(): Argument #1 ($array) must be of type array, null given in C:\Users\favo05\Documents\Douglas College\Backend Web Dev\Project\ProjectMain.php:77
Stack trace:
#0 C:\Users\favo05\Documents\Douglas College\Backend Web Dev\Project\ProjectMain.php(77): array_push(NULL, Array)
#1 {main}
  thrown in C:\Users\favo05\Documents\Douglas College\Backend Web Dev\Project\ProjectMain.php on line 77
[26-Jul-2023 20:51:49 Europe/Berlin] PHP Fatal error:  Uncaught TypeError: array_push(): Argument #1 ($array) must be of type array, null given in C:\Users\favo05\Documents\Douglas College\Backend Web Dev\Project\ProjectMain.php:79
Stack trace:
#0 C:\Users\favo05\Documents\Douglas College\Backend Web Dev\Project\ProjectMain.php(79): array_push(NULL, Array)
#1 {main}
  thrown in C:\Users\favo05\Documents\Douglas College\Backend Web Dev\Project\ProjectMain.php on line 79
[26-Jul-2023 21:00:55 Europe/Berlin] PHP Fatal error:  Uncaught TypeError: array_push(): Argument #1 ($array) must be of type array, null given in C:\Users\favo05\Documents\Douglas College\Backend Web Dev\Project\ProjectMain.php:79
Stack trace:
#0 C:\Users\favo05\Documents\Douglas College\Backend Web Dev\Project\ProjectMain.php(79): array_push(NULL, Array)
#1 {main}
  thrown in C:\Users\favo05\Documents\Douglas College\Backend Web Dev\Project\ProjectMain.php on line 79
[26-Jul-2023 21:04:51 Europe/Berlin] PHP Warning:  Undefined array key "ActiveDrug" in C:\Users\favo05\Documents\Douglas College\Backend Web Dev\Project\inc\Entity\Page.class.php on line 322
[26-Jul-2023 21:04:51 Europe/Berlin] PHP Warning:  Undefined array key "Concentration" in C:\Users\favo05\Documents\Douglas College\Backend Web Dev\Project\inc\Entity\Page.class.php on line 323
[26-Jul-2023 21:04:51 Europe/Berlin] PHP Warning:  Undefined array key "Presentation" in C:\Users\favo05\Documents\Douglas College\Backend Web Dev\Project\inc\Entity\Page.class.php on line 324
[26-Jul-2023 21:04:51 Europe/Berlin] PHP Warning:  Undefined array key "Size" in C:\Users\favo05\Documents\Douglas College\Backend Web Dev\Project\inc\Entity\Page.class.php on line 325
[26-Jul-2023 21:04:51 Europe/Berlin] PHP Warning:  Undefined array key "Flavor" in C:\Users\favo05\Documents\Douglas College\Backend Web Dev\Project\inc\Entity\Page.class.php on line 326
[26-Jul-2023 21:04:51 Europe/Berlin] PHP Warning:  Undefined array key "Quantity" in C:\Users\favo05\Documents\Douglas College\Backend Web Dev\Project\inc\Entity\Page.class.php on line 327
[26-Jul-2023 21:04:51 Europe/Berlin] PHP Warning:  Undefined array key "TotalPrice" in C:\Users\favo05\Documents\Douglas College\Backend Web Dev\Project\inc\Entity\Page.class.php on line 328
[26-Jul-2023 21:06:52 Europe/Berlin] PHP Warning:  Undefined array key "ActiveDrug" in C:\Users\favo05\Documents\Douglas College\Backend Web Dev\Project\inc\Entity\Page.class.php on line 322
[26-Jul-2023 21:06:52 Europe/Berlin] PHP Warning:  Undefined array key "Concentration" in C:\Users\favo05\Documents\Douglas College\Backend Web Dev\Project\inc\Entity\Page.class.php on line 323
[26-Jul-2023 21:06:52 Europe/Berlin] PHP Warning:  Undefined array key "Presentation" in C:\Users\favo05\Documents\Douglas College\Backend Web Dev\Project\inc\Entity\Page.class.php on line 324
[26-Jul-2023 21:06:52 Europe/Berlin] PHP Warning:  Undefined array key "Size" in C:\Users\favo05\Documents\Douglas College\Backend Web Dev\Project\inc\Entity\Page.class.php on line 325
[26-Jul-2023 21:06:52 Europe/Berlin] PHP Warning:  Undefined array key "Flavor" in C:\Users\favo05\Documents\Douglas College\Backend Web Dev\Project\inc\Entity\Page.class.php on line 326
[26-Jul-2023 21:06:52 Europe/Berlin] PHP Warning:  Undefined array key "Quantity" in C:\Users\favo05\Documents\Douglas College\Backend Web Dev\Project\inc\Entity\Page.class.php on line 327
[26-Jul-2023 21:06:52 Europe/Berlin] PHP Warning:  Undefined array key "TotalPrice" in C:\Users\favo05\Documents\Douglas College\Backend Web Dev\Project\inc\Entity\Page.class.php on line 328
[26-Jul-2023 21:06:55 Europe/Berlin] PHP Warning:  Trying to access array offset on value of type null in C:\Users\favo05\Documents\Douglas College\Backend Web Dev\Project\inc\Entity\Page.class.php on line 322
[26-Jul-2023 21:06:55 Europe/Berlin] PHP Warning:  Trying to access array offset on value of type null in C:\Users\favo05\Documents\Douglas College\Backend Web Dev\Project\inc\Entity\Page.class.php on line 323
[26-Jul-2023 21:06:55 Europe/Berlin] PHP Warning:  Trying to access array offset on value of type null in C:\Users\favo05\Documents\Douglas College\Backend Web Dev\Project\inc\Entity\Page.class.php on line 324
[26-Jul-2023 21:06:55 Europe/Berlin] PHP Warning:  Trying to access array offset on value of type null in C:\Users\favo05\Documents\Douglas College\Backend Web Dev\Project\inc\Entity\Page.class.php on line 325
[26-Jul-2023 21:06:55 Europe/Berlin] PHP Warning:  Trying to access array offset on value of type null in C:\Users\favo05\Documents\Douglas College\Backend Web Dev\Project\inc\Entity\Page.class.php on line 326
[26-Jul-2023 21:06:55 Europe/Berlin] PHP Warning:  Trying to access array offset on value of type null in C:\Users\favo05\Documents\Douglas College\Backend Web Dev\Project\inc\Entity\Page.class.php on line 327
[26-Jul-2023 21:06:55 Europe/Berlin] PHP Warning:  Trying to access array offset on value of type null in C:\Users\favo05\Documents\Douglas College\Backend Web Dev\Project\inc\Entity\Page.class.php on line 328
[26-Jul-2023 21:07:01 Europe/Berlin] PHP Warning:  Trying to access array offset on value of type null in C:\Users\favo05\Documents\Douglas College\Backend Web Dev\Project\inc\Entity\Page.class.php on line 322
[26-Jul-2023 21:07:01 Europe/Berlin] PHP Warning:  Trying to access array offset on value of type null in C:\Users\favo05\Documents\Douglas College\Backend Web Dev\Project\inc\Entity\Page.class.php on line 323
[26-Jul-2023 21:07:01 Europe/Berlin] PHP Warning:  Trying to access array offset on value of type null in C:\Users\favo05\Documents\Douglas College\Backend Web Dev\Project\inc\Entity\Page.class.php on line 324
[26-Jul-2023 21:07:01 Europe/Berlin] PHP Warning:  Trying to access array offset on value of type null in C:\Users\favo05\Documents\Douglas College\Backend Web Dev\Project\inc\Entity\Page.class.php on line 325
[26-Jul-2023 21:07:01 Europe/Berlin] PHP Warning:  Trying to access array offset on value of type null in C:\Users\favo05\Documents\Douglas College\Backend Web Dev\Project\inc\Entity\Page.class.php on line 326
[26-Jul-2023 21:07:01 Europe/Berlin] PHP Warning:  Trying to access array offset on value of type null in C:\Users\favo05\Documents\Douglas College\Backend Web Dev\Project\inc\Entity\Page.class.php on line 327
[26-Jul-2023 21:07:01 Europe/Berlin] PHP Warning:  Trying to access array offset on value of type null in C:\Users\favo05\Documents\Douglas College\Backend Web Dev\Project\inc\Entity\Page.class.php on line 328
[26-Jul-2023 21:08:03 Europe/Berlin] PHP Warning:  Undefined array key "ActiveDrug" in C:\Users\favo05\Documents\Douglas College\Backend Web Dev\Project\inc\Entity\Page.class.php on line 323
[26-Jul-2023 21:08:03 Europe/Berlin] PHP Warning:  Undefined array key "Concentration" in C:\Users\favo05\Documents\Douglas College\Backend Web Dev\Project\inc\Entity\Page.class.php on line 324
[26-Jul-2023 21:08:03 Europe/Berlin] PHP Warning:  Undefined array key "Presentation" in C:\Users\favo05\Documents\Douglas College\Backend Web Dev\Project\inc\Entity\Page.class.php on line 325
[26-Jul-2023 21:08:03 Europe/Berlin] PHP Warning:  Undefined array key "Size" in C:\Users\favo05\Documents\Douglas College\Backend Web Dev\Project\inc\Entity\Page.class.php on line 326
[26-Jul-2023 21:08:03 Europe/Berlin] PHP Warning:  Undefined array key "Flavor" in C:\Users\favo05\Documents\Douglas College\Backend Web Dev\Project\inc\Entity\Page.class.php on line 327
[26-Jul-2023 21:08:03 Europe/Berlin] PHP Warning:  Undefined array key "Quantity" in C:\Users\favo05\Documents\Douglas College\Backend Web Dev\Project\inc\Entity\Page.class.php on line 328
[26-Jul-2023 21:08:03 Europe/Berlin] PHP Warning:  Undefined array key "TotalPrice" in C:\Users\favo05\Documents\Douglas College\Backend Web Dev\Project\inc\Entity\Page.class.php on line 329
[26-Jul-2023 21:08:12 Europe/Berlin] PHP Warning:  Trying to access array offset on value of type null in C:\Users\favo05\Documents\Douglas College\Backend Web Dev\Project\inc\Entity\Page.class.php on line 323
[26-Jul-2023 21:08:12 Europe/Berlin] PHP Warning:  Trying to access array offset on value of type null in C:\Users\favo05\Documents\Douglas College\Backend Web Dev\Project\inc\Entity\Page.class.php on line 324
[26-Jul-2023 21:08:12 Europe/Berlin] PHP Warning:  Trying to access array offset on value of type null in C:\Users\favo05\Documents\Douglas College\Backend Web Dev\Project\inc\Entity\Page.class.php on line 325
[26-Jul-2023 21:08:12 Europe/Berlin] PHP Warning:  Trying to access array offset on value of type null in C:\Users\favo05\Documents\Douglas College\Backend Web Dev\Project\inc\Entity\Page.class.php on line 326
[26-Jul-2023 21:08:12 Europe/Berlin] PHP Warning:  Trying to access array offset on value of type null in C:\Users\favo05\Documents\Douglas College\Backend Web Dev\Project\inc\Entity\Page.class.php on line 327
[26-Jul-2023 21:08:12 Europe/Berlin] PHP Warning:  Trying to access array offset on value of type null in C:\Users\favo05\Documents\Douglas College\Backend Web Dev\Project\inc\Entity\Page.class.php on line 328
[26-Jul-2023 21:08:12 Europe/Berlin] PHP Warning:  Trying to access array offset on value of type null in C:\Users\favo05\Documents\Douglas College\Backend Web Dev\Project\inc\Entity\Page.class.php on line 329
[26-Jul-2023 21:08:17 Europe/Berlin] PHP Warning:  Trying to access array offset on value of type null in C:\Users\favo05\Documents\Douglas College\Backend Web Dev\Project\inc\Entity\Page.class.php on line 323
[26-Jul-2023 21:08:17 Europe/Berlin] PHP Warning:  Trying to access array offset on value of type null in C:\Users\favo05\Documents\Douglas College\Backend Web Dev\Project\inc\Entity\Page.class.php on line 324
[26-Jul-2023 21:08:17 Europe/Berlin] PHP Warning:  Trying to access array offset on value of type null in C:\Users\favo05\Documents\Douglas College\Backend Web Dev\Project\inc\Entity\Page.class.php on line 325
[26-Jul-2023 21:08:17 Europe/Berlin] PHP Warning:  Trying to access array offset on value of type null in C:\Users\favo05\Documents\Douglas College\Backend Web Dev\Project\inc\Entity\Page.class.php on line 326
[26-Jul-2023 21:08:17 Europe/Berlin] PHP Warning:  Trying to access array offset on value of type null in C:\Users\favo05\Documents\Douglas College\Backend Web Dev\Project\inc\Entity\Page.class.php on line 327
[26-Jul-2023 21:08:17 Europe/Berlin] PHP Warning:  Trying to access array offset on value of type null in C:\Users\favo05\Documents\Douglas College\Backend Web Dev\Project\inc\Entity\Page.class.php on line 328
[26-Jul-2023 21:08:17 Europe/Berlin] PHP Warning:  Trying to access array offset on value of type null in C:\Users\favo05\Documents\Douglas College\Backend Web Dev\Project\inc\Entity\Page.class.php on line 329
[26-Jul-2023 21:11:12 Europe/Berlin] PHP Warning:  Undefined array key "preorder" in C:\Users\favo05\Documents\Douglas College\Backend Web Dev\Project\ProjectMain.php on line 65
[26-Jul-2023 21:11:12 Europe/Berlin] PHP Warning:  Trying to access array offset on value of type null in C:\Users\favo05\Documents\Douglas College\Backend Web Dev\Project\inc\Entity\Page.class.php on line 325
[26-Jul-2023 21:11:12 Europe/Berlin] PHP Warning:  Trying to access array offset on value of type null in C:\Users\favo05\Documents\Douglas College\Backend Web Dev\Project\inc\Entity\Page.class.php on line 326
[26-Jul-2023 21:11:12 Europe/Berlin] PHP Warning:  Trying to access array offset on value of type null in C:\Users\favo05\Documents\Douglas College\Backend Web Dev\Project\inc\Entity\Page.class.php on line 327
[26-Jul-2023 21:11:12 Europe/Berlin] PHP Warning:  Trying to access array offset on value of type null in C:\Users\favo05\Documents\Douglas College\Backend Web Dev\Project\inc\Entity\Page.class.php on line 328
[26-Jul-2023 21:11:12 Europe/Berlin] PHP Warning:  Trying to access array offset on value of type null in C:\Users\favo05\Documents\Douglas College\Backend Web Dev\Project\inc\Entity\Page.class.php on line 329
[26-Jul-2023 21:11:12 Europe/Berlin] PHP Warning:  Trying to access array offset on value of type null in C:\Users\favo05\Documents\Douglas College\Backend Web Dev\Project\inc\Entity\Page.class.php on line 330
[26-Jul-2023 21:11:12 Europe/Berlin] PHP Warning:  Trying to access array offset on value of type null in C:\Users\favo05\Documents\Douglas College\Backend Web Dev\Project\inc\Entity\Page.class.php on line 331
[26-Jul-2023 21:11:12 Europe/Berlin] PHP Warning:  Array to string conversion in C:\Users\favo05\Documents\Douglas College\Backend Web Dev\Project\inc\Entity\Page.class.php on line 268
[26-Jul-2023 21:11:12 Europe/Berlin] PHP Warning:  Array to string conversion in C:\Users\favo05\Documents\Douglas College\Backend Web Dev\Project\inc\Entity\Page.class.php on line 268
[26-Jul-2023 21:11:12 Europe/Berlin] PHP Warning:  Array to string conversion in C:\Users\favo05\Documents\Douglas College\Backend Web Dev\Project\inc\Entity\Page.class.php on line 268
[26-Jul-2023 21:11:12 Europe/Berlin] PHP Warning:  Array to string conversion in C:\Users\favo05\Documents\Douglas College\Backend Web Dev\Project\inc\Entity\Page.class.php on line 268
[26-Jul-2023 21:11:12 Europe/Berlin] PHP Warning:  Array to string conversion in C:\Users\favo05\Documents\Douglas College\Backend Web Dev\Project\inc\Entity\Page.class.php on line 268
[26-Jul-2023 21:11:12 Europe/Berlin] PHP Warning:  Array to string conversion in C:\Users\favo05\Documents\Douglas College\Backend Web Dev\Project\inc\Entity\Page.class.php on line 268
[26-Jul-2023 21:11:12 Europe/Berlin] PHP Warning:  Array to string conversion in C:\Users\favo05\Documents\Douglas College\Backend Web Dev\Project\inc\Entity\Page.class.php on line 268
[26-Jul-2023 21:11:12 Europe/Berlin] PHP Warning:  Array to string conversion in C:\Users\favo05\Documents\Douglas College\Backend Web Dev\Project\inc\Entity\Page.class.php on line 268
[26-Jul-2023 21:11:12 Europe/Berlin] PHP Warning:  Array to string conversion in C:\Users\favo05\Documents\Douglas College\Backend Web Dev\Project\inc\Entity\Page.class.php on line 268
[26-Jul-2023 21:11:12 Europe/Berlin] PHP Warning:  Array to string conversion in C:\Users\favo05\Documents\Douglas College\Backend Web Dev\Project\inc\Entity\Page.class.php on line 268
[26-Jul-2023 21:11:12 Europe/Berlin] PHP Warning:  Array to string conversion in C:\Users\favo05\Documents\Douglas College\Backend Web Dev\Project\inc\Entity\Page.class.php on line 268
[26-Jul-2023 21:11:12 Europe/Berlin] PHP Warning:  Array to string conversion in C:\Users\favo05\Documents\Douglas College\Backend Web Dev\Project\inc\Entity\Page.class.php on line 268
[26-Jul-2023 21:11:12 Europe/Berlin] PHP Warning:  Array to string conversion in C:\Users\favo05\Documents\Douglas College\Backend Web Dev\Project\inc\Entity\Page.class.php on line 268
[26-Jul-2023 21:11:12 Europe/Berlin] PHP Warning:  Array to string conversion in C:\Users\favo05\Documents\Douglas College\Backend Web Dev\Project\inc\Entity\Page.class.php on line 268
[26-Jul-2023 21:11:12 Europe/Berlin] PHP Warning:  Array to string conversion in C:\Users\favo05\Documents\Douglas College\Backend Web Dev\Project\inc\Entity\Page.class.php on line 268
[26-Jul-2023 21:11:12 Europe/Berlin] PHP Warning:  Array to string conversion in C:\Users\favo05\Documents\Douglas College\Backend Web Dev\Project\inc\Entity\Page.class.php on line 268
[26-Jul-2023 21:11:12 Europe/Berlin] PHP Warning:  Array to string conversion in C:\Users\favo05\Documents\Douglas College\Backend Web Dev\Project\inc\Entity\Page.class.php on line 268
[26-Jul-2023 21:11:12 Europe/Berlin] PHP Warning:  Array to string conversion in C:\Users\favo05\Documents\Douglas College\Backend Web Dev\Project\inc\Entity\Page.class.php on line 268
[26-Jul-2023 21:11:12 Europe/Berlin] PHP Warning:  Array to string conversion in C:\Users\favo05\Documents\Douglas College\Backend Web Dev\Project\inc\Entity\Page.class.php on line 268
[26-Jul-2023 21:11:12 Europe/Berlin] PHP Warning:  Array to string conversion in C:\Users\favo05\Documents\Douglas College\Backend Web Dev\Project\inc\Entity\Page.class.php on line 268
[26-Jul-2023 21:11:12 Europe/Berlin] PHP Warning:  Array to string conversion in C:\Users\favo05\Documents\Douglas College\Backend Web Dev\Project\inc\Entity\Page.class.php on line 268
[26-Jul-2023 21:11:12 Europe/Berlin] PHP Warning:  Array to string conversion in C:\Users\favo05\Documents\Douglas College\Backend Web Dev\Project\inc\Entity\Page.class.php on line 268
[26-Jul-2023 21:11:12 Europe/Berlin] PHP Warning:  Array to string conversion in C:\Users\favo05\Documents\Douglas College\Backend Web Dev\Project\inc\Entity\Page.class.php on line 268
[26-Jul-2023 21:11:12 Europe/Berlin] PHP Warning:  Array to string conversion in C:\Users\favo05\Documents\Douglas College\Backend Web Dev\Project\inc\Entity\Page.class.php on line 268
[26-Jul-2023 21:11:12 Europe/Berlin] PHP Warning:  Array to string conversion in C:\Users\favo05\Documents\Douglas College\Backend Web Dev\Project\inc\Entity\Page.class.php on line 268
[26-Jul-2023 21:11:12 Europe/Berlin] PHP Warning:  Array to string conversion in C:\Users\favo05\Documents\Douglas College\Backend Web Dev\Project\inc\Entity\Page.class.php on line 268
[26-Jul-2023 21:11:12 Europe/Berlin] PHP Warning:  Array to string conversion in C:\Users\favo05\Documents\Douglas College\Backend Web Dev\Project\inc\Entity\Page.class.php on line 268
[26-Jul-2023 21:11:12 Europe/Berlin] PHP Warning:  Array to string conversion in C:\Users\favo05\Documents\Douglas College\Backend Web Dev\Project\inc\Entity\Page.class.php on line 268
[26-Jul-2023 21:11:12 Europe/Berlin] PHP Warning:  Array to string conversion in C:\Users\favo05\Documents\Douglas College\Backend Web Dev\Project\inc\Entity\Page.class.php on line 268
[26-Jul-2023 21:11:12 Europe/Berlin] PHP Warning:  Array to string conversion in C:\Users\favo05\Documents\Douglas College\Backend Web Dev\Project\inc\Entity\Page.class.php on line 268
[26-Jul-2023 21:11:12 Europe/Berlin] PHP Warning:  Array to string conversion in C:\Users\favo05\Documents\Douglas College\Backend Web Dev\Project\inc\Entity\Page.class.php on line 268
[26-Jul-2023 21:11:12 Europe/Berlin] PHP Warning:  Array to string conversion in C:\Users\favo05\Documents\Douglas College\Backend Web Dev\Project\inc\Entity\Page.class.php on line 268
[26-Jul-2023 21:11:12 Europe/Berlin] PHP Warning:  Array to string conversion in C:\Users\favo05\Documents\Douglas College\Backend Web Dev\Project\inc\Entity\Page.class.php on line 268
[26-Jul-2023 21:11:12 Europe/Berlin] PHP Warning:  Array to string conversion in C:\Users\favo05\Documents\Douglas College\Backend Web Dev\Project\inc\Entity\Page.class.php on line 268
[26-Jul-2023 21:11:12 Europe/Berlin] PHP Warning:  Array to string conversion in C:\Users\favo05\Documents\Douglas College\Backend Web Dev\Project\inc\Entity\Page.class.php on line 268
[26-Jul-2023 21:11:12 Europe/Berlin] PHP Warning:  Array to string conversion in C:\Users\favo05\Documents\Douglas College\Backend Web Dev\Project\inc\Entity\Page.class.php on line 268
[26-Jul-2023 21:11:12 Europe/Berlin] PHP Warning:  Array to string conversion in C:\Users\favo05\Documents\Douglas College\Backend Web Dev\Project\inc\Entity\Page.class.php on line 268
[26-Jul-2023 21:11:12 Europe/Berlin] PHP Warning:  Array to string conversion in C:\Users\favo05\Documents\Douglas College\Backend Web Dev\Project\inc\Entity\Page.class.php on line 268
[26-Jul-2023 21:11:12 Europe/Berlin] PHP Warning:  Array to string conversion in C:\Users\favo05\Documents\Douglas College\Backend Web Dev\Project\inc\Entity\Page.class.php on line 268
[26-Jul-2023 21:11:12 Europe/Berlin] PHP Warning:  Array to string conversion in C:\Users\favo05\Documents\Douglas College\Backend Web Dev\Project\inc\Entity\Page.class.php on line 268
[26-Jul-2023 21:11:12 Europe/Berlin] PHP Warning:  Array to string conversion in C:\Users\favo05\Documents\Douglas College\Backend Web Dev\Project\inc\Entity\Page.class.php on line 268
[26-Jul-2023 21:11:12 Europe/Berlin] PHP Warning:  Array to string conversion in C:\Users\favo05\Documents\Douglas College\Backend Web Dev\Project\inc\Entity\Page.class.php on line 268
[26-Jul-2023 21:11:12 Europe/Berlin] PHP Warning:  Array to string conversion in C:\Users\favo05\Documents\Douglas College\Backend Web Dev\Project\inc\Entity\Page.class.php on line 268
[26-Jul-2023 21:11:12 Europe/Berlin] PHP Warning:  Array to string conversion in C:\Users\favo05\Documents\Douglas College\Backend Web Dev\Project\inc\Entity\Page.class.php on line 268
[26-Jul-2023 21:11:12 Europe/Berlin] PHP Warning:  Array to string conversion in C:\Users\favo05\Documents\Douglas College\Backend Web Dev\Project\inc\Entity\Page.class.php on line 268
[26-Jul-2023 21:11:12 Europe/Berlin] PHP Warning:  Array to string conversion in C:\Users\favo05\Documents\Douglas College\Backend Web Dev\Project\inc\Entity\Page.class.php on line 268
[26-Jul-2023 21:11:12 Europe/Berlin] PHP Warning:  Array to string conversion in C:\Users\favo05\Documents\Douglas College\Backend Web Dev\Project\inc\Entity\Page.class.php on line 268
[26-Jul-2023 21:11:12 Europe/Berlin] PHP Warning:  Array to string conversion in C:\Users\favo05\Documents\Douglas College\Backend Web Dev\Project\inc\Entity\Page.class.php on line 268
[26-Jul-2023 21:11:12 Europe/Berlin] PHP Warning:  Array to string conversion in C:\Users\favo05\Documents\Douglas College\Backend Web Dev\Project\inc\Entity\Page.class.php on line 268
[26-Jul-2023 21:11:12 Europe/Berlin] PHP Warning:  Array to string conversion in C:\Users\favo05\Documents\Douglas College\Backend Web Dev\Project\inc\Entity\Page.class.php on line 268
[26-Jul-2023 21:11:12 Europe/Berlin] PHP Warning:  Array to string conversion in C:\Users\favo05\Documents\Douglas College\Backend Web Dev\Project\inc\Entity\Page.class.php on line 268
[26-Jul-2023 21:11:12 Europe/Berlin] PHP Warning:  Array to string conversion in C:\Users\favo05\Documents\Douglas College\Backend Web Dev\Project\inc\Entity\Page.class.php on line 268
[26-Jul-2023 21:11:12 Europe/Berlin] PHP Warning:  Array to string conversion in C:\Users\favo05\Documents\Douglas College\Backend Web Dev\Project\inc\Entity\Page.class.php on line 268
[26-Jul-2023 21:11:12 Europe/Berlin] PHP Warning:  Array to string conversion in C:\Users\favo05\Documents\Douglas College\Backend Web Dev\Project\inc\Entity\Page.class.php on line 268
[26-Jul-2023 21:11:12 Europe/Berlin] PHP Warning:  Array to string conversion in C:\Users\favo05\Documents\Douglas College\Backend Web Dev\Project\inc\Entity\Page.class.php on line 268
[26-Jul-2023 21:11:12 Europe/Berlin] PHP Warning:  Array to string conversion in C:\Users\favo05\Documents\Douglas College\Backend Web Dev\Project\inc\Entity\Page.class.php on line 268
[26-Jul-2023 21:11:12 Europe/Berlin] PHP Warning:  Array to string conversion in C:\Users\favo05\Documents\Douglas College\Backend Web Dev\Project\inc\Entity\Page.class.php on line 268
[26-Jul-2023 21:11:12 Europe/Berlin] PHP Warning:  Array to string conversion in C:\Users\favo05\Documents\Douglas College\Backend Web Dev\Project\inc\Entity\Page.class.php on line 268
[26-Jul-2023 21:11:12 Europe/Berlin] PHP Warning:  Array to string conversion in C:\Users\favo05\Documents\Douglas College\Backend Web Dev\Project\inc\Entity\Page.class.php on line 268
[26-Jul-2023 21:11:12 Europe/Berlin] PHP Warning:  Array to string conversion in C:\Users\favo05\Documents\Douglas College\Backend Web Dev\Project\inc\Entity\Page.class.php on line 268
[26-Jul-2023 21:11:12 Europe/Berlin] PHP Warning:  Array to string conversion in C:\Users\favo05\Documents\Douglas College\Backend Web Dev\Project\inc\Entity\Page.class.php on line 268
[26-Jul-2023 21:11:12 Europe/Berlin] PHP Warning:  Array to string conversion in C:\Users\favo05\Documents\Douglas College\Backend Web Dev\Project\inc\Entity\Page.class.php on line 268
[26-Jul-2023 21:11:12 Europe/Berlin] PHP Warning:  Array to string conversion in C:\Users\favo05\Documents\Douglas College\Backend Web Dev\Project\inc\Entity\Page.class.php on line 268
[26-Jul-2023 21:11:12 Europe/Berlin] PHP Warning:  Array to string conversion in C:\Users\favo05\Documents\Douglas College\Backend Web Dev\Project\inc\Entity\Page.class.php on line 268
[26-Jul-2023 21:11:12 Europe/Berlin] PHP Warning:  Array to string conversion in C:\Users\favo05\Documents\Douglas College\Backend Web Dev\Project\inc\Entity\Page.class.php on line 268
[26-Jul-2023 21:11:12 Europe/Berlin] PHP Warning:  Array to string conversion in C:\Users\favo05\Documents\Douglas College\Backend Web Dev\Project\inc\Entity\Page.class.php on line 268
[26-Jul-2023 21:11:12 Europe/Berlin] PHP Warning:  Array to string conversion in C:\Users\favo05\Documents\Douglas College\Backend Web Dev\Project\inc\Entity\Page.class.php on line 268
[26-Jul-2023 21:11:12 Europe/Berlin] PHP Warning:  Array to string conversion in C:\Users\favo05\Documents\Douglas College\Backend Web Dev\Project\inc\Entity\Page.class.php on line 268
[26-Jul-2023 21:11:12 Europe/Berlin] PHP Warning:  Array to string conversion in C:\Users\favo05\Documents\Douglas College\Backend Web Dev\Project\inc\Entity\Page.class.php on line 268
[26-Jul-2023 21:11:12 Europe/Berlin] PHP Warning:  Array to string conversion in C:\Users\favo05\Documents\Douglas College\Backend Web Dev\Project\inc\Entity\Page.class.php on line 268
[26-Jul-2023 21:11:12 Europe/Berlin] PHP Warning:  Array to string conversion in C:\Users\favo05\Documents\Douglas College\Backend Web Dev\Project\inc\Entity\Page.class.php on line 268
[26-Jul-2023 21:11:12 Europe/Berlin] PHP Warning:  Array to string conversion in C:\Users\favo05\Documents\Douglas College\Backend Web Dev\Project\inc\Entity\Page.class.php on line 268
[26-Jul-2023 21:11:12 Europe/Berlin] PHP Warning:  Array to string conversion in C:\Users\favo05\Documents\Douglas College\Backend Web Dev\Project\inc\Entity\Page.class.php on line 268
[26-Jul-2023 21:11:12 Europe/Berlin] PHP Warning:  Array to string conversion in C:\Users\favo05\Documents\Douglas College\Backend Web Dev\Project\inc\Entity\Page.class.php on line 268
[26-Jul-2023 21:11:12 Europe/Berlin] PHP Warning:  Array to string conversion in C:\Users\favo05\Documents\Douglas College\Backend Web Dev\Project\inc\Entity\Page.class.php on line 268
[26-Jul-2023 21:11:12 Europe/Berlin] PHP Warning:  Array to string conversion in C:\Users\favo05\Documents\Douglas College\Backend Web Dev\Project\inc\Entity\Page.class.php on line 268
[26-Jul-2023 21:11:12 Europe/Berlin] PHP Warning:  Array to string conversion in C:\Users\favo05\Documents\Douglas College\Backend Web Dev\Project\inc\Entity\Page.class.php on line 268
[26-Jul-2023 21:11:12 Europe/Berlin] PHP Warning:  Array to string conversion in C:\Users\favo05\Documents\Douglas College\Backend Web Dev\Project\inc\Entity\Page.class.php on line 268
[26-Jul-2023 21:11:12 Europe/Berlin] PHP Warning:  Array to string conversion in C:\Users\favo05\Documents\Douglas College\Backend Web Dev\Project\inc\Entity\Page.class.php on line 268
[26-Jul-2023 21:11:12 Europe/Berlin] PHP Warning:  Array to string conversion in C:\Users\favo05\Documents\Douglas College\Backend Web Dev\Project\inc\Entity\Page.class.php on line 268
[26-Jul-2023 21:11:12 Europe/Berlin] PHP Warning:  Array to string conversion in C:\Users\favo05\Documents\Douglas College\Backend Web Dev\Project\inc\Entity\Page.class.php on line 268
[26-Jul-2023 21:11:12 Europe/Berlin] PHP Warning:  Array to string conversion in C:\Users\favo05\Documents\Douglas College\Backend Web Dev\Project\inc\Entity\Page.class.php on line 268
[26-Jul-2023 21:11:12 Europe/Berlin] PHP Warning:  Array to string conversion in C:\Users\favo05\Documents\Douglas College\Backend Web Dev\Project\inc\Entity\Page.class.php on line 268
[26-Jul-2023 21:11:12 Europe/Berlin] PHP Warning:  Array to string conversion in C:\Users\favo05\Documents\Douglas College\Backend Web Dev\Project\inc\Entity\Page.class.php on line 268
[26-Jul-2023 21:11:12 Europe/Berlin] PHP Warning:  Array to string conversion in C:\Users\favo05\Documents\Douglas College\Backend Web Dev\Project\inc\Entity\Page.class.php on line 268
[26-Jul-2023 21:11:12 Europe/Berlin] PHP Warning:  Array to string conversion in C:\Users\favo05\Documents\Douglas College\Backend Web Dev\Project\inc\Entity\Page.class.php on line 268
[26-Jul-2023 21:12:19 Europe/Berlin] PHP Warning:  Array to string conversion in C:\Users\favo05\Documents\Douglas College\Backend Web Dev\Project\inc\Entity\Page.class.php on line 268
[26-Jul-2023 21:12:19 Europe/Berlin] PHP Warning:  Array to string conversion in C:\Users\favo05\Documents\Douglas College\Backend Web Dev\Project\inc\Entity\Page.class.php on line 268
[26-Jul-2023 21:12:19 Europe/Berlin] PHP Warning:  Array to string conversion in C:\Users\favo05\Documents\Douglas College\Backend Web Dev\Project\inc\Entity\Page.class.php on line 268
[26-Jul-2023 21:12:19 Europe/Berlin] PHP Warning:  Array to string conversion in C:\Users\favo05\Documents\Douglas College\Backend Web Dev\Project\inc\Entity\Page.class.php on line 268
[26-Jul-2023 21:12:19 Europe/Berlin] PHP Warning:  Array to string conversion in C:\Users\favo05\Documents\Douglas College\Backend Web Dev\Project\inc\Entity\Page.class.php on line 268
[26-Jul-2023 21:12:19 Europe/Berlin] PHP Warning:  Array to string conversion in C:\Users\favo05\Documents\Douglas College\Backend Web Dev\Project\inc\Entity\Page.class.php on line 268
[26-Jul-2023 21:12:19 Europe/Berlin] PHP Warning:  Array to string conversion in C:\Users\favo05\Documents\Douglas College\Backend Web Dev\Project\inc\Entity\Page.class.php on line 268
[26-Jul-2023 21:12:19 Europe/Berlin] PHP Warning:  Array to string conversion in C:\Users\favo05\Documents\Douglas College\Backend Web Dev\Project\inc\Entity\Page.class.php on line 268
[26-Jul-2023 21:12:19 Europe/Berlin] PHP Warning:  Array to string conversion in C:\Users\favo05\Documents\Douglas College\Backend Web Dev\Project\inc\Entity\Page.class.php on line 268
[26-Jul-2023 21:12:19 Europe/Berlin] PHP Warning:  Array to string conversion in C:\Users\favo05\Documents\Douglas College\Backend Web Dev\Project\inc\Entity\Page.class.php on line 268
[26-Jul-2023 21:12:19 Europe/Berlin] PHP Warning:  Array to string conversion in C:\Users\favo05\Documents\Douglas College\Backend Web Dev\Project\inc\Entity\Page.class.php on line 268
[26-Jul-2023 21:12:19 Europe/Berlin] PHP Warning:  Array to string conversion in C:\Users\favo05\Documents\Douglas College\Backend Web Dev\Project\inc\Entity\Page.class.php on line 268
[26-Jul-2023 21:12:19 Europe/Berlin] PHP Warning:  Array to string conversion in C:\Users\favo05\Documents\Douglas College\Backend Web Dev\Project\inc\Entity\Page.class.php on line 268
[26-Jul-2023 21:12:19 Europe/Berlin] PHP Warning:  Array to string conversion in C:\Users\favo05\Documents\Douglas College\Backend Web Dev\Project\inc\Entity\Page.class.php on line 268
[26-Jul-2023 21:12:19 Europe/Berlin] PHP Warning:  Array to string conversion in C:\Users\favo05\Documents\Douglas College\Backend Web Dev\Project\inc\Entity\Page.class.php on line 268
[26-Jul-2023 21:12:19 Europe/Berlin] PHP Warning:  Array to string conversion in C:\Users\favo05\Documents\Douglas College\Backend Web Dev\Project\inc\Entity\Page.class.php on line 268
[26-Jul-2023 21:12:19 Europe/Berlin] PHP Warning:  Array to string conversion in C:\Users\favo05\Documents\Douglas College\Backend Web Dev\Project\inc\Entity\Page.class.php on line 268
[26-Jul-2023 21:12:19 Europe/Berlin] PHP Warning:  Array to string conversion in C:\Users\favo05\Documents\Douglas College\Backend Web Dev\Project\inc\Entity\Page.class.php on line 268
[26-Jul-2023 21:12:19 Europe/Berlin] PHP Warning:  Array to string conversion in C:\Users\favo05\Documents\Douglas College\Backend Web Dev\Project\inc\Entity\Page.class.php on line 268
[26-Jul-2023 21:12:19 Europe/Berlin] PHP Warning:  Array to string conversion in C:\Users\favo05\Documents\Douglas College\Backend Web Dev\Project\inc\Entity\Page.class.php on line 268
[26-Jul-2023 21:12:19 Europe/Berlin] PHP Warning:  Array to string conversion in C:\Users\favo05\Documents\Douglas College\Backend Web Dev\Project\inc\Entity\Page.class.php on line 268
[26-Jul-2023 21:12:19 Europe/Berlin] PHP Warning:  Array to string conversion in C:\Users\favo05\Documents\Douglas College\Backend Web Dev\Project\inc\Entity\Page.class.php on line 268
[26-Jul-2023 21:12:19 Europe/Berlin] PHP Warning:  Array to string conversion in C:\Users\favo05\Documents\Douglas College\Backend Web Dev\Project\inc\Entity\Page.class.php on line 268
[26-Jul-2023 21:12:19 Europe/Berlin] PHP Warning:  Array to string conversion in C:\Users\favo05\Documents\Douglas College\Backend Web Dev\Project\inc\Entity\Page.class.php on line 268
[26-Jul-2023 21:12:19 Europe/Berlin] PHP Warning:  Array to string conversion in C:\Users\favo05\Documents\Douglas College\Backend Web Dev\Project\inc\Entity\Page.class.php on line 268
[26-Jul-2023 21:12:19 Europe/Berlin] PHP Warning:  Array to string conversion in C:\Users\favo05\Documents\Douglas College\Backend Web Dev\Project\inc\Entity\Page.class.php on line 268
[26-Jul-2023 21:12:19 Europe/Berlin] PHP Warning:  Array to string conversion in C:\Users\favo05\Documents\Douglas College\Backend Web Dev\Project\inc\Entity\Page.class.php on line 268
[26-Jul-2023 21:12:19 Europe/Berlin] PHP Warning:  Array to string conversion in C:\Users\favo05\Documents\Douglas College\Backend Web Dev\Project\inc\Entity\Page.class.php on line 268
[26-Jul-2023 21:12:19 Europe/Berlin] PHP Warning:  Array to string conversion in C:\Users\favo05\Documents\Douglas College\Backend Web Dev\Project\inc\Entity\Page.class.php on line 268
[26-Jul-2023 21:12:19 Europe/Berlin] PHP Warning:  Array to string conversion in C:\Users\favo05\Documents\Douglas College\Backend Web Dev\Project\inc\Entity\Page.class.php on line 268
[26-Jul-2023 21:12:19 Europe/Berlin] PHP Warning:  Array to string conversion in C:\Users\favo05\Documents\Douglas College\Backend Web Dev\Project\inc\Entity\Page.class.php on line 268
[26-Jul-2023 21:12:19 Europe/Berlin] PHP Warning:  Array to string conversion in C:\Users\favo05\Documents\Douglas College\Backend Web Dev\Project\inc\Entity\Page.class.php on line 268
[26-Jul-2023 21:12:19 Europe/Berlin] PHP Warning:  Array to string conversion in C:\Users\favo05\Documents\Douglas College\Backend Web Dev\Project\inc\Entity\Page.class.php on line 268
[26-Jul-2023 21:12:19 Europe/Berlin] PHP Warning:  Array to string conversion in C:\Users\favo05\Documents\Douglas College\Backend Web Dev\Project\inc\Entity\Page.class.php on line 268
[26-Jul-2023 21:12:19 Europe/Berlin] PHP Warning:  Array to string conversion in C:\Users\favo05\Documents\Douglas College\Backend Web Dev\Project\inc\Entity\Page.class.php on line 268
[26-Jul-2023 21:12:19 Europe/Berlin] PHP Warning:  Array to string conversion in C:\Users\favo05\Documents\Douglas College\Backend Web Dev\Project\inc\Entity\Page.class.php on line 268
[26-Jul-2023 21:12:19 Europe/Berlin] PHP Warning:  Array to string conversion in C:\Users\favo05\Documents\Douglas College\Backend Web Dev\Project\inc\Entity\Page.class.php on line 268
[26-Jul-2023 21:12:19 Europe/Berlin] PHP Warning:  Array to string conversion in C:\Users\favo05\Documents\Douglas College\Backend Web Dev\Project\inc\Entity\Page.class.php on line 268
[26-Jul-2023 21:12:19 Europe/Berlin] PHP Warning:  Array to string conversion in C:\Users\favo05\Documents\Douglas College\Backend Web Dev\Project\inc\Entity\Page.class.php on line 268
[26-Jul-2023 21:12:19 Europe/Berlin] PHP Warning:  Array to string conversion in C:\Users\favo05\Documents\Douglas College\Backend Web Dev\Project\inc\Entity\Page.class.php on line 268
[26-Jul-2023 21:12:19 Europe/Berlin] PHP Warning:  Array to string conversion in C:\Users\favo05\Documents\Douglas College\Backend Web Dev\Project\inc\Entity\Page.class.php on line 268
[26-Jul-2023 21:12:19 Europe/Berlin] PHP Warning:  Array to string conversion in C:\Users\favo05\Documents\Douglas College\Backend Web Dev\Project\inc\Entity\Page.class.php on line 268
[26-Jul-2023 21:12:19 Europe/Berlin] PHP Warning:  Array to string conversion in C:\Users\favo05\Documents\Douglas College\Backend Web Dev\Project\inc\Entity\Page.class.php on line 268
[26-Jul-2023 21:12:19 Europe/Berlin] PHP Warning:  Array to string conversion in C:\Users\favo05\Documents\Douglas College\Backend Web Dev\Project\inc\Entity\Page.class.php on line 268
[26-Jul-2023 21:12:19 Europe/Berlin] PHP Warning:  Array to string conversion in C:\Users\favo05\Documents\Douglas College\Backend Web Dev\Project\inc\Entity\Page.class.php on line 268
[26-Jul-2023 21:12:19 Europe/Berlin] PHP Warning:  Array to string conversion in C:\Users\favo05\Documents\Douglas College\Backend Web Dev\Project\inc\Entity\Page.class.php on line 268
[26-Jul-2023 21:12:19 Europe/Berlin] PHP Warning:  Array to string conversion in C:\Users\favo05\Documents\Douglas College\Backend Web Dev\Project\inc\Entity\Page.class.php on line 268
[26-Jul-2023 21:12:19 Europe/Berlin] PHP Warning:  Array to string conversion in C:\Users\favo05\Documents\Douglas College\Backend Web Dev\Project\inc\Entity\Page.class.php on line 268
[26-Jul-2023 21:12:19 Europe/Berlin] PHP Warning:  Array to string conversion in C:\Users\favo05\Documents\Douglas College\Backend Web Dev\Project\inc\Entity\Page.class.php on line 268
[26-Jul-2023 21:12:19 Europe/Berlin] PHP Warning:  Array to string conversion in C:\Users\favo05\Documents\Douglas College\Backend Web Dev\Project\inc\Entity\Page.class.php on line 268
[26-Jul-2023 21:12:19 Europe/Berlin] PHP Warning:  Array to string conversion in C:\Users\favo05\Documents\Douglas College\Backend Web Dev\Project\inc\Entity\Page.class.php on line 268
[26-Jul-2023 21:12:19 Europe/Berlin] PHP Warning:  Array to string conversion in C:\Users\favo05\Documents\Douglas College\Backend Web Dev\Project\inc\Entity\Page.class.php on line 268
[26-Jul-2023 21:12:19 Europe/Berlin] PHP Warning:  Array to string conversion in C:\Users\favo05\Documents\Douglas College\Backend Web Dev\Project\inc\Entity\Page.class.php on line 268
[26-Jul-2023 21:12:19 Europe/Berlin] PHP Warning:  Array to string conversion in C:\Users\favo05\Documents\Douglas College\Backend Web Dev\Project\inc\Entity\Page.class.php on line 268
[26-Jul-2023 21:12:19 Europe/Berlin] PHP Warning:  Array to string conversion in C:\Users\favo05\Documents\Douglas College\Backend Web Dev\Project\inc\Entity\Page.class.php on line 268
[26-Jul-2023 21:12:19 Europe/Berlin] PHP Warning:  Array to string conversion in C:\Users\favo05\Documents\Douglas College\Backend Web Dev\Project\inc\Entity\Page.class.php on line 268
[26-Jul-2023 21:12:19 Europe/Berlin] PHP Warning:  Array to string conversion in C:\Users\favo05\Documents\Douglas College\Backend Web Dev\Project\inc\Entity\Page.class.php on line 268
[26-Jul-2023 21:12:19 Europe/Berlin] PHP Warning:  Array to string conversion in C:\Users\favo05\Documents\Douglas College\Backend Web Dev\Project\inc\Entity\Page.class.php on line 268
[26-Jul-2023 21:12:19 Europe/Berlin] PHP Warning:  Array to string conversion in C:\Users\favo05\Documents\Douglas College\Backend Web Dev\Project\inc\Entity\Page.class.php on line 268
[26-Jul-2023 21:12:19 Europe/Berlin] PHP Warning:  Array to string conversion in C:\Users\favo05\Documents\Douglas College\Backend Web Dev\Project\inc\Entity\Page.class.php on line 268
[26-Jul-2023 21:12:19 Europe/Berlin] PHP Warning:  Array to string conversion in C:\Users\favo05\Documents\Douglas College\Backend Web Dev\Project\inc\Entity\Page.class.php on line 268
[26-Jul-2023 21:12:19 Europe/Berlin] PHP Warning:  Array to string conversion in C:\Users\favo05\Documents\Douglas College\Backend Web Dev\Project\inc\Entity\Page.class.php on line 268
[26-Jul-2023 21:12:19 Europe/Berlin] PHP Warning:  Array to string conversion in C:\Users\favo05\Documents\Douglas College\Backend Web Dev\Project\inc\Entity\Page.class.php on line 268
[26-Jul-2023 21:12:19 Europe/Berlin] PHP Warning:  Array to string conversion in C:\Users\favo05\Documents\Douglas College\Backend Web Dev\Project\inc\Entity\Page.class.php on line 268
[26-Jul-2023 21:12:19 Europe/Berlin] PHP Warning:  Array to string conversion in C:\Users\favo05\Documents\Douglas College\Backend Web Dev\Project\inc\Entity\Page.class.php on line 268
[26-Jul-2023 21:12:19 Europe/Berlin] PHP Warning:  Array to string conversion in C:\Users\favo05\Documents\Douglas College\Backend Web Dev\Project\inc\Entity\Page.class.php on line 268
[26-Jul-2023 21:12:19 Europe/Berlin] PHP Warning:  Array to string conversion in C:\Users\favo05\Documents\Douglas College\Backend Web Dev\Project\inc\Entity\Page.class.php on line 268
[26-Jul-2023 21:12:19 Europe/Berlin] PHP Warning:  Array to string conversion in C:\Users\favo05\Documents\Douglas College\Backend Web Dev\Project\inc\Entity\Page.class.php on line 268
[26-Jul-2023 21:12:19 Europe/Berlin] PHP Warning:  Array to string conversion in C:\Users\favo05\Documents\Douglas College\Backend Web Dev\Project\inc\Entity\Page.class.php on line 268
[26-Jul-2023 21:12:19 Europe/Berlin] PHP Warning:  Array to string conversion in C:\Users\favo05\Documents\Douglas College\Backend Web Dev\Project\inc\Entity\Page.class.php on line 268
[26-Jul-2023 21:12:19 Europe/Berlin] PHP Warning:  Array to string conversion in C:\Users\favo05\Documents\Douglas College\Backend Web Dev\Project\inc\Entity\Page.class.php on line 268
[26-Jul-2023 21:12:19 Europe/Berlin] PHP Warning:  Array to string conversion in C:\Users\favo05\Documents\Douglas College\Backend Web Dev\Project\inc\Entity\Page.class.php on line 268
[26-Jul-2023 21:12:19 Europe/Berlin] PHP Warning:  Array to string conversion in C:\Users\favo05\Documents\Douglas College\Backend Web Dev\Project\inc\Entity\Page.class.php on line 268
[26-Jul-2023 21:12:19 Europe/Berlin] PHP Warning:  Array to string conversion in C:\Users\favo05\Documents\Douglas College\Backend Web Dev\Project\inc\Entity\Page.class.php on line 268
[26-Jul-2023 21:12:19 Europe/Berlin] PHP Warning:  Array to string conversion in C:\Users\favo05\Documents\Douglas College\Backend Web Dev\Project\inc\Entity\Page.class.php on line 268
[26-Jul-2023 21:12:19 Europe/Berlin] PHP Warning:  Array to string conversion in C:\Users\favo05\Documents\Douglas College\Backend Web Dev\Project\inc\Entity\Page.class.php on line 268
[26-Jul-2023 21:12:19 Europe/Berlin] PHP Warning:  Array to string conversion in C:\Users\favo05\Documents\Douglas College\Backend Web Dev\Project\inc\Entity\Page.class.php on line 268
[26-Jul-2023 21:12:19 Europe/Berlin] PHP Warning:  Array to string conversion in C:\Users\favo05\Documents\Douglas College\Backend Web Dev\Project\inc\Entity\Page.class.php on line 268
[26-Jul-2023 21:12:19 Europe/Berlin] PHP Warning:  Array to string conversion in C:\Users\favo05\Documents\Douglas College\Backend Web Dev\Project\inc\Entity\Page.class.php on line 268
[26-Jul-2023 21:12:19 Europe/Berlin] PHP Warning:  Array to string conversion in C:\Users\favo05\Documents\Douglas College\Backend Web Dev\Project\inc\Entity\Page.class.php on line 268
[26-Jul-2023 21:12:19 Europe/Berlin] PHP Warning:  Array to string conversion in C:\Users\favo05\Documents\Douglas College\Backend Web Dev\Project\inc\Entity\Page.class.php on line 268
[26-Jul-2023 21:12:19 Europe/Berlin] PHP Warning:  Array to string conversion in C:\Users\favo05\Documents\Douglas College\Backend Web Dev\Project\inc\Entity\Page.class.php on line 268
[26-Jul-2023 21:12:19 Europe/Berlin] PHP Warning:  Array to string conversion in C:\Users\favo05\Documents\Douglas College\Backend Web Dev\Project\inc\Entity\Page.class.php on line 268
[26-Jul-2023 21:12:19 Europe/Berlin] PHP Warning:  Array to string conversion in C:\Users\favo05\Documents\Douglas College\Backend Web Dev\Project\inc\Entity\Page.class.php on line 268
[26-Jul-2023 21:12:19 Europe/Berlin] PHP Warning:  Array to string conversion in C:\Users\favo05\Documents\Douglas College\Backend Web Dev\Project\inc\Entity\Page.class.php on line 268
[26-Jul-2023 21:12:19 Europe/Berlin] PHP Warning:  Array to string conversion in C:\Users\favo05\Documents\Douglas College\Backend Web Dev\Project\inc\Entity\Page.class.php on line 268
[26-Jul-2023 21:12:26 Europe/Berlin] PHP Fatal error:  Uncaught TypeError: Cannot access offset of type string on string in C:\Users\favo05\Documents\Douglas College\Backend Web Dev\Project\inc\Entity\Page.class.php:325
Stack trace:
#0 C:\Users\favo05\Documents\Douglas College\Backend Web Dev\Project\ProjectMain.php(81): Page::orderConfirmation(Array)
#1 {main}
  thrown in C:\Users\favo05\Documents\Douglas College\Backend Web Dev\Project\inc\Entity\Page.class.php on line 325
[26-Jul-2023 21:14:31 Europe/Berlin] PHP Warning:  Array to string conversion in C:\Users\favo05\Documents\Douglas College\Backend Web Dev\Project\inc\Entity\Page.class.php on line 267
[26-Jul-2023 21:14:31 Europe/Berlin] PHP Warning:  Array to string conversion in C:\Users\favo05\Documents\Douglas College\Backend Web Dev\Project\inc\Entity\Page.class.php on line 267
[26-Jul-2023 21:14:31 Europe/Berlin] PHP Warning:  Array to string conversion in C:\Users\favo05\Documents\Douglas College\Backend Web Dev\Project\inc\Entity\Page.class.php on line 267
[26-Jul-2023 21:14:31 Europe/Berlin] PHP Warning:  Array to string conversion in C:\Users\favo05\Documents\Douglas College\Backend Web Dev\Project\inc\Entity\Page.class.php on line 267
[26-Jul-2023 21:14:31 Europe/Berlin] PHP Warning:  Array to string conversion in C:\Users\favo05\Documents\Douglas College\Backend Web Dev\Project\inc\Entity\Page.class.php on line 267
[26-Jul-2023 21:14:31 Europe/Berlin] PHP Warning:  Array to string conversion in C:\Users\favo05\Documents\Douglas College\Backend Web Dev\Project\inc\Entity\Page.class.php on line 267
[26-Jul-2023 21:14:31 Europe/Berlin] PHP Warning:  Array to string conversion in C:\Users\favo05\Documents\Douglas College\Backend Web Dev\Project\inc\Entity\Page.class.php on line 267
[26-Jul-2023 21:14:31 Europe/Berlin] PHP Warning:  Array to string conversion in C:\Users\favo05\Documents\Douglas College\Backend Web Dev\Project\inc\Entity\Page.class.php on line 267
[26-Jul-2023 21:14:31 Europe/Berlin] PHP Warning:  Array to string conversion in C:\Users\favo05\Documents\Douglas College\Backend Web Dev\Project\inc\Entity\Page.class.php on line 267
[26-Jul-2023 21:14:31 Europe/Berlin] PHP Warning:  Array to string conversion in C:\Users\favo05\Documents\Douglas College\Backend Web Dev\Project\inc\Entity\Page.class.php on line 267
[26-Jul-2023 21:14:31 Europe/Berlin] PHP Warning:  Array to string conversion in C:\Users\favo05\Documents\Douglas College\Backend Web Dev\Project\inc\Entity\Page.class.php on line 267
[26-Jul-2023 21:14:31 Europe/Berlin] PHP Warning:  Array to string conversion in C:\Users\favo05\Documents\Douglas College\Backend Web Dev\Project\inc\Entity\Page.class.php on line 267
[26-Jul-2023 21:14:31 Europe/Berlin] PHP Warning:  Array to string conversion in C:\Users\favo05\Documents\Douglas College\Backend Web Dev\Project\inc\Entity\Page.class.php on line 267
[26-Jul-2023 21:14:31 Europe/Berlin] PHP Warning:  Array to string conversion in C:\Users\favo05\Documents\Douglas College\Backend Web Dev\Project\inc\Entity\Page.class.php on line 267
[26-Jul-2023 21:14:31 Europe/Berlin] PHP Warning:  Array to string conversion in C:\Users\favo05\Documents\Douglas College\Backend Web Dev\Project\inc\Entity\Page.class.php on line 267
[26-Jul-2023 21:14:31 Europe/Berlin] PHP Warning:  Array to string conversion in C:\Users\favo05\Documents\Douglas College\Backend Web Dev\Project\inc\Entity\Page.class.php on line 267
[26-Jul-2023 21:14:31 Europe/Berlin] PHP Warning:  Array to string conversion in C:\Users\favo05\Documents\Douglas College\Backend Web Dev\Project\inc\Entity\Page.class.php on line 267
[26-Jul-2023 21:14:31 Europe/Berlin] PHP Warning:  Array to string conversion in C:\Users\favo05\Documents\Douglas College\Backend Web Dev\Project\inc\Entity\Page.class.php on line 267
[26-Jul-2023 21:14:31 Europe/Berlin] PHP Warning:  Array to string conversion in C:\Users\favo05\Documents\Douglas College\Backend Web Dev\Project\inc\Entity\Page.class.php on line 267
[26-Jul-2023 21:14:31 Europe/Berlin] PHP Warning:  Array to string conversion in C:\Users\favo05\Documents\Douglas College\Backend Web Dev\Project\inc\Entity\Page.class.php on line 267
[26-Jul-2023 21:14:31 Europe/Berlin] PHP Warning:  Array to string conversion in C:\Users\favo05\Documents\Douglas College\Backend Web Dev\Project\inc\Entity\Page.class.php on line 267
[26-Jul-2023 21:14:31 Europe/Berlin] PHP Warning:  Array to string conversion in C:\Users\favo05\Documents\Douglas College\Backend Web Dev\Project\inc\Entity\Page.class.php on line 267
[26-Jul-2023 21:14:31 Europe/Berlin] PHP Warning:  Array to string conversion in C:\Users\favo05\Documents\Douglas College\Backend Web Dev\Project\inc\Entity\Page.class.php on line 267
[26-Jul-2023 21:14:31 Europe/Berlin] PHP Warning:  Array to string conversion in C:\Users\favo05\Documents\Douglas College\Backend Web Dev\Project\inc\Entity\Page.class.php on line 267
[26-Jul-2023 21:14:31 Europe/Berlin] PHP Warning:  Array to string conversion in C:\Users\favo05\Documents\Douglas College\Backend Web Dev\Project\inc\Entity\Page.class.php on line 267
[26-Jul-2023 21:14:31 Europe/Berlin] PHP Warning:  Array to string conversion in C:\Users\favo05\Documents\Douglas College\Backend Web Dev\Project\inc\Entity\Page.class.php on line 267
[26-Jul-2023 21:14:31 Europe/Berlin] PHP Warning:  Array to string conversion in C:\Users\favo05\Documents\Douglas College\Backend Web Dev\Project\inc\Entity\Page.class.php on line 267
[26-Jul-2023 21:14:31 Europe/Berlin] PHP Warning:  Array to string conversion in C:\Users\favo05\Documents\Douglas College\Backend Web Dev\Project\inc\Entity\Page.class.php on line 267
[26-Jul-2023 21:14:31 Europe/Berlin] PHP Warning:  Array to string conversion in C:\Users\favo05\Documents\Douglas College\Backend Web Dev\Project\inc\Entity\Page.class.php on line 267
[26-Jul-2023 21:14:31 Europe/Berlin] PHP Warning:  Array to string conversion in C:\Users\favo05\Documents\Douglas College\Backend Web Dev\Project\inc\Entity\Page.class.php on line 267
[26-Jul-2023 21:14:31 Europe/Berlin] PHP Warning:  Array to string conversion in C:\Users\favo05\Documents\Douglas College\Backend Web Dev\Project\inc\Entity\Page.class.php on line 267
[26-Jul-2023 21:14:31 Europe/Berlin] PHP Warning:  Array to string conversion in C:\Users\favo05\Documents\Douglas College\Backend Web Dev\Project\inc\Entity\Page.class.php on line 267
[26-Jul-2023 21:14:31 Europe/Berlin] PHP Warning:  Array to string conversion in C:\Users\favo05\Documents\Douglas College\Backend Web Dev\Project\inc\Entity\Page.class.php on line 267
[26-Jul-2023 21:14:31 Europe/Berlin] PHP Warning:  Array to string conversion in C:\Users\favo05\Documents\Douglas College\Backend Web Dev\Project\inc\Entity\Page.class.php on line 267
[26-Jul-2023 21:14:31 Europe/Berlin] PHP Warning:  Array to string conversion in C:\Users\favo05\Documents\Douglas College\Backend Web Dev\Project\inc\Entity\Page.class.php on line 267
[26-Jul-2023 21:14:31 Europe/Berlin] PHP Warning:  Array to string conversion in C:\Users\favo05\Documents\Douglas College\Backend Web Dev\Project\inc\Entity\Page.class.php on line 267
[26-Jul-2023 21:14:31 Europe/Berlin] PHP Warning:  Array to string conversion in C:\Users\favo05\Documents\Douglas College\Backend Web Dev\Project\inc\Entity\Page.class.php on line 267
[26-Jul-2023 21:14:31 Europe/Berlin] PHP Warning:  Array to string conversion in C:\Users\favo05\Documents\Douglas College\Backend Web Dev\Project\inc\Entity\Page.class.php on line 267
[26-Jul-2023 21:14:31 Europe/Berlin] PHP Warning:  Array to string conversion in C:\Users\favo05\Documents\Douglas College\Backend Web Dev\Project\inc\Entity\Page.class.php on line 267
[26-Jul-2023 21:14:31 Europe/Berlin] PHP Warning:  Array to string conversion in C:\Users\favo05\Documents\Douglas College\Backend Web Dev\Project\inc\Entity\Page.class.php on line 267
[26-Jul-2023 21:14:31 Europe/Berlin] PHP Warning:  Array to string conversion in C:\Users\favo05\Documents\Douglas College\Backend Web Dev\Project\inc\Entity\Page.class.php on line 267
[26-Jul-2023 21:14:31 Europe/Berlin] PHP Warning:  Array to string conversion in C:\Users\favo05\Documents\Douglas College\Backend Web Dev\Project\inc\Entity\Page.class.php on line 267
[26-Jul-2023 21:14:31 Europe/Berlin] PHP Warning:  Array to string conversion in C:\Users\favo05\Documents\Douglas College\Backend Web Dev\Project\inc\Entity\Page.class.php on line 267
[26-Jul-2023 21:14:31 Europe/Berlin] PHP Warning:  Array to string conversion in C:\Users\favo05\Documents\Douglas College\Backend Web Dev\Project\inc\Entity\Page.class.php on line 267
[26-Jul-2023 21:14:31 Europe/Berlin] PHP Warning:  Array to string conversion in C:\Users\favo05\Documents\Douglas College\Backend Web Dev\Project\inc\Entity\Page.class.php on line 267
[26-Jul-2023 21:14:31 Europe/Berlin] PHP Warning:  Array to string conversion in C:\Users\favo05\Documents\Douglas College\Backend Web Dev\Project\inc\Entity\Page.class.php on line 267
[26-Jul-2023 21:14:31 Europe/Berlin] PHP Warning:  Array to string conversion in C:\Users\favo05\Documents\Douglas College\Backend Web Dev\Project\inc\Entity\Page.class.php on line 267
[26-Jul-2023 21:14:31 Europe/Berlin] PHP Warning:  Array to string conversion in C:\Users\favo05\Documents\Douglas College\Backend Web Dev\Project\inc\Entity\Page.class.php on line 267
[26-Jul-2023 21:14:31 Europe/Berlin] PHP Warning:  Array to string conversion in C:\Users\favo05\Documents\Douglas College\Backend Web Dev\Project\inc\Entity\Page.class.php on line 267
[26-Jul-2023 21:14:31 Europe/Berlin] PHP Warning:  Array to string conversion in C:\Users\favo05\Documents\Douglas College\Backend Web Dev\Project\inc\Entity\Page.class.php on line 267
[26-Jul-2023 21:14:31 Europe/Berlin] PHP Warning:  Array to string conversion in C:\Users\favo05\Documents\Douglas College\Backend Web Dev\Project\inc\Entity\Page.class.php on line 267
[26-Jul-2023 21:14:31 Europe/Berlin] PHP Warning:  Array to string conversion in C:\Users\favo05\Documents\Douglas College\Backend Web Dev\Project\inc\Entity\Page.class.php on line 267
[26-Jul-2023 21:14:31 Europe/Berlin] PHP Warning:  Array to string conversion in C:\Users\favo05\Documents\Douglas College\Backend Web Dev\Project\inc\Entity\Page.class.php on line 267
[26-Jul-2023 21:14:31 Europe/Berlin] PHP Warning:  Array to string conversion in C:\Users\favo05\Documents\Douglas College\Backend Web Dev\Project\inc\Entity\Page.class.php on line 267
[26-Jul-2023 21:14:31 Europe/Berlin] PHP Warning:  Array to string conversion in C:\Users\favo05\Documents\Douglas College\Backend Web Dev\Project\inc\Entity\Page.class.php on line 267
[26-Jul-2023 21:14:31 Europe/Berlin] PHP Warning:  Array to string conversion in C:\Users\favo05\Documents\Douglas College\Backend Web Dev\Project\inc\Entity\Page.class.php on line 267
[26-Jul-2023 21:14:31 Europe/Berlin] PHP Warning:  Array to string conversion in C:\Users\favo05\Documents\Douglas College\Backend Web Dev\Project\inc\Entity\Page.class.php on line 267
[26-Jul-2023 21:14:31 Europe/Berlin] PHP Warning:  Array to string conversion in C:\Users\favo05\Documents\Douglas College\Backend Web Dev\Project\inc\Entity\Page.class.php on line 267
[26-Jul-2023 21:14:31 Europe/Berlin] PHP Warning:  Array to string conversion in C:\Users\favo05\Documents\Douglas College\Backend Web Dev\Project\inc\Entity\Page.class.php on line 267
[26-Jul-2023 21:14:31 Europe/Berlin] PHP Warning:  Array to string conversion in C:\Users\favo05\Documents\Douglas College\Backend Web Dev\Project\inc\Entity\Page.class.php on line 267
[26-Jul-2023 21:14:31 Europe/Berlin] PHP Warning:  Array to string conversion in C:\Users\favo05\Documents\Douglas College\Backend Web Dev\Project\inc\Entity\Page.class.php on line 267
[26-Jul-2023 21:14:31 Europe/Berlin] PHP Warning:  Array to string conversion in C:\Users\favo05\Documents\Douglas College\Backend Web Dev\Project\inc\Entity\Page.class.php on line 267
[26-Jul-2023 21:14:31 Europe/Berlin] PHP Warning:  Array to string conversion in C:\Users\favo05\Documents\Douglas College\Backend Web Dev\Project\inc\Entity\Page.class.php on line 267
[26-Jul-2023 21:14:31 Europe/Berlin] PHP Warning:  Array to string conversion in C:\Users\favo05\Documents\Douglas College\Backend Web Dev\Project\inc\Entity\Page.class.php on line 267
[26-Jul-2023 21:14:31 Europe/Berlin] PHP Warning:  Array to string conversion in C:\Users\favo05\Documents\Douglas College\Backend Web Dev\Project\inc\Entity\Page.class.php on line 267
[26-Jul-2023 21:14:31 Europe/Berlin] PHP Warning:  Array to string conversion in C:\Users\favo05\Documents\Douglas College\Backend Web Dev\Project\inc\Entity\Page.class.php on line 267
[26-Jul-2023 21:14:31 Europe/Berlin] PHP Warning:  Array to string conversion in C:\Users\favo05\Documents\Douglas College\Backend Web Dev\Project\inc\Entity\Page.class.php on line 267
[26-Jul-2023 21:14:31 Europe/Berlin] PHP Warning:  Array to string conversion in C:\Users\favo05\Documents\Douglas College\Backend Web Dev\Project\inc\Entity\Page.class.php on line 267
[26-Jul-2023 21:14:31 Europe/Berlin] PHP Warning:  Array to string conversion in C:\Users\favo05\Documents\Douglas College\Backend Web Dev\Project\inc\Entity\Page.class.php on line 267
[26-Jul-2023 21:14:31 Europe/Berlin] PHP Warning:  Array to string conversion in C:\Users\favo05\Documents\Douglas College\Backend Web Dev\Project\inc\Entity\Page.class.php on line 267
[26-Jul-2023 21:14:31 Europe/Berlin] PHP Warning:  Array to string conversion in C:\Users\favo05\Documents\Douglas College\Backend Web Dev\Project\inc\Entity\Page.class.php on line 267
[26-Jul-2023 21:14:31 Europe/Berlin] PHP Warning:  Array to string conversion in C:\Users\favo05\Documents\Douglas College\Backend Web Dev\Project\inc\Entity\Page.class.php on line 267
[26-Jul-2023 21:14:31 Europe/Berlin] PHP Warning:  Array to string conversion in C:\Users\favo05\Documents\Douglas College\Backend Web Dev\Project\inc\Entity\Page.class.php on line 267
[26-Jul-2023 21:14:31 Europe/Berlin] PHP Warning:  Array to string conversion in C:\Users\favo05\Documents\Douglas College\Backend Web Dev\Project\inc\Entity\Page.class.php on line 267
[26-Jul-2023 21:14:31 Europe/Berlin] PHP Warning:  Array to string conversion in C:\Users\favo05\Documents\Douglas College\Backend Web Dev\Project\inc\Entity\Page.class.php on line 267
[26-Jul-2023 21:14:31 Europe/Berlin] PHP Warning:  Array to string conversion in C:\Users\favo05\Documents\Douglas College\Backend Web Dev\Project\inc\Entity\Page.class.php on line 267
[26-Jul-2023 21:14:31 Europe/Berlin] PHP Warning:  Array to string conversion in C:\Users\favo05\Documents\Douglas College\Backend Web Dev\Project\inc\Entity\Page.class.php on line 267
[26-Jul-2023 21:14:31 Europe/Berlin] PHP Warning:  Array to string conversion in C:\Users\favo05\Documents\Douglas College\Backend Web Dev\Project\inc\Entity\Page.class.php on line 267
[26-Jul-2023 21:14:31 Europe/Berlin] PHP Warning:  Array to string conversion in C:\Users\favo05\Documents\Douglas College\Backend Web Dev\Project\inc\Entity\Page.class.php on line 267
[26-Jul-2023 21:14:31 Europe/Berlin] PHP Warning:  Array to string conversion in C:\Users\favo05\Documents\Douglas College\Backend Web Dev\Project\inc\Entity\Page.class.php on line 267
[26-Jul-2023 21:14:31 Europe/Berlin] PHP Warning:  Array to string conversion in C:\Users\favo05\Documents\Douglas College\Backend Web Dev\Project\inc\Entity\Page.class.php on line 267
[26-Jul-2023 21:14:31 Europe/Berlin] PHP Warning:  Array to string conversion in C:\Users\favo05\Documents\Douglas College\Backend Web Dev\Project\inc\Entity\Page.class.php on line 267
[26-Jul-2023 21:14:31 Europe/Berlin] PHP Warning:  Array to string conversion in C:\Users\favo05\Documents\Douglas College\Backend Web Dev\Project\inc\Entity\Page.class.php on line 267
[26-Jul-2023 21:14:31 Europe/Berlin] PHP Warning:  Array to string conversion in C:\Users\favo05\Documents\Douglas College\Backend Web Dev\Project\inc\Entity\Page.class.php on line 267
[26-Jul-2023 21:14:31 Europe/Berlin] PHP Warning:  Array to string conversion in C:\Users\favo05\Documents\Douglas College\Backend Web Dev\Project\inc\Entity\Page.class.php on line 267
[26-Jul-2023 21:14:31 Europe/Berlin] PHP Warning:  Array to string conversion in C:\Users\favo05\Documents\Douglas College\Backend Web Dev\Project\inc\Entity\Page.class.php on line 267
[26-Jul-2023 21:16:42 Europe/Berlin] PHP Fatal error:  Uncaught TypeError: Cannot access offset of type string on string in C:\Users\favo05\Documents\Douglas College\Backend Web Dev\Project\inc\Entity\Page.class.php:324
Stack trace:
#0 C:\Users\favo05\Documents\Douglas College\Backend Web Dev\Project\ProjectMain.php(81): Page::orderConfirmation(Array)
#1 {main}
  thrown in C:\Users\favo05\Documents\Douglas College\Backend Web Dev\Project\inc\Entity\Page.class.php on line 324
[26-Jul-2023 23:23:42 Europe/Berlin] PHP Warning:  Undefined variable $id in C:\Users\favo05\Documents\Douglas College\Backend Web Dev\Project\ProjectMain.php on line 61
[26-Jul-2023 23:23:42 Europe/Berlin] PHP Fatal error:  Uncaught TypeError: OrderCLassDAO::getPreOrder(): Argument #1 ($OrderId) must be of type string, null given, called in C:\Users\favo05\Documents\Douglas College\Backend Web Dev\Project\ProjectMain.php on line 61 and defined in C:\Users\favo05\Documents\Douglas College\Backend Web Dev\Project\inc\Utility\OrderClassDAO.class.php:131
Stack trace:
#0 C:\Users\favo05\Documents\Douglas College\Backend Web Dev\Project\ProjectMain.php(61): OrderCLassDAO::getPreOrder(NULL)
#1 {main}
  thrown in C:\Users\favo05\Documents\Douglas College\Backend Web Dev\Project\inc\Utility\OrderClassDAO.class.php on line 131
[26-Jul-2023 14:27:43 America/Vancouver] PHP Fatal error:  Uncaught Error: Call to a member function getOrderId() on array in C:\Users\favo05\Documents\Douglas College\Backend Web Dev\Project\inc\Entity\Page.class.php:295
Stack trace:
#0 C:\Users\favo05\Documents\Douglas College\Backend Web Dev\Project\ProjectMain.php(66): Page::orderConfirmation(Array)
#1 {main}
  thrown in C:\Users\favo05\Documents\Douglas College\Backend Web Dev\Project\inc\Entity\Page.class.php on line 295
[26-Jul-2023 14:32:14 America/Vancouver] PHP Fatal error:  Uncaught Error: Object of class Order could not be converted to string in C:\Users\favo05\Documents\Douglas College\Backend Web Dev\Project\inc\Entity\Page.class.php:295
Stack trace:
#0 C:\Users\favo05\Documents\Douglas College\Backend Web Dev\Project\ProjectMain.php(66): Page::orderConfirmation(Array)
#1 {main}
  thrown in C:\Users\favo05\Documents\Douglas College\Backend Web Dev\Project\inc\Entity\Page.class.php on line 295
[26-Jul-2023 15:28:24 America/Vancouver] PHP Warning:  Undefined array key "medicineid" in C:\Users\favo05\Documents\Douglas College\Backend Web Dev\Project\ProjectMain.php on line 43
[26-Jul-2023 15:28:24 America/Vancouver] PHP Warning:  Undefined array key "price" in C:\Users\favo05\Documents\Douglas College\Backend Web Dev\Project\ProjectMain.php on line 49
[27-Jul-2023 01:02:12 Europe/Berlin] PHP Parse error:  syntax error, unexpected identifier "displayOrdersTable", expecting "(" in C:\Users\favo05\Documents\Douglas College\Backend Web Dev\Project\inc\Entity\Page.class.php on line 432
[27-Jul-2023 01:05:05 Europe/Berlin] PHP Fatal error:  Uncaught TypeError: MedicineClassDAO::initialize(): Argument #1 ($className) must be of type string, Medicine given, called in C:\Users\favo05\Documents\Douglas College\Backend Web Dev\Project\ProjectMainBackup.php on line 19 and defined in C:\Users\favo05\Documents\Douglas College\Backend Web Dev\Project\inc\Utility\MedicineClassDAO.class.php:19
Stack trace:
#0 C:\Users\favo05\Documents\Douglas College\Backend Web Dev\Project\ProjectMainBackup.php(19): MedicineClassDAO::initialize(Object(Medicine))
#1 {main}
  thrown in C:\Users\favo05\Documents\Douglas College\Backend Web Dev\Project\inc\Utility\MedicineClassDAO.class.php on line 19
[27-Jul-2023 01:11:17 Europe/Berlin] PHP Fatal error:  Uncaught TypeError: MedicineClassDAO::initialize(): Argument #1 ($className) must be of type string, Medicine given, called in C:\Users\favo05\Documents\Douglas College\Backend Web Dev\Project\ProjectMainBackup.php on line 19 and defined in C:\Users\favo05\Documents\Douglas College\Backend Web Dev\Project\inc\Utility\MedicineClassDAO.class.php:19
Stack trace:
#0 C:\Users\favo05\Documents\Douglas College\Backend Web Dev\Project\ProjectMainBackup.php(19): MedicineClassDAO::initialize(Object(Medicine))
#1 {main}
  thrown in C:\Users\favo05\Documents\Douglas College\Backend Web Dev\Project\inc\Utility\MedicineClassDAO.class.php on line 19
[27-Jul-2023 01:11:56 Europe/Berlin] PHP Fatal error:  Uncaught Error: Call to undefined method Page::displayHeader2() in C:\Users\favo05\Documents\Douglas College\Backend Web Dev\Project\ProjectMainBackup.php:41
Stack trace:
#0 {main}
  thrown in C:\Users\favo05\Documents\Douglas College\Backend Web Dev\Project\ProjectMainBackup.php on line 41
[27-Jul-2023 01:35:13 Europe/Berlin] PHP Parse error:  syntax error, unexpected identifier "displayOrdersTable", expecting "(" in C:\Users\favo05\Documents\Douglas College\Backend Web Dev\Project\inc\Entity\Page.class.php on line 432
[27-Jul-2023 01:39:12 Europe/Berlin] PHP Parse error:  syntax error, unexpected identifier "displayOrdersTable", expecting "(" in C:\Users\favo05\Documents\Douglas College\Backend Web Dev\Project\inc\Entity\Page.class.php on line 432
[26-Jul-2023 16:43:04 America/Vancouver] PHP Warning:  Undefined array key "medicineid" in C:\Users\favo05\Documents\Douglas College\Backend Web Dev\Project\ProjectMain.php on line 43
[26-Jul-2023 16:43:04 America/Vancouver] PHP Warning:  Undefined array key "price" in C:\Users\favo05\Documents\Douglas College\Backend Web Dev\Project\ProjectMain.php on line 49
[26-Jul-2023 16:43:08 America/Vancouver] PHP Warning:  Undefined array key "medicineid" in C:\Users\favo05\Documents\Douglas College\Backend Web Dev\Project\ProjectMain.php on line 43
[26-Jul-2023 16:43:08 America/Vancouver] PHP Warning:  Undefined array key "price" in C:\Users\favo05\Documents\Douglas College\Backend Web Dev\Project\ProjectMain.php on line 49
[26-Jul-2023 17:09:45 America/Vancouver] PHP Warning:  Undefined array key "medicineid" in C:\Users\favo05\Documents\Douglas College\Backend Web Dev\Project\ProjectMain.php on line 43
[26-Jul-2023 17:09:45 America/Vancouver] PHP Warning:  Undefined array key "concentration" in C:\Users\favo05\Documents\Douglas College\Backend Web Dev\Project\ProjectMain.php on line 44
[26-Jul-2023 17:09:45 America/Vancouver] PHP Fatal error:  Uncaught TypeError: Ordered_Meds::setConcentration(): Argument #1 ($Concentration) must be of type string, null given, called in C:\Users\favo05\Documents\Douglas College\Backend Web Dev\Project\ProjectMain.php on line 44 and defined in C:\Users\favo05\Documents\Douglas College\Backend Web Dev\Project\inc\Entity\Ordered_Meds.class.php:65
Stack trace:
#0 C:\Users\favo05\Documents\Douglas College\Backend Web Dev\Project\ProjectMain.php(44): Ordered_Meds->setConcentration(NULL)
#1 {main}
  thrown in C:\Users\favo05\Documents\Douglas College\Backend Web Dev\Project\inc\Entity\Ordered_Meds.class.php on line 65
[26-Jul-2023 17:13:57 America/Vancouver] PHP Warning:  Undefined array key "medicineid" in C:\Users\favo05\Documents\Douglas College\Backend Web Dev\Project\ProjectMain.php on line 43
[26-Jul-2023 17:13:57 America/Vancouver] PHP Warning:  Undefined array key "concentration" in C:\Users\favo05\Documents\Douglas College\Backend Web Dev\Project\ProjectMain.php on line 44
[26-Jul-2023 17:13:57 America/Vancouver] PHP Fatal error:  Uncaught TypeError: Ordered_Meds::setConcentration(): Argument #1 ($Concentration) must be of type string, null given, called in C:\Users\favo05\Documents\Douglas College\Backend Web Dev\Project\ProjectMain.php on line 44 and defined in C:\Users\favo05\Documents\Douglas College\Backend Web Dev\Project\inc\Entity\Ordered_Meds.class.php:65
Stack trace:
#0 C:\Users\favo05\Documents\Douglas College\Backend Web Dev\Project\ProjectMain.php(44): Ordered_Meds->setConcentration(NULL)
#1 {main}
  thrown in C:\Users\favo05\Documents\Douglas College\Backend Web Dev\Project\inc\Entity\Ordered_Meds.class.php on line 65
[26-Jul-2023 17:14:15 America/Vancouver] PHP Warning:  Undefined array key "medicineid" in C:\Users\favo05\Documents\Douglas College\Backend Web Dev\Project\ProjectMain.php on line 43
[26-Jul-2023 17:14:15 America/Vancouver] PHP Warning:  Undefined array key "concentration" in C:\Users\favo05\Documents\Douglas College\Backend Web Dev\Project\ProjectMain.php on line 44
[26-Jul-2023 17:14:15 America/Vancouver] PHP Fatal error:  Uncaught TypeError: Ordered_Meds::setConcentration(): Argument #1 ($Concentration) must be of type string, null given, called in C:\Users\favo05\Documents\Douglas College\Backend Web Dev\Project\ProjectMain.php on line 44 and defined in C:\Users\favo05\Documents\Douglas College\Backend Web Dev\Project\inc\Entity\Ordered_Meds.class.php:65
Stack trace:
#0 C:\Users\favo05\Documents\Douglas College\Backend Web Dev\Project\ProjectMain.php(44): Ordered_Meds->setConcentration(NULL)
#1 {main}
  thrown in C:\Users\favo05\Documents\Douglas College\Backend Web Dev\Project\inc\Entity\Ordered_Meds.class.php on line 65
[26-Jul-2023 17:15:48 America/Vancouver] PHP Warning:  Undefined array key "medicineid" in C:\Users\favo05\Documents\Douglas College\Backend Web Dev\Project\ProjectMain.php on line 43
[26-Jul-2023 17:15:48 America/Vancouver] PHP Warning:  Undefined array key "concentration" in C:\Users\favo05\Documents\Douglas College\Backend Web Dev\Project\ProjectMain.php on line 44
[26-Jul-2023 17:15:48 America/Vancouver] PHP Fatal error:  Uncaught TypeError: Ordered_Meds::setConcentration(): Argument #1 ($Concentration) must be of type string, null given, called in C:\Users\favo05\Documents\Douglas College\Backend Web Dev\Project\ProjectMain.php on line 44 and defined in C:\Users\favo05\Documents\Douglas College\Backend Web Dev\Project\inc\Entity\Ordered_Meds.class.php:65
Stack trace:
#0 C:\Users\favo05\Documents\Douglas College\Backend Web Dev\Project\ProjectMain.php(44): Ordered_Meds->setConcentration(NULL)
#1 {main}
  thrown in C:\Users\favo05\Documents\Douglas College\Backend Web Dev\Project\inc\Entity\Ordered_Meds.class.php on line 65
[26-Jul-2023 17:16:04 America/Vancouver] PHP Warning:  Undefined array key "medicineid" in C:\Users\favo05\Documents\Douglas College\Backend Web Dev\Project\ProjectMain.php on line 43
[26-Jul-2023 17:16:04 America/Vancouver] PHP Warning:  Undefined array key "concentration" in C:\Users\favo05\Documents\Douglas College\Backend Web Dev\Project\ProjectMain.php on line 44
[26-Jul-2023 17:16:04 America/Vancouver] PHP Fatal error:  Uncaught TypeError: Ordered_Meds::setConcentration(): Argument #1 ($Concentration) must be of type string, null given, called in C:\Users\favo05\Documents\Douglas College\Backend Web Dev\Project\ProjectMain.php on line 44 and defined in C:\Users\favo05\Documents\Douglas College\Backend Web Dev\Project\inc\Entity\Ordered_Meds.class.php:65
Stack trace:
#0 C:\Users\favo05\Documents\Douglas College\Backend Web Dev\Project\ProjectMain.php(44): Ordered_Meds->setConcentration(NULL)
#1 {main}
  thrown in C:\Users\favo05\Documents\Douglas College\Backend Web Dev\Project\inc\Entity\Ordered_Meds.class.php on line 65
[26-Jul-2023 17:16:18 America/Vancouver] PHP Warning:  Undefined array key "medicineid" in C:\Users\favo05\Documents\Douglas College\Backend Web Dev\Project\ProjectMain.php on line 43
[26-Jul-2023 17:16:18 America/Vancouver] PHP Warning:  Undefined array key "concentration" in C:\Users\favo05\Documents\Douglas College\Backend Web Dev\Project\ProjectMain.php on line 44
[26-Jul-2023 17:16:18 America/Vancouver] PHP Fatal error:  Uncaught TypeError: Ordered_Meds::setConcentration(): Argument #1 ($Concentration) must be of type string, null given, called in C:\Users\favo05\Documents\Douglas College\Backend Web Dev\Project\ProjectMain.php on line 44 and defined in C:\Users\favo05\Documents\Douglas College\Backend Web Dev\Project\inc\Entity\Ordered_Meds.class.php:65
Stack trace:
#0 C:\Users\favo05\Documents\Douglas College\Backend Web Dev\Project\ProjectMain.php(44): Ordered_Meds->setConcentration(NULL)
#1 {main}
  thrown in C:\Users\favo05\Documents\Douglas College\Backend Web Dev\Project\inc\Entity\Ordered_Meds.class.php on line 65
[26-Jul-2023 17:18:03 America/Vancouver] PHP Warning:  Undefined array key "medicineid" in C:\Users\favo05\Documents\Douglas College\Backend Web Dev\Project\ProjectMain.php on line 43
[26-Jul-2023 17:18:03 America/Vancouver] PHP Warning:  Undefined array key "concentration" in C:\Users\favo05\Documents\Douglas College\Backend Web Dev\Project\ProjectMain.php on line 44
[26-Jul-2023 17:18:03 America/Vancouver] PHP Fatal error:  Uncaught TypeError: Ordered_Meds::setConcentration(): Argument #1 ($Concentration) must be of type string, null given, called in C:\Users\favo05\Documents\Douglas College\Backend Web Dev\Project\ProjectMain.php on line 44 and defined in C:\Users\favo05\Documents\Douglas College\Backend Web Dev\Project\inc\Entity\Ordered_Meds.class.php:65
Stack trace:
#0 C:\Users\favo05\Documents\Douglas College\Backend Web Dev\Project\ProjectMain.php(44): Ordered_Meds->setConcentration(NULL)
#1 {main}
  thrown in C:\Users\favo05\Documents\Douglas College\Backend Web Dev\Project\inc\Entity\Ordered_Meds.class.php on line 65
[26-Jul-2023 17:19:34 America/Vancouver] PHP Warning:  Undefined array key "medicineid" in C:\Users\favo05\Documents\Douglas College\Backend Web Dev\Project\ProjectMain.php on line 43
[26-Jul-2023 17:19:34 America/Vancouver] PHP Warning:  Undefined array key "concentration" in C:\Users\favo05\Documents\Douglas College\Backend Web Dev\Project\ProjectMain.php on line 44
[26-Jul-2023 17:19:34 America/Vancouver] PHP Fatal error:  Uncaught TypeError: Ordered_Meds::setConcentration(): Argument #1 ($Concentration) must be of type string, null given, called in C:\Users\favo05\Documents\Douglas College\Backend Web Dev\Project\ProjectMain.php on line 44 and defined in C:\Users\favo05\Documents\Douglas College\Backend Web Dev\Project\inc\Entity\Ordered_Meds.class.php:65
Stack trace:
#0 C:\Users\favo05\Documents\Douglas College\Backend Web Dev\Project\ProjectMain.php(44): Ordered_Meds->setConcentration(NULL)
#1 {main}
  thrown in C:\Users\favo05\Documents\Douglas College\Backend Web Dev\Project\inc\Entity\Ordered_Meds.class.php on line 65
[27-Jul-2023 03:03:17 Europe/Berlin] PHP Fatal error:  Uncaught ArgumentCountError: Too few arguments to function Page::displayMedicinesTable(), 2 passed in C:\Users\favo05\Documents\Douglas College\Backend Web Dev\Project\ProjectMain.php on line 94 and exactly 3 expected in C:\Users\favo05\Documents\Douglas College\Backend Web Dev\Project\inc\Entity\Page.class.php:189
Stack trace:
#0 C:\Users\favo05\Documents\Douglas College\Backend Web Dev\Project\ProjectMain.php(94): Page::displayMedicinesTable(Array, 'createPreOrder')
#1 {main}
  thrown in C:\Users\favo05\Documents\Douglas College\Backend Web Dev\Project\inc\Entity\Page.class.php on line 189
[27-Jul-2023 03:03:21 Europe/Berlin] PHP Fatal error:  Uncaught ArgumentCountError: Too few arguments to function Page::displayMedicinesTable(), 2 passed in C:\Users\favo05\Documents\Douglas College\Backend Web Dev\Project\ProjectMain.php on line 94 and exactly 3 expected in C:\Users\favo05\Documents\Douglas College\Backend Web Dev\Project\inc\Entity\Page.class.php:189
Stack trace:
#0 C:\Users\favo05\Documents\Douglas College\Backend Web Dev\Project\ProjectMain.php(94): Page::displayMedicinesTable(Array, 'createPreOrder')
#1 {main}
  thrown in C:\Users\favo05\Documents\Douglas College\Backend Web Dev\Project\inc\Entity\Page.class.php on line 189
[27-Jul-2023 03:03:48 Europe/Berlin] PHP Fatal error:  Uncaught ArgumentCountError: Too few arguments to function Page::displayMedicinesTable(), 2 passed in C:\Users\favo05\Documents\Douglas College\Backend Web Dev\Project\ProjectMain.php on line 94 and exactly 3 expected in C:\Users\favo05\Documents\Douglas College\Backend Web Dev\Project\inc\Entity\Page.class.php:189
Stack trace:
#0 C:\Users\favo05\Documents\Douglas College\Backend Web Dev\Project\ProjectMain.php(94): Page::displayMedicinesTable(Array, 'createPreOrder')
#1 {main}
  thrown in C:\Users\favo05\Documents\Douglas College\Backend Web Dev\Project\inc\Entity\Page.class.php on line 189
[26-Jul-2023 18:04:43 America/Vancouver] PHP Fatal error:  Uncaught Error: Call to undefined method Medicine::getPST() in C:\Users\favo05\Documents\Douglas College\Backend Web Dev\Project\inc\Entity\Page.class.php:263
Stack trace:
#0 C:\Users\favo05\Documents\Douglas College\Backend Web Dev\Project\ProjectMain.php(91): Page::displayMedicinesTable(Array, 'addMedicine', Object(Order))
#1 {main}
  thrown in C:\Users\favo05\Documents\Douglas College\Backend Web Dev\Project\inc\Entity\Page.class.php on line 263
[26-Jul-2023 18:05:11 America/Vancouver] PHP Fatal error:  Uncaught Error: Call to undefined method Medicine::getPST() in C:\Users\favo05\Documents\Douglas College\Backend Web Dev\Project\inc\Entity\Page.class.php:263
Stack trace:
#0 C:\Users\favo05\Documents\Douglas College\Backend Web Dev\Project\ProjectMain.php(91): Page::displayMedicinesTable(Array, 'addMedicine', Object(Order))
#1 {main}
  thrown in C:\Users\favo05\Documents\Douglas College\Backend Web Dev\Project\inc\Entity\Page.class.php on line 263
[27-Jul-2023 03:05:59 Europe/Berlin] PHP Warning:  Undefined variable $id in C:\Users\favo05\Documents\Douglas College\Backend Web Dev\Project\ProjectMain.php on line 63
[27-Jul-2023 03:05:59 Europe/Berlin] PHP Fatal error:  Uncaught TypeError: Ordered_Meds::setOrder_Id(): Argument #1 ($Order_Id) must be of type int, null given, called in C:\Users\favo05\Documents\Douglas College\Backend Web Dev\Project\ProjectMain.php on line 63 and defined in C:\Users\favo05\Documents\Douglas College\Backend Web Dev\Project\inc\Entity\Ordered_Meds.class.php:59
Stack trace:
#0 C:\Users\favo05\Documents\Douglas College\Backend Web Dev\Project\ProjectMain.php(63): Ordered_Meds->setOrder_Id(NULL)
#1 {main}
  thrown in C:\Users\favo05\Documents\Douglas College\Backend Web Dev\Project\inc\Entity\Ordered_Meds.class.php on line 59
[27-Jul-2023 03:06:20 Europe/Berlin] PHP Warning:  Undefined variable $id in C:\Users\favo05\Documents\Douglas College\Backend Web Dev\Project\ProjectMain.php on line 63
[27-Jul-2023 03:06:20 Europe/Berlin] PHP Fatal error:  Uncaught TypeError: Ordered_Meds::setOrder_Id(): Argument #1 ($Order_Id) must be of type int, null given, called in C:\Users\favo05\Documents\Douglas College\Backend Web Dev\Project\ProjectMain.php on line 63 and defined in C:\Users\favo05\Documents\Douglas College\Backend Web Dev\Project\inc\Entity\Ordered_Meds.class.php:59
Stack trace:
#0 C:\Users\favo05\Documents\Douglas College\Backend Web Dev\Project\ProjectMain.php(63): Ordered_Meds->setOrder_Id(NULL)
#1 {main}
  thrown in C:\Users\favo05\Documents\Douglas College\Backend Web Dev\Project\inc\Entity\Ordered_Meds.class.php on line 59
[26-Jul-2023 18:18:04 America/Vancouver] PHP Fatal error:  Uncaught Error: Call to undefined method Order::getOrder_Id() in C:\Users\favo05\Documents\Douglas College\Backend Web Dev\Project\inc\Entity\Page.class.php:273
Stack trace:
#0 C:\Users\favo05\Documents\Douglas College\Backend Web Dev\Project\ProjectMain.php(91): Page::displayMedicinesTable(Array, 'addMedicine', Array)
#1 {main}
  thrown in C:\Users\favo05\Documents\Douglas College\Backend Web Dev\Project\inc\Entity\Page.class.php on line 273
[26-Jul-2023 18:18:45 America/Vancouver] PHP Fatal error:  Uncaught Error: Call to undefined method Order::getOrder_Id() in C:\Users\favo05\Documents\Douglas College\Backend Web Dev\Project\inc\Entity\Page.class.php:274
Stack trace:
#0 C:\Users\favo05\Documents\Douglas College\Backend Web Dev\Project\ProjectMain.php(91): Page::displayMedicinesTable(Array, 'addMedicine', Array)
#1 {main}
  thrown in C:\Users\favo05\Documents\Douglas College\Backend Web Dev\Project\inc\Entity\Page.class.php on line 274
[27-Jul-2023 03:19:18 Europe/Berlin] PHP Fatal error:  Uncaught TypeError: Order::setPST(): Argument #1 ($PST) must be of type float, string given, called in C:\Users\favo05\Documents\Douglas College\Backend Web Dev\Project\ProjectMain.php on line 56 and defined in C:\Users\favo05\Documents\Douglas College\Backend Web Dev\Project\inc\Entity\Order.class.php:55
Stack trace:
#0 C:\Users\favo05\Documents\Douglas College\Backend Web Dev\Project\ProjectMain.php(56): Order->setPST('{0.0}')
#1 {main}
  thrown in C:\Users\favo05\Documents\Douglas College\Backend Web Dev\Project\inc\Entity\Order.class.php on line 55
[27-Jul-2023 03:20:10 Europe/Berlin] PHP Warning:  Undefined variable $id in C:\Users\favo05\Documents\Douglas College\Backend Web Dev\Project\ProjectMain.php on line 63
[27-Jul-2023 03:20:10 Europe/Berlin] PHP Fatal error:  Uncaught TypeError: Ordered_Meds::setOrder_Id(): Argument #1 ($Order_Id) must be of type int, null given, called in C:\Users\favo05\Documents\Douglas College\Backend Web Dev\Project\ProjectMain.php on line 63 and defined in C:\Users\favo05\Documents\Douglas College\Backend Web Dev\Project\inc\Entity\Ordered_Meds.class.php:59
Stack trace:
#0 C:\Users\favo05\Documents\Douglas College\Backend Web Dev\Project\ProjectMain.php(63): Ordered_Meds->setOrder_Id(NULL)
#1 {main}
  thrown in C:\Users\favo05\Documents\Douglas College\Backend Web Dev\Project\inc\Entity\Ordered_Meds.class.php on line 59
[27-Jul-2023 09:57:42 Europe/Berlin] PHP Fatal error:  Uncaught Error: Value of type float is not callable in C:\Users\favo05\Documents\Douglas College\Backend Web Dev\Project\inc\Utility\OrderClassDAO.class.php:85
Stack trace:
#0 C:\Users\favo05\Documents\Douglas College\Backend Web Dev\Project\ProjectMain.php(75): OrderCLassDAO::updateOrder(Object(Order))
#1 {main}
  thrown in C:\Users\favo05\Documents\Douglas College\Backend Web Dev\Project\inc\Utility\OrderClassDAO.class.php on line 85
[27-Jul-2023 10:10:46 Europe/Berlin] PHP Warning:  Undefined array key "clientsId" in C:\Users\favo05\Documents\Douglas College\Backend Web Dev\Project\ProjectMain.php on line 84
[27-Jul-2023 10:10:46 Europe/Berlin] PHP Fatal error:  Uncaught TypeError: Order::setClients_Id(): Argument #1 ($Clients_Id) must be of type int, null given, called in C:\Users\favo05\Documents\Douglas College\Backend Web Dev\Project\ProjectMain.php on line 84 and defined in C:\Users\favo05\Documents\Douglas College\Backend Web Dev\Project\inc\Entity\Order.class.php:64
Stack trace:
#0 C:\Users\favo05\Documents\Douglas College\Backend Web Dev\Project\ProjectMain.php(84): Order->setClients_Id(NULL)
#1 {main}
  thrown in C:\Users\favo05\Documents\Douglas College\Backend Web Dev\Project\inc\Entity\Order.class.php on line 64
[27-Jul-2023 10:14:32 Europe/Berlin] PHP Warning:  Undefined array key "clientsId" in C:\Users\favo05\Documents\Douglas College\Backend Web Dev\Project\ProjectMain.php on line 84
[27-Jul-2023 10:14:32 Europe/Berlin] PHP Fatal error:  Uncaught TypeError: Order::setClients_Id(): Argument #1 ($Clients_Id) must be of type int, null given, called in C:\Users\favo05\Documents\Douglas College\Backend Web Dev\Project\ProjectMain.php on line 84 and defined in C:\Users\favo05\Documents\Douglas College\Backend Web Dev\Project\inc\Entity\Order.class.php:64
Stack trace:
#0 C:\Users\favo05\Documents\Douglas College\Backend Web Dev\Project\ProjectMain.php(84): Order->setClients_Id(NULL)
#1 {main}
  thrown in C:\Users\favo05\Documents\Douglas College\Backend Web Dev\Project\inc\Entity\Order.class.php on line 64
[28-Jul-2023 22:30:14 America/Vancouver] PHP Warning:  Undefined array key "action" in C:\Users\favo05\Documents\Douglas College\Backend Web Dev\Project\ProjectMain.php on line 99
[28-Jul-2023 22:30:14 America/Vancouver] PHP Warning:  Undefined array key "action" in C:\Users\favo05\Documents\Douglas College\Backend Web Dev\Project\ProjectMain.php on line 101
[29-Jul-2023 07:49:03 Europe/Berlin] PHP Warning:  Trying to access array offset on value of type null in C:\Users\favo05\Documents\Douglas College\Backend Web Dev\Project\inc\Entity\Page.class.php on line 204
[29-Jul-2023 07:49:03 Europe/Berlin] PHP Fatal error:  Uncaught Error: Call to a member function getOrderId() on null in C:\Users\favo05\Documents\Douglas College\Backend Web Dev\Project\inc\Entity\Page.class.php:204
Stack trace:
#0 C:\Users\favo05\Documents\Douglas College\Backend Web Dev\Project\ProjectMain.php(130): Page::displayMedicinesTable(Array, 'createPreOrder')
#1 {main}
  thrown in C:\Users\favo05\Documents\Douglas College\Backend Web Dev\Project\inc\Entity\Page.class.php on line 204
[29-Jul-2023 07:49:50 Europe/Berlin] PHP Warning:  Trying to access array offset on value of type null in C:\Users\favo05\Documents\Douglas College\Backend Web Dev\Project\inc\Entity\Page.class.php on line 204
[29-Jul-2023 07:49:50 Europe/Berlin] PHP Fatal error:  Uncaught Error: Call to a member function getOrderId() on null in C:\Users\favo05\Documents\Douglas College\Backend Web Dev\Project\inc\Entity\Page.class.php:204
Stack trace:
#0 C:\Users\favo05\Documents\Douglas College\Backend Web Dev\Project\ProjectMain.php(130): Page::displayMedicinesTable(Array, 'createPreOrder')
#1 {main}
  thrown in C:\Users\favo05\Documents\Douglas College\Backend Web Dev\Project\inc\Entity\Page.class.php on line 204
[29-Jul-2023 07:49:51 Europe/Berlin] PHP Warning:  Trying to access array offset on value of type null in C:\Users\favo05\Documents\Douglas College\Backend Web Dev\Project\inc\Entity\Page.class.php on line 204
[29-Jul-2023 07:49:51 Europe/Berlin] PHP Fatal error:  Uncaught Error: Call to a member function getOrderId() on null in C:\Users\favo05\Documents\Douglas College\Backend Web Dev\Project\inc\Entity\Page.class.php:204
Stack trace:
#0 C:\Users\favo05\Documents\Douglas College\Backend Web Dev\Project\ProjectMain.php(130): Page::displayMedicinesTable(Array, 'createPreOrder')
#1 {main}
  thrown in C:\Users\favo05\Documents\Douglas College\Backend Web Dev\Project\inc\Entity\Page.class.php on line 204
[29-Jul-2023 07:50:24 Europe/Berlin] PHP Warning:  Trying to access array offset on value of type null in C:\Users\favo05\Documents\Douglas College\Backend Web Dev\Project\inc\Entity\Page.class.php on line 204
[29-Jul-2023 07:50:24 Europe/Berlin] PHP Fatal error:  Uncaught Error: Call to a member function getOrderId() on null in C:\Users\favo05\Documents\Douglas College\Backend Web Dev\Project\inc\Entity\Page.class.php:204
Stack trace:
#0 C:\Users\favo05\Documents\Douglas College\Backend Web Dev\Project\ProjectMain.php(130): Page::displayMedicinesTable(Array, 'createPreOrder')
#1 {main}
  thrown in C:\Users\favo05\Documents\Douglas College\Backend Web Dev\Project\inc\Entity\Page.class.php on line 204
[29-Jul-2023 07:51:20 Europe/Berlin] PHP Warning:  Trying to access array offset on value of type null in C:\Users\favo05\Documents\Douglas College\Backend Web Dev\Project\inc\Entity\Page.class.php on line 204
[29-Jul-2023 07:51:20 Europe/Berlin] PHP Fatal error:  Uncaught Error: Call to a member function getOrderId() on null in C:\Users\favo05\Documents\Douglas College\Backend Web Dev\Project\inc\Entity\Page.class.php:204
Stack trace:
#0 C:\Users\favo05\Documents\Douglas College\Backend Web Dev\Project\ProjectMain.php(130): Page::displayMedicinesTable(Array, 'createPreOrder')
#1 {main}
  thrown in C:\Users\favo05\Documents\Douglas College\Backend Web Dev\Project\inc\Entity\Page.class.php on line 204
[29-Jul-2023 07:52:03 Europe/Berlin] PHP Fatal error:  Uncaught Error: Undefined constant "asd" in C:\Users\favo05\Documents\Douglas College\Backend Web Dev\Project\inc\Entity\Page.class.php:204
Stack trace:
#0 C:\Users\favo05\Documents\Douglas College\Backend Web Dev\Project\ProjectMain.php(130): Page::displayMedicinesTable(Array, 'createPreOrder')
#1 {main}
  thrown in C:\Users\favo05\Documents\Douglas College\Backend Web Dev\Project\inc\Entity\Page.class.php on line 204
[29-Jul-2023 07:52:04 Europe/Berlin] PHP Fatal error:  Uncaught Error: Undefined constant "asd" in C:\Users\favo05\Documents\Douglas College\Backend Web Dev\Project\inc\Entity\Page.class.php:204
Stack trace:
#0 C:\Users\favo05\Documents\Douglas College\Backend Web Dev\Project\ProjectMain.php(130): Page::displayMedicinesTable(Array, 'createPreOrder')
#1 {main}
  thrown in C:\Users\favo05\Documents\Douglas College\Backend Web Dev\Project\inc\Entity\Page.class.php on line 204
[29-Jul-2023 07:54:07 Europe/Berlin] PHP Warning:  Undefined array key 0 in C:\Users\favo05\Documents\Douglas College\Backend Web Dev\Project\inc\Entity\Page.class.php on line 330
[29-Jul-2023 07:54:07 Europe/Berlin] PHP Fatal error:  Uncaught Error: Call to a member function getOrderId() on null in C:\Users\favo05\Documents\Douglas College\Backend Web Dev\Project\inc\Entity\Page.class.php:330
Stack trace:
#0 C:\Users\favo05\Documents\Douglas College\Backend Web Dev\Project\ProjectMain.php(125): Page::orderConfirmation(Array)
#1 {main}
  thrown in C:\Users\favo05\Documents\Douglas College\Backend Web Dev\Project\inc\Entity\Page.class.php on line 330
[29-Jul-2023 07:57:14 Europe/Berlin] PHP Fatal error:  Uncaught PDOException: SQLSTATE[23000]: Integrity constraint violation: 1062 Duplicate entry '10014-1' for key 'PRIMARY' in C:\Users\favo05\Documents\Douglas College\Backend Web Dev\Project\inc\Utility\PDOService.class.php:85
Stack trace:
#0 C:\Users\favo05\Documents\Douglas College\Backend Web Dev\Project\inc\Utility\PDOService.class.php(85): PDOStatement->execute()
#1 C:\Users\favo05\Documents\Douglas College\Backend Web Dev\Project\inc\Utility\Ordered_MedsClassDAO.class.php(49): PDOService->execute()
#2 C:\Users\favo05\Documents\Douglas College\Backend Web Dev\Project\ProjectMain.php(75): Ordered_MedsClassDAO::createOrdered_Meds(Object(Ordered_Meds))
#3 {main}
  thrown in C:\Users\favo05\Documents\Douglas College\Backend Web Dev\Project\inc\Utility\PDOService.class.php on line 85
[29-Jul-2023 07:58:03 Europe/Berlin] PHP Fatal error:  Uncaught PDOException: SQLSTATE[23000]: Integrity constraint violation: 1062 Duplicate entry '10015-1' for key 'PRIMARY' in C:\Users\favo05\Documents\Douglas College\Backend Web Dev\Project\inc\Utility\PDOService.class.php:85
Stack trace:
#0 C:\Users\favo05\Documents\Douglas College\Backend Web Dev\Project\inc\Utility\PDOService.class.php(85): PDOStatement->execute()
#1 C:\Users\favo05\Documents\Douglas College\Backend Web Dev\Project\inc\Utility\Ordered_MedsClassDAO.class.php(49): PDOService->execute()
#2 C:\Users\favo05\Documents\Douglas College\Backend Web Dev\Project\ProjectMain.php(75): Ordered_MedsClassDAO::createOrdered_Meds(Object(Ordered_Meds))
#3 {main}
  thrown in C:\Users\favo05\Documents\Douglas College\Backend Web Dev\Project\inc\Utility\PDOService.class.php on line 85
[29-Jul-2023 07:58:44 Europe/Berlin] PHP Fatal error:  Uncaught PDOException: SQLSTATE[23000]: Integrity constraint violation: 1062 Duplicate entry '10016-1' for key 'PRIMARY' in C:\Users\favo05\Documents\Douglas College\Backend Web Dev\Project\inc\Utility\PDOService.class.php:85
Stack trace:
#0 C:\Users\favo05\Documents\Douglas College\Backend Web Dev\Project\inc\Utility\PDOService.class.php(85): PDOStatement->execute()
#1 C:\Users\favo05\Documents\Douglas College\Backend Web Dev\Project\inc\Utility\Ordered_MedsClassDAO.class.php(49): PDOService->execute()
#2 C:\Users\favo05\Documents\Douglas College\Backend Web Dev\Project\ProjectMain.php(75): Ordered_MedsClassDAO::createOrdered_Meds(Object(Ordered_Meds))
#3 {main}
  thrown in C:\Users\favo05\Documents\Douglas College\Backend Web Dev\Project\inc\Utility\PDOService.class.php on line 85
[29-Jul-2023 08:00:48 Europe/Berlin] PHP Fatal error:  Uncaught PDOException: SQLSTATE[23000]: Integrity constraint violation: 1062 Duplicate entry '10017-3' for key 'PRIMARY' in C:\Users\favo05\Documents\Douglas College\Backend Web Dev\Project\inc\Utility\PDOService.class.php:85
Stack trace:
#0 C:\Users\favo05\Documents\Douglas College\Backend Web Dev\Project\inc\Utility\PDOService.class.php(85): PDOStatement->execute()
#1 C:\Users\favo05\Documents\Douglas College\Backend Web Dev\Project\inc\Utility\Ordered_MedsClassDAO.class.php(49): PDOService->execute()
#2 C:\Users\favo05\Documents\Douglas College\Backend Web Dev\Project\ProjectMain.php(75): Ordered_MedsClassDAO::createOrdered_Meds(Object(Ordered_Meds))
#3 {main}
  thrown in C:\Users\favo05\Documents\Douglas College\Backend Web Dev\Project\inc\Utility\PDOService.class.php on line 85
[29-Jul-2023 08:11:37 Europe/Berlin] PHP Fatal error:  Uncaught PDOException: SQLSTATE[23000]: Integrity constraint violation: 1062 Duplicate entry '10018-2' for key 'PRIMARY' in C:\Users\favo05\Documents\Douglas College\Backend Web Dev\Project\inc\Utility\PDOService.class.php:85
Stack trace:
#0 C:\Users\favo05\Documents\Douglas College\Backend Web Dev\Project\inc\Utility\PDOService.class.php(85): PDOStatement->execute()
#1 C:\Users\favo05\Documents\Douglas College\Backend Web Dev\Project\inc\Utility\Ordered_MedsClassDAO.class.php(49): PDOService->execute()
#2 C:\Users\favo05\Documents\Douglas College\Backend Web Dev\Project\ProjectMain.php(75): Ordered_MedsClassDAO::createOrdered_Meds(Object(Ordered_Meds))
#3 {main}
  thrown in C:\Users\favo05\Documents\Douglas College\Backend Web Dev\Project\inc\Utility\PDOService.class.php on line 85
[28-Jul-2023 23:26:08 America/Vancouver] PHP Warning:  Array to string conversion in C:\Users\favo05\Documents\Douglas College\Backend Web Dev\Project\inc\Entity\Page.class.php on line 382
[29-Jul-2023 08:26:17 Europe/Berlin] PHP Warning:  Array to string conversion in C:\Users\favo05\Documents\Douglas College\Backend Web Dev\Project\inc\Entity\Page.class.php on line 382
[29-Jul-2023 08:34:53 Europe/Berlin] PHP Warning:  Undefined array key 0 in C:\Users\favo05\Documents\Douglas College\Backend Web Dev\Project\inc\Entity\Page.class.php on line 340
[29-Jul-2023 08:34:53 Europe/Berlin] PHP Fatal error:  Uncaught Error: Call to a member function getOrderId() on null in C:\Users\favo05\Documents\Douglas College\Backend Web Dev\Project\inc\Entity\Page.class.php:340
Stack trace:
#0 C:\Users\favo05\Documents\Douglas College\Backend Web Dev\Project\ProjectMain.php(125): Page::orderConfirmation(Array)
#1 {main}
  thrown in C:\Users\favo05\Documents\Douglas College\Backend Web Dev\Project\inc\Entity\Page.class.php on line 340
[28-Jul-2023 23:41:16 America/Vancouver] PHP Fatal error:  Uncaught Error: Call to a member function getOrderId() on array in C:\Users\favo05\Documents\Douglas College\Backend Web Dev\Project\inc\Entity\Page.class.php:204
Stack trace:
#0 C:\Users\favo05\Documents\Douglas College\Backend Web Dev\Project\ProjectMain.php(111): Page::displayMedicinesTable(Array, 'addMedicine', Array)
#1 {main}
  thrown in C:\Users\favo05\Documents\Douglas College\Backend Web Dev\Project\inc\Entity\Page.class.php on line 204
[28-Jul-2023 23:41:21 America/Vancouver] PHP Fatal error:  Uncaught Error: Call to a member function getOrderId() on array in C:\Users\favo05\Documents\Douglas College\Backend Web Dev\Project\inc\Entity\Page.class.php:204
Stack trace:
#0 C:\Users\favo05\Documents\Douglas College\Backend Web Dev\Project\ProjectMain.php(111): Page::displayMedicinesTable(Array, 'addMedicine', Array)
#1 {main}
  thrown in C:\Users\favo05\Documents\Douglas College\Backend Web Dev\Project\inc\Entity\Page.class.php on line 204
[29-Jul-2023 08:42:58 Europe/Berlin] PHP Warning:  Undefined array key 0 in C:\Users\favo05\Documents\Douglas College\Backend Web Dev\Project\inc\Entity\Page.class.php on line 340
[29-Jul-2023 08:42:58 Europe/Berlin] PHP Fatal error:  Uncaught Error: Call to a member function getOrderId() on null in C:\Users\favo05\Documents\Douglas College\Backend Web Dev\Project\inc\Entity\Page.class.php:340
Stack trace:
#0 C:\Users\favo05\Documents\Douglas College\Backend Web Dev\Project\ProjectMain.php(125): Page::orderConfirmation(Array)
#1 {main}
  thrown in C:\Users\favo05\Documents\Douglas College\Backend Web Dev\Project\inc\Entity\Page.class.php on line 340
[28-Jul-2023 23:44:30 America/Vancouver] PHP Warning:  Undefined array key 1 in C:\Users\favo05\Documents\Douglas College\Backend Web Dev\Project\inc\Entity\Page.class.php on line 204
[28-Jul-2023 23:44:30 America/Vancouver] PHP Fatal error:  Uncaught Error: Call to a member function getOrderId() on null in C:\Users\favo05\Documents\Douglas College\Backend Web Dev\Project\inc\Entity\Page.class.php:204
Stack trace:
#0 C:\Users\favo05\Documents\Douglas College\Backend Web Dev\Project\ProjectMain.php(111): Page::displayMedicinesTable(Array, 'addMedicine', Array)
#1 {main}
  thrown in C:\Users\favo05\Documents\Douglas College\Backend Web Dev\Project\inc\Entity\Page.class.php on line 204
[29-Jul-2023 08:44:34 Europe/Berlin] PHP Warning:  Undefined array key "action" in C:\Users\favo05\Documents\Douglas College\Backend Web Dev\Project\ProjectMain.php on line 100
[29-Jul-2023 08:44:34 Europe/Berlin] PHP Warning:  Undefined array key "action" in C:\Users\favo05\Documents\Douglas College\Backend Web Dev\Project\ProjectMain.php on line 102
[29-Jul-2023 08:44:34 Europe/Berlin] PHP Warning:  Undefined array key 0 in C:\Users\favo05\Documents\Douglas College\Backend Web Dev\Project\inc\Entity\Page.class.php on line 340
[29-Jul-2023 08:44:34 Europe/Berlin] PHP Fatal error:  Uncaught Error: Call to a member function getOrderId() on null in C:\Users\favo05\Documents\Douglas College\Backend Web Dev\Project\inc\Entity\Page.class.php:340
Stack trace:
#0 C:\Users\favo05\Documents\Douglas College\Backend Web Dev\Project\ProjectMain.php(125): Page::orderConfirmation(Array)
#1 {main}
  thrown in C:\Users\favo05\Documents\Douglas College\Backend Web Dev\Project\inc\Entity\Page.class.php on line 340
[29-Jul-2023 08:46:51 Europe/Berlin] PHP Warning:  Undefined array key 0 in C:\Users\favo05\Documents\Douglas College\Backend Web Dev\Project\inc\Entity\Page.class.php on line 340
[29-Jul-2023 08:46:51 Europe/Berlin] PHP Fatal error:  Uncaught Error: Call to a member function getOrderId() on null in C:\Users\favo05\Documents\Douglas College\Backend Web Dev\Project\inc\Entity\Page.class.php:340
Stack trace:
#0 C:\Users\favo05\Documents\Douglas College\Backend Web Dev\Project\ProjectMain.php(125): Page::orderConfirmation(Array)
#1 {main}
  thrown in C:\Users\favo05\Documents\Douglas College\Backend Web Dev\Project\inc\Entity\Page.class.php on line 340
[29-Jul-2023 08:54:19 Europe/Berlin] PHP Warning:  Undefined array key 0 in C:\Users\favo05\Documents\Douglas College\Backend Web Dev\Project\inc\Entity\Page.class.php on line 340
[29-Jul-2023 08:54:19 Europe/Berlin] PHP Fatal error:  Uncaught Error: Call to a member function getOrderId() on null in C:\Users\favo05\Documents\Douglas College\Backend Web Dev\Project\inc\Entity\Page.class.php:340
Stack trace:
#0 C:\Users\favo05\Documents\Douglas College\Backend Web Dev\Project\ProjectMain.php(125): Page::orderConfirmation(Array)
#1 {main}
  thrown in C:\Users\favo05\Documents\Douglas College\Backend Web Dev\Project\inc\Entity\Page.class.php on line 340
[29-Jul-2023 08:55:48 Europe/Berlin] PHP Warning:  Undefined array key 0 in C:\Users\favo05\Documents\Douglas College\Backend Web Dev\Project\inc\Entity\Page.class.php on line 340
[29-Jul-2023 08:55:48 Europe/Berlin] PHP Fatal error:  Uncaught Error: Call to a member function getOrderId() on null in C:\Users\favo05\Documents\Douglas College\Backend Web Dev\Project\inc\Entity\Page.class.php:340
Stack trace:
#0 C:\Users\favo05\Documents\Douglas College\Backend Web Dev\Project\ProjectMain.php(125): Page::orderConfirmation(Array)
#1 {main}
  thrown in C:\Users\favo05\Documents\Douglas College\Backend Web Dev\Project\inc\Entity\Page.class.php on line 340
[29-Jul-2023 08:56:58 Europe/Berlin] PHP Warning:  Undefined variable $preOrderId in C:\Users\favo05\Documents\Douglas College\Backend Web Dev\Project\inc\Entity\Page.class.php on line 205
[29-Jul-2023 08:58:05 Europe/Berlin] PHP Warning:  Undefined variable $preOrderId in C:\Users\favo05\Documents\Douglas College\Backend Web Dev\Project\inc\Entity\Page.class.php on line 205
[29-Jul-2023 09:01:35 Europe/Berlin] PHP Warning:  Undefined variable $preOrderId in C:\Users\favo05\Documents\Douglas College\Backend Web Dev\Project\inc\Entity\Page.class.php on line 205
[29-Jul-2023 09:01:35 Europe/Berlin] PHP Warning:  Undefined variable $preOrderId in C:\Users\favo05\Documents\Douglas College\Backend Web Dev\Project\inc\Entity\Page.class.php on line 217
[29-Jul-2023 09:01:38 Europe/Berlin] PHP Warning:  Undefined variable $preOrderId in C:\Users\favo05\Documents\Douglas College\Backend Web Dev\Project\inc\Entity\Page.class.php on line 205
[29-Jul-2023 09:01:38 Europe/Berlin] PHP Warning:  Undefined variable $preOrderId in C:\Users\favo05\Documents\Douglas College\Backend Web Dev\Project\inc\Entity\Page.class.php on line 217
[29-Jul-2023 09:02:13 Europe/Berlin] PHP Warning:  Undefined variable $preOrderId in C:\Users\favo05\Documents\Douglas College\Backend Web Dev\Project\inc\Entity\Page.class.php on line 205
[29-Jul-2023 09:02:13 Europe/Berlin] PHP Warning:  Undefined variable $preOrderId in C:\Users\favo05\Documents\Douglas College\Backend Web Dev\Project\inc\Entity\Page.class.php on line 217
[29-Jul-2023 09:11:16 Europe/Berlin] PHP Warning:  Undefined variable $preOrderId in C:\Users\favo05\Documents\Douglas College\Backend Web Dev\Project\inc\Entity\Page.class.php on line 205
[29-Jul-2023 09:11:16 Europe/Berlin] PHP Warning:  Undefined variable $preOrderId in C:\Users\favo05\Documents\Douglas College\Backend Web Dev\Project\inc\Entity\Page.class.php on line 217
[29-Jul-2023 09:21:29 Europe/Berlin] PHP Warning:  Undefined variable $preOrderId in C:\Users\favo05\Documents\Douglas College\Backend Web Dev\Project\inc\Entity\Page.class.php on line 206
[29-Jul-2023 09:21:29 Europe/Berlin] PHP Warning:  Undefined variable $preOrderId in C:\Users\favo05\Documents\Douglas College\Backend Web Dev\Project\inc\Entity\Page.class.php on line 218
[29-Jul-2023 09:21:49 Europe/Berlin] PHP Warning:  Undefined variable $preOrderId in C:\Users\favo05\Documents\Douglas College\Backend Web Dev\Project\inc\Entity\Page.class.php on line 206
[29-Jul-2023 09:21:49 Europe/Berlin] PHP Warning:  Undefined variable $preOrderId in C:\Users\favo05\Documents\Douglas College\Backend Web Dev\Project\inc\Entity\Page.class.php on line 218
[29-Jul-2023 09:22:09 Europe/Berlin] PHP Warning:  Undefined variable $preOrderId in C:\Users\favo05\Documents\Douglas College\Backend Web Dev\Project\inc\Entity\Page.class.php on line 206
[29-Jul-2023 09:22:09 Europe/Berlin] PHP Warning:  Undefined variable $preOrderId in C:\Users\favo05\Documents\Douglas College\Backend Web Dev\Project\inc\Entity\Page.class.php on line 218
[29-Jul-2023 09:22:17 Europe/Berlin] PHP Warning:  Undefined variable $preOrderId in C:\Users\favo05\Documents\Douglas College\Backend Web Dev\Project\inc\Entity\Page.class.php on line 206
[29-Jul-2023 09:22:17 Europe/Berlin] PHP Warning:  Undefined variable $preOrderId in C:\Users\favo05\Documents\Douglas College\Backend Web Dev\Project\inc\Entity\Page.class.php on line 218
[29-Jul-2023 09:23:57 Europe/Berlin] PHP Warning:  Undefined variable $preOrderId in C:\Users\favo05\Documents\Douglas College\Backend Web Dev\Project\inc\Entity\Page.class.php on line 206
[29-Jul-2023 09:23:57 Europe/Berlin] PHP Warning:  Undefined variable $preOrderId in C:\Users\favo05\Documents\Douglas College\Backend Web Dev\Project\inc\Entity\Page.class.php on line 218
[29-Jul-2023 10:02:32 Europe/Berlin] PHP Warning:  Undefined variable $preOrderId in C:\Users\favo05\Documents\Douglas College\Backend Web Dev\Project\inc\Entity\Page.class.php on line 208
[29-Jul-2023 10:02:32 Europe/Berlin] PHP Warning:  Undefined variable $preOrderId in C:\Users\favo05\Documents\Douglas College\Backend Web Dev\Project\inc\Entity\Page.class.php on line 220
[29-Jul-2023 10:02:36 Europe/Berlin] PHP Fatal error:  Uncaught ArgumentCountError: Too few arguments to function Page::displayHeader(), 0 passed in C:\Users\favo05\Documents\Douglas College\Backend Web Dev\Project\ProjectMainBackup.php on line 41 and exactly 1 expected in C:\Users\favo05\Documents\Douglas College\Backend Web Dev\Project\inc\Entity\Page.class.php:18
Stack trace:
#0 C:\Users\favo05\Documents\Douglas College\Backend Web Dev\Project\ProjectMainBackup.php(41): Page::displayHeader()
#1 {main}
  thrown in C:\Users\favo05\Documents\Douglas College\Backend Web Dev\Project\inc\Entity\Page.class.php on line 18
[29-Jul-2023 10:08:52 Europe/Berlin] PHP Warning:  Undefined variable $preOrderId in C:\Users\favo05\Documents\Douglas College\Backend Web Dev\Project\inc\Entity\Page.class.php on line 208
[29-Jul-2023 10:08:52 Europe/Berlin] PHP Warning:  Undefined variable $preOrderId in C:\Users\favo05\Documents\Douglas College\Backend Web Dev\Project\inc\Entity\Page.class.php on line 220
[29-Jul-2023 10:20:28 Europe/Berlin] PHP Fatal error:  Uncaught Error: Call to undefined method Order::getOrderPST() in C:\Users\favo05\Documents\Douglas College\Backend Web Dev\Project\inc\Entity\Page.class.php:515
Stack trace:
#0 C:\Users\favo05\Documents\Douglas College\Backend Web Dev\Project\ListOrders.php(26): Page::displayOrdersTable(Array)
#1 {main}
  thrown in C:\Users\favo05\Documents\Douglas College\Backend Web Dev\Project\inc\Entity\Page.class.php on line 515
[29-Jul-2023 10:21:09 Europe/Berlin] PHP Fatal error:  Uncaught TypeError: Order::getPST(): Return value must be of type float, null returned in C:\Users\favo05\Documents\Douglas College\Backend Web Dev\Project\inc\Entity\Order.class.php:36
Stack trace:
#0 C:\Users\favo05\Documents\Douglas College\Backend Web Dev\Project\inc\Entity\Page.class.php(515): Order->getPST()
#1 C:\Users\favo05\Documents\Douglas College\Backend Web Dev\Project\ListOrders.php(26): Page::displayOrdersTable(Array)
#2 {main}
  thrown in C:\Users\favo05\Documents\Douglas College\Backend Web Dev\Project\inc\Entity\Order.class.php on line 36
[29-Jul-2023 10:21:11 Europe/Berlin] PHP Fatal error:  Uncaught TypeError: Order::getPST(): Return value must be of type float, null returned in C:\Users\favo05\Documents\Douglas College\Backend Web Dev\Project\inc\Entity\Order.class.php:36
Stack trace:
#0 C:\Users\favo05\Documents\Douglas College\Backend Web Dev\Project\inc\Entity\Page.class.php(515): Order->getPST()
#1 C:\Users\favo05\Documents\Douglas College\Backend Web Dev\Project\ListOrders.php(26): Page::displayOrdersTable(Array)
#2 {main}
  thrown in C:\Users\favo05\Documents\Douglas College\Backend Web Dev\Project\inc\Entity\Order.class.php on line 36
[29-Jul-2023 10:41:46 Europe/Berlin] PHP Fatal error:  Uncaught Error: Cannot access private property Order::$TotalPrice in C:\Users\favo05\Documents\Douglas College\Backend Web Dev\Project\inc\Entity\Page.class.php:583
Stack trace:
#0 C:\Users\favo05\Documents\Douglas College\Backend Web Dev\Project\ListOrders.php(27): Page::displayOrderDetails(Array)
#1 {main}
  thrown in C:\Users\favo05\Documents\Douglas College\Backend Web Dev\Project\inc\Entity\Page.class.php on line 583
[29-Jul-2023 10:42:53 Europe/Berlin] PHP Warning:  Undefined array key "orderId" in C:\Users\favo05\Documents\Douglas College\Backend Web Dev\Project\ListOrders.php on line 27
[29-Jul-2023 10:42:53 Europe/Berlin] PHP Fatal error:  Uncaught TypeError: OrderCLassDAO::getPreOrder(): Argument #1 ($OrderId) must be of type string, null given, called in C:\Users\favo05\Documents\Douglas College\Backend Web Dev\Project\ListOrders.php on line 27 and defined in C:\Users\favo05\Documents\Douglas College\Backend Web Dev\Project\inc\Utility\OrderClassDAO.class.php:132
Stack trace:
#0 C:\Users\favo05\Documents\Douglas College\Backend Web Dev\Project\ListOrders.php(27): OrderCLassDAO::getPreOrder(NULL)
#1 {main}
  thrown in C:\Users\favo05\Documents\Douglas College\Backend Web Dev\Project\inc\Utility\OrderClassDAO.class.php on line 132
[29-Jul-2023 10:51:14 Europe/Berlin] PHP Warning:  Undefined array key "orderId" in C:\Users\favo05\Documents\Douglas College\Backend Web Dev\Project\ListOrders.php on line 27
[29-Jul-2023 10:51:14 Europe/Berlin] PHP Fatal error:  Uncaught TypeError: OrderCLassDAO::getPreOrder(): Argument #1 ($OrderId) must be of type string, null given, called in C:\Users\favo05\Documents\Douglas College\Backend Web Dev\Project\ListOrders.php on line 27 and defined in C:\Users\favo05\Documents\Douglas College\Backend Web Dev\Project\inc\Utility\OrderClassDAO.class.php:132
Stack trace:
#0 C:\Users\favo05\Documents\Douglas College\Backend Web Dev\Project\ListOrders.php(27): OrderCLassDAO::getPreOrder(NULL)
#1 {main}
  thrown in C:\Users\favo05\Documents\Douglas College\Backend Web Dev\Project\inc\Utility\OrderClassDAO.class.php on line 132
[29-Jul-2023 19:46:21 Europe/Berlin] PHP Fatal error:  Uncaught TypeError: Order::getPST(): Return value must be of type float, null returned in C:\Users\300365472\Documents\BackendWebDev\VeterinaryPharmacyProjectPHP\inc\Entity\Order.class.php:36
Stack trace:
#0 C:\Users\300365472\Documents\BackendWebDev\VeterinaryPharmacyProjectPHP\inc\Entity\Page.class.php(515): Order->getPST()
#1 C:\Users\300365472\Documents\BackendWebDev\VeterinaryPharmacyProjectPHP\ListOrders.php(31): Page::displayOrdersTable(Array)
#2 {main}
  thrown in C:\Users\300365472\Documents\BackendWebDev\VeterinaryPharmacyProjectPHP\inc\Entity\Order.class.php on line 36
[29-Jul-2023 20:03:13 Europe/Berlin] PHP Warning:  Undefined array key "action" in C:\Users\300365472\Documents\BackendWebDev\VeterinaryPharmacyProjectPHP\ListOrders.php on line 26
[29-Jul-2023 20:03:13 Europe/Berlin] PHP Stack trace:
[29-Jul-2023 20:03:13 Europe/Berlin] PHP   1. {main}() C:\Users\300365472\Documents\BackendWebDev\VeterinaryPharmacyProjectPHP\ListOrders.php:0
[29-Jul-2023 20:03:13 Europe/Berlin] PHP Warning:  Undefined array key "action" in C:\Users\300365472\Documents\BackendWebDev\VeterinaryPharmacyProjectPHP\ListOrders.php on line 28
[29-Jul-2023 20:03:13 Europe/Berlin] PHP Stack trace:
[29-Jul-2023 20:03:13 Europe/Berlin] PHP   1. {main}() C:\Users\300365472\Documents\BackendWebDev\VeterinaryPharmacyProjectPHP\ListOrders.php:0
[29-Jul-2023 20:07:49 Europe/Berlin] PHP Warning:  Undefined array key "action" in C:\Users\300365472\Documents\BackendWebDev\VeterinaryPharmacyProjectPHP\PlaceOrder.php on line 100
[29-Jul-2023 20:07:49 Europe/Berlin] PHP Stack trace:
[29-Jul-2023 20:07:49 Europe/Berlin] PHP   1. {main}() C:\Users\300365472\Documents\BackendWebDev\VeterinaryPharmacyProjectPHP\PlaceOrder.php:0
[29-Jul-2023 20:07:49 Europe/Berlin] PHP Warning:  Undefined array key "action" in C:\Users\300365472\Documents\BackendWebDev\VeterinaryPharmacyProjectPHP\PlaceOrder.php on line 102
[29-Jul-2023 20:07:49 Europe/Berlin] PHP Stack trace:
[29-Jul-2023 20:07:49 Europe/Berlin] PHP   1. {main}() C:\Users\300365472\Documents\BackendWebDev\VeterinaryPharmacyProjectPHP\PlaceOrder.php:0
[29-Jul-2023 20:08:53 Europe/Berlin] PHP Warning:  Undefined array key "action" in C:\Users\300365472\Documents\BackendWebDev\VeterinaryPharmacyProjectPHP\PlaceOrder.php on line 100
[29-Jul-2023 20:08:53 Europe/Berlin] PHP Stack trace:
[29-Jul-2023 20:08:53 Europe/Berlin] PHP   1. {main}() C:\Users\300365472\Documents\BackendWebDev\VeterinaryPharmacyProjectPHP\PlaceOrder.php:0
[29-Jul-2023 20:08:53 Europe/Berlin] PHP Warning:  Undefined array key "action" in C:\Users\300365472\Documents\BackendWebDev\VeterinaryPharmacyProjectPHP\PlaceOrder.php on line 102
[29-Jul-2023 20:08:53 Europe/Berlin] PHP Stack trace:
[29-Jul-2023 20:08:53 Europe/Berlin] PHP   1. {main}() C:\Users\300365472\Documents\BackendWebDev\VeterinaryPharmacyProjectPHP\PlaceOrder.php:0
[29-Jul-2023 20:09:54 Europe/Berlin] PHP Warning:  Undefined array key "action" in C:\Users\300365472\Documents\BackendWebDev\VeterinaryPharmacyProjectPHP\PlaceOrder.php on line 102
[29-Jul-2023 20:09:54 Europe/Berlin] PHP Stack trace:
[29-Jul-2023 20:09:54 Europe/Berlin] PHP   1. {main}() C:\Users\300365472\Documents\BackendWebDev\VeterinaryPharmacyProjectPHP\PlaceOrder.php:0
[29-Jul-2023 20:12:43 Europe/Berlin] PHP Warning:  Undefined variable $preOrderId in C:\Users\300365472\Documents\BackendWebDev\VeterinaryPharmacyProjectPHP\inc\Entity\Page.class.php on line 208
[29-Jul-2023 20:12:43 Europe/Berlin] PHP Stack trace:
[29-Jul-2023 20:12:43 Europe/Berlin] PHP   1. {main}() C:\Users\300365472\Documents\BackendWebDev\VeterinaryPharmacyProjectPHP\PlaceOrder.php:0
[29-Jul-2023 20:12:43 Europe/Berlin] PHP   2. Page::displayMedicinesTable($medicines = [0 => class Medicine { private $MedicineID = 1; private $ActiveDrug = 'Xylazine'; private $Category = 'Anaesthetic, analgesic, and se'; private $UnitPrice = 27.5 }, 1 => class Medicine { private $MedicineID = 2; private $ActiveDrug = 'Medetomidine'; private $Category = 'Anaesthetic, analgesic, and se'; private $UnitPrice = 27.5 }, 2 => class Medicine { private $MedicineID = 3; private $ActiveDrug = 'Dexmedetomidine'; private $Category = 'Anaesthetic, analgesic, and se'; private $UnitPrice = 27.5 }, 3 => class Medicine { private $MedicineID = 4; private $ActiveDrug = 'Yohimbine'; private $Category = 'Anaesthetic, analgesic, and se'; private $UnitPrice = 27.5 }, 4 => class Medicine { private $MedicineID = 5; private $ActiveDrug = 'Tolazoline'; private $Category = 'Anaesthetic, analgesic, and se'; private $UnitPrice = 27.5 }, 5 => class Medicine { private $MedicineID = 6; private $ActiveDrug = 'Atipamezole'; private $Category = 'Anaesthetic, analgesic, and se'; private $UnitPrice = 27.5 }, 6 => class Medicine { private $MedicineID = 7; private $ActiveDrug = 'Atropine'; private $Category = 'Anaesthetic, analgesic, and se'; private $UnitPrice = 27.5 }, 7 => class Medicine { private $MedicineID = 8; private $ActiveDrug = 'Glycopyrrolate'; private $Category = 'Anaesthetic, analgesic, and se'; private $UnitPrice = 27.5 }, 8 => class Medicine { private $MedicineID = 9; private $ActiveDrug = 'Lidocaine'; private $Category = 'Anaesthetic, analgesic, and se'; private $UnitPrice = 27.5 }, 9 => class Medicine { private $MedicineID = 10; private $ActiveDrug = 'Epinephrine'; private $Category = 'Anaesthetic, analgesic, and se'; private $UnitPrice = 27.5 }, 10 => class Medicine { private $MedicineID = 11; private $ActiveDrug = 'Ketamine'; private $Category = 'Anaesthetic, analgesic, and se'; private $UnitPrice = 27.5 }, 11 => class Medicine { private $MedicineID = 12; private $ActiveDrug = 'Tiletamine-zolazepam'; private $Category = 'Anaesthetic, analgesic, and se'; private $UnitPrice = 27.5 }, 12 => class Medicine { private $MedicineID = 13; private $ActiveDrug = 'Midazolam'; private $Category = 'Anaesthetic, analgesic, and se'; private $UnitPrice = 27.5 }, 13 => class Medicine { private $MedicineID = 14; private $ActiveDrug = 'Diazepam'; private $Category = 'Anaesthetic, analgesic, and se'; private $UnitPrice = 27.5 }, 14 => class Medicine { private $MedicineID = 15; private $ActiveDrug = 'Ibuprofen.'; private $Category = 'Anaesthetic, analgesic, and se'; private $UnitPrice = 27.5 }, 15 => class Medicine { private $MedicineID = 16; private $ActiveDrug = 'Naproxen'; private $Category = 'Anaesthetic, analgesic, and se'; private $UnitPrice = 27.5 }, 16 => class Medicine { private $MedicineID = 17; private $ActiveDrug = 'Diclofenac'; private $Category = 'Anaesthetic, analgesic, and se'; private $UnitPrice = 27.5 }, 17 => class Medicine { private $MedicineID = 18; private $ActiveDrug = 'Aspirin'; private $Category = 'Anaesthetic, analgesic, and se'; private $UnitPrice = 27.5 }, 18 => class Medicine { private $MedicineID = 19; private $ActiveDrug = 'Buprenorphine'; private $Category = 'Anaesthetic, analgesic, and se'; private $UnitPrice = 27.5 }, 19 => class Medicine { private $MedicineID = 20; private $ActiveDrug = 'Calcium gluconate'; private $Category = 'Anaesthetic, analgesic, and se'; private $UnitPrice = 27.5 }, 20 => class Medicine { private $MedicineID = 21; private $ActiveDrug = 'Mannitol'; private $Category = 'Anaesthetic, analgesic, and se'; private $UnitPrice = 27.5 }, 21 => class Medicine { private $MedicineID = 22; private $ActiveDrug = 'Dextrose'; private $Category = 'Anaesthetic, analgesic, and se'; private $UnitPrice = 27.5 }, 22 => class Medicine { private $MedicineID = 23; private $ActiveDrug = 'Diphenhydramine'; private $Category = 'Anaesthetic, analgesic, and se'; private $UnitPrice = 27.5 }, 23 => class Medicine { private $MedicineID = 24; private $ActiveDrug = 'Amoxicillin'; private $Category = 'Antimicrobial drugs'; private $UnitPrice = 16.5 }, 24 => class Medicine { private $MedicineID = 25; private $ActiveDrug = 'Clindamycin'; private $Category = 'Antimicrobial drugs'; private $UnitPrice = 16.5 }, 25 => class Medicine { private $MedicineID = 26; private $ActiveDrug = 'Ampicillin'; private $Category = 'Antimicrobial drugs'; private $UnitPrice = 16.5 }, 26 => class Medicine { private $MedicineID = 27; private $ActiveDrug = 'Benzylpenicillin'; private $Category = 'Antimicrobial drugs'; private $UnitPrice = 16.5 }, 27 => class Medicine { private $MedicineID = 28; private $ActiveDrug = 'Cefazolin'; private $Category = 'Antimicrobial drugs'; private $UnitPrice = 16.5 }, 28 => class Medicine { private $MedicineID = 29; private $ActiveDrug = 'Sulfadiazinen'; private $Category = 'Antimicrobial drugs'; private $UnitPrice = 16.5 }, 29 => class Medicine { private $MedicineID = 30; private $ActiveDrug = 'Doxycycline'; private $Category = 'Antimicrobial drugs'; private $UnitPrice = 16.5 }, 30 => class Medicine { private $MedicineID = 31; private $ActiveDrug = 'Erythromycin'; private $Category = 'Antimicrobial drugs'; private $UnitPrice = 16.5 }, 31 => class Medicine { private $MedicineID = 32; private $ActiveDrug = 'Tylosin'; private $Category = 'Antimicrobial drugs'; private $UnitPrice = 16.5 }, 32 => class Medicine { private $MedicineID = 33; private $ActiveDrug = 'Metronidazole'; private $Category = 'Antimicrobial drugs'; private $UnitPrice = 16.5 }, 33 => class Medicine { private $MedicineID = 34; private $ActiveDrug = 'Enrofloxacin'; private $Category = 'Antimicrobial drugs'; private $UnitPrice = 16.5 }, 34 => class Medicine { private $MedicineID = 35; private $ActiveDrug = 'Gentamicin'; private $Category = 'Antimicrobial drugs'; private $UnitPrice = 16.5 }, 35 => class Medicine { private $MedicineID = 36; private $ActiveDrug = 'Chlorhexidine gluconate'; private $Category = 'Antimicrobial drugs'; private $UnitPrice = 16.5 }, 36 => class Medicine { private $MedicineID = 37; private $ActiveDrug = 'Miconazole'; private $Category = 'Antifungal drugs'; private $UnitPrice = 18.5 }, 37 => class Medicine { private $MedicineID = 38; private $ActiveDrug = 'Econazole'; private $Category = 'Antifungal drugs'; private $UnitPrice = 18.5 }, 38 => class Medicine { private $MedicineID = 39; private $ActiveDrug = 'Clotrimazole'; private $Category = 'Antifungal drugs'; private $UnitPrice = 18.5 }, 39 => class Medicine { private $MedicineID = 40; private $ActiveDrug = 'Enilconazole'; private $Category = 'Antifungal drugs'; private $UnitPrice = 18.5 }, 40 => class Medicine { private $MedicineID = 41; private $ActiveDrug = 'Terbinafine'; private $Category = 'Antifungal drugs'; private $UnitPrice = 18.5 }, 41 => class Medicine { private $MedicineID = 42; private $ActiveDrug = 'Famciclovir'; private $Category = 'Antiviral drugs'; private $UnitPrice = 12.5 }, 42 => class Medicine { private $MedicineID = 43; private $ActiveDrug = 'Zidovudine'; private $Category = 'Antiviral drugs'; private $UnitPrice = 12.5 }, 43 => class Medicine { private $MedicineID = 44; private $ActiveDrug = 'Imidacloprid'; private $Category = 'Antiparasitic drugs'; private $UnitPrice = 15.5 }, 44 => class Medicine { private $MedicineID = 45; private $ActiveDrug = 'Fipronil'; private $Category = 'Antiparasitic drugs'; private $UnitPrice = 15.5 }, 45 => class Medicine { private $MedicineID = 46; private $ActiveDrug = 'Flumethrin'; private $Category = 'Antiparasitic drugs'; private $UnitPrice = 15.5 }, 46 => class Medicine { private $MedicineID = 47; private $ActiveDrug = 'Milbemycins'; private $Category = 'Antiparasitic drugs'; private $UnitPrice = 15.5 }, 47 => class Medicine { private $MedicineID = 48; private $ActiveDrug = 'Praziquantel,'; private $Category = 'Antiparasitic drugs'; private $UnitPrice = 15.5 }, 48 => class Medicine { private $MedicineID = 49; private $ActiveDrug = 'Pyrantel'; private $Category = 'Antiparasitic drugs'; private $UnitPrice = 15.5 }, 49 => class Medicine { private $MedicineID = 50; private $ActiveDrug = 'Pyriproxyfen'; private $Category = 'Antiparasitic drugs'; private $UnitPrice = 15.5 }, 50 => class Medicine { private $MedicineID = 51; private $ActiveDrug = 'Febantel'; private $Category = 'Antiparasitic drugs'; private $UnitPrice = 15.5 }, 51 => class Medicine { private $MedicineID = 52; private $ActiveDrug = 'Fenbendazole'; private $Category = 'Antiparasitic drugs'; private $UnitPrice = 15.5 }, 52 => class Medicine { private $MedicineID = 53; private $ActiveDrug = 'Mebendazole'; private $Category = 'Antiparasitic drugs'; private $UnitPrice = 15.5 }, 53 => class Medicine { private $MedicineID = 54; private $ActiveDrug = 'Melarsomine'; private $Category = 'Antiparasitic drugs'; private $UnitPrice = 15.5 }, 54 => class Medicine { private $MedicineID = 55; private $ActiveDrug = 'Furosemide'; private $Category = 'Cardiorespiratory and renal sy'; private $UnitPrice = 13.5 }, 55 => class Medicine { private $MedicineID = 56; private $ActiveDrug = 'Pimobendan'; private $Category = 'Cardiorespiratory and renal sy'; private $UnitPrice = 13.5 }, 56 => class Medicine { private $MedicineID = 57; private $ActiveDrug = 'Amlodipine'; private $Category = 'Cardiorespiratory and renal sy'; private $UnitPrice = 13.5 }, 57 => class Medicine { private $MedicineID = 58; private $ActiveDrug = 'Benazepril'; private $Category = 'Cardiorespiratory and renal sy'; private $UnitPrice = 13.5 }, 58 => class Medicine { private $MedicineID = 59; private $ActiveDrug = 'Spironolactone'; private $Category = 'Cardiorespiratory and renal sy'; private $UnitPrice = 13.5 }, 59 => class Medicine { private $MedicineID = 60; private $ActiveDrug = 'Atenolol'; private $Category = 'Cardiorespiratory and renal sy'; private $UnitPrice = 13.5 }, 60 => class Medicine { private $MedicineID = 61; private $ActiveDrug = 'Ranitidine'; private $Category = 'Gastrointestinal system'; private $UnitPrice = 17.5 }, 61 => class Medicine { private $MedicineID = 62; private $ActiveDrug = 'Famotidine'; private $Category = 'Gastrointestinal system'; private $UnitPrice = 17.5 }, 62 => class Medicine { private $MedicineID = 63; private $ActiveDrug = 'Omeprazole'; private $Category = 'Gastrointestinal system'; private $UnitPrice = 17.5 }, 63 => class Medicine { private $MedicineID = 64; private $ActiveDrug = 'Apomorphine'; private $Category = 'Gastrointestinal system'; private $UnitPrice = 17.5 }, 64 => class Medicine { private $MedicineID = 65; private $ActiveDrug = 'Metoclopramide'; private $Category = 'Gastrointestinal system'; private $UnitPrice = 17.5 }, 65 => class Medicine { private $MedicineID = 66; private $ActiveDrug = 'Prednisolone'; private $Category = 'Gastrointestinal system'; private $UnitPrice = 17.5 }, 66 => class Medicine { private $MedicineID = 67; private $ActiveDrug = 'Lactulose'; private $Category = 'Gastrointestinal system'; private $UnitPrice = 17.5 }, 67 => class Medicine { private $MedicineID = 68; private $ActiveDrug = 'Cyclosporine'; private $Category = 'Immunomodulatory drugs'; private $UnitPrice = 12.5 }, 68 => class Medicine { private $MedicineID = 69; private $ActiveDrug = 'Tacrolimus'; private $Category = 'Immunomodulatory drugs'; private $UnitPrice = 12.5 }, 69 => class Medicine { private $MedicineID = 70; private $ActiveDrug = 'Dexamethasone'; private $Category = 'Neurology'; private $UnitPrice = 18.5 }, 70 => class Medicine { private $MedicineID = 71; private $ActiveDrug = 'Thiamine'; private $Category = 'Neurology'; private $UnitPrice = 18.5 }, 71 => class Medicine { private $MedicineID = 72; private $ActiveDrug = 'Phenobarbital'; private $Category = 'Neurology'; private $UnitPrice = 18.5 }, 72 => class Medicine { private $MedicineID = 73; private $ActiveDrug = 'Potassium bromide'; private $Category = 'Neurology'; private $UnitPrice = 18.5 }, 73 => class Medicine { private $MedicineID = 74; private $ActiveDrug = 'Levetiracetam'; private $Category = 'Neurology'; private $UnitPrice = 18.5 }, 74 => class Medicine { private $MedicineID = 75; private $ActiveDrug = 'Gabapentin'; private $Category = 'Neurology'; private $UnitPrice = 18.5 }, 75 => class Medicine { private $MedicineID = 76; private $ActiveDrug = 'Cyclophosphamide'; private $Category = 'Oncology'; private $UnitPrice = 32.5 }, 76 => class Medicine { private $MedicineID = 77; private $ActiveDrug = 'Chlorambucil,'; private $Category = 'Oncology'; private $UnitPrice = 32.5 }, 77 => class Medicine { private $MedicineID = 78; private $ActiveDrug = 'Carboplatin'; private $Category = 'Oncology'; private $UnitPrice = 32.5 }, 78 => class Medicine { private $MedicineID = 79; private $ActiveDrug = 'Lomustine'; private $Category = 'Oncology'; private $UnitPrice = 32.5 }, 79 => class Medicine { private $MedicineID = 80; private $ActiveDrug = 'Dexamethasone phosphate'; private $Category = 'Ophthalmology'; private $UnitPrice = 11.5 }, 80 => class Medicine { private $MedicineID = 81; private $ActiveDrug = 'Pilocarpine'; private $Category = 'Ophthalmology'; private $UnitPrice = 11.5 }, 81 => class Medicine { private $MedicineID = 82; private $ActiveDrug = 'Deslorelin'; private $Category = 'Reproduction'; private $UnitPrice = 12.5 }, 82 => class Medicine { private $MedicineID = 83; private $ActiveDrug = 'Aglepristone'; private $Category = 'Reproduction'; private $UnitPrice = 12.5 }, 83 => class Medicine { private $MedicineID = 84; private $ActiveDrug = 'Oxytocin'; private $Category = 'Reproduction'; private $UnitPrice = 12.5 }, 84 => class Medicine { private $MedicineID = 85; private $ActiveDrug = 'Calcium gluconate'; private $Category = 'Reproduction'; private $UnitPrice = 12.5 }, 85 => class Medicine { private $MedicineID = 86; private $ActiveDrug = 'Finasteride'; private $Category = 'Reproduction'; private $UnitPrice = 12.5 }], $action = 'createPreOrder', $preOrder = *uninitialized*) C:\Users\300365472\Documents\BackendWebDev\VeterinaryPharmacyProjectPHP\PlaceOrder.php:130
[29-Jul-2023 20:12:43 Europe/Berlin] PHP Warning:  Undefined variable $preOrderId in C:\Users\300365472\Documents\BackendWebDev\VeterinaryPharmacyProjectPHP\inc\Entity\Page.class.php on line 220
[29-Jul-2023 20:12:43 Europe/Berlin] PHP Stack trace:
[29-Jul-2023 20:12:43 Europe/Berlin] PHP   1. {main}() C:\Users\300365472\Documents\BackendWebDev\VeterinaryPharmacyProjectPHP\PlaceOrder.php:0
[29-Jul-2023 20:12:43 Europe/Berlin] PHP   2. Page::displayMedicinesTable($medicines = [0 => class Medicine { private $MedicineID = 1; private $ActiveDrug = 'Xylazine'; private $Category = 'Anaesthetic, analgesic, and se'; private $UnitPrice = 27.5 }, 1 => class Medicine { private $MedicineID = 2; private $ActiveDrug = 'Medetomidine'; private $Category = 'Anaesthetic, analgesic, and se'; private $UnitPrice = 27.5 }, 2 => class Medicine { private $MedicineID = 3; private $ActiveDrug = 'Dexmedetomidine'; private $Category = 'Anaesthetic, analgesic, and se'; private $UnitPrice = 27.5 }, 3 => class Medicine { private $MedicineID = 4; private $ActiveDrug = 'Yohimbine'; private $Category = 'Anaesthetic, analgesic, and se'; private $UnitPrice = 27.5 }, 4 => class Medicine { private $MedicineID = 5; private $ActiveDrug = 'Tolazoline'; private $Category = 'Anaesthetic, analgesic, and se'; private $UnitPrice = 27.5 }, 5 => class Medicine { private $MedicineID = 6; private $ActiveDrug = 'Atipamezole'; private $Category = 'Anaesthetic, analgesic, and se'; private $UnitPrice = 27.5 }, 6 => class Medicine { private $MedicineID = 7; private $ActiveDrug = 'Atropine'; private $Category = 'Anaesthetic, analgesic, and se'; private $UnitPrice = 27.5 }, 7 => class Medicine { private $MedicineID = 8; private $ActiveDrug = 'Glycopyrrolate'; private $Category = 'Anaesthetic, analgesic, and se'; private $UnitPrice = 27.5 }, 8 => class Medicine { private $MedicineID = 9; private $ActiveDrug = 'Lidocaine'; private $Category = 'Anaesthetic, analgesic, and se'; private $UnitPrice = 27.5 }, 9 => class Medicine { private $MedicineID = 10; private $ActiveDrug = 'Epinephrine'; private $Category = 'Anaesthetic, analgesic, and se'; private $UnitPrice = 27.5 }, 10 => class Medicine { private $MedicineID = 11; private $ActiveDrug = 'Ketamine'; private $Category = 'Anaesthetic, analgesic, and se'; private $UnitPrice = 27.5 }, 11 => class Medicine { private $MedicineID = 12; private $ActiveDrug = 'Tiletamine-zolazepam'; private $Category = 'Anaesthetic, analgesic, and se'; private $UnitPrice = 27.5 }, 12 => class Medicine { private $MedicineID = 13; private $ActiveDrug = 'Midazolam'; private $Category = 'Anaesthetic, analgesic, and se'; private $UnitPrice = 27.5 }, 13 => class Medicine { private $MedicineID = 14; private $ActiveDrug = 'Diazepam'; private $Category = 'Anaesthetic, analgesic, and se'; private $UnitPrice = 27.5 }, 14 => class Medicine { private $MedicineID = 15; private $ActiveDrug = 'Ibuprofen.'; private $Category = 'Anaesthetic, analgesic, and se'; private $UnitPrice = 27.5 }, 15 => class Medicine { private $MedicineID = 16; private $ActiveDrug = 'Naproxen'; private $Category = 'Anaesthetic, analgesic, and se'; private $UnitPrice = 27.5 }, 16 => class Medicine { private $MedicineID = 17; private $ActiveDrug = 'Diclofenac'; private $Category = 'Anaesthetic, analgesic, and se'; private $UnitPrice = 27.5 }, 17 => class Medicine { private $MedicineID = 18; private $ActiveDrug = 'Aspirin'; private $Category = 'Anaesthetic, analgesic, and se'; private $UnitPrice = 27.5 }, 18 => class Medicine { private $MedicineID = 19; private $ActiveDrug = 'Buprenorphine'; private $Category = 'Anaesthetic, analgesic, and se'; private $UnitPrice = 27.5 }, 19 => class Medicine { private $MedicineID = 20; private $ActiveDrug = 'Calcium gluconate'; private $Category = 'Anaesthetic, analgesic, and se'; private $UnitPrice = 27.5 }, 20 => class Medicine { private $MedicineID = 21; private $ActiveDrug = 'Mannitol'; private $Category = 'Anaesthetic, analgesic, and se'; private $UnitPrice = 27.5 }, 21 => class Medicine { private $MedicineID = 22; private $ActiveDrug = 'Dextrose'; private $Category = 'Anaesthetic, analgesic, and se'; private $UnitPrice = 27.5 }, 22 => class Medicine { private $MedicineID = 23; private $ActiveDrug = 'Diphenhydramine'; private $Category = 'Anaesthetic, analgesic, and se'; private $UnitPrice = 27.5 }, 23 => class Medicine { private $MedicineID = 24; private $ActiveDrug = 'Amoxicillin'; private $Category = 'Antimicrobial drugs'; private $UnitPrice = 16.5 }, 24 => class Medicine { private $MedicineID = 25; private $ActiveDrug = 'Clindamycin'; private $Category = 'Antimicrobial drugs'; private $UnitPrice = 16.5 }, 25 => class Medicine { private $MedicineID = 26; private $ActiveDrug = 'Ampicillin'; private $Category = 'Antimicrobial drugs'; private $UnitPrice = 16.5 }, 26 => class Medicine { private $MedicineID = 27; private $ActiveDrug = 'Benzylpenicillin'; private $Category = 'Antimicrobial drugs'; private $UnitPrice = 16.5 }, 27 => class Medicine { private $MedicineID = 28; private $ActiveDrug = 'Cefazolin'; private $Category = 'Antimicrobial drugs'; private $UnitPrice = 16.5 }, 28 => class Medicine { private $MedicineID = 29; private $ActiveDrug = 'Sulfadiazinen'; private $Category = 'Antimicrobial drugs'; private $UnitPrice = 16.5 }, 29 => class Medicine { private $MedicineID = 30; private $ActiveDrug = 'Doxycycline'; private $Category = 'Antimicrobial drugs'; private $UnitPrice = 16.5 }, 30 => class Medicine { private $MedicineID = 31; private $ActiveDrug = 'Erythromycin'; private $Category = 'Antimicrobial drugs'; private $UnitPrice = 16.5 }, 31 => class Medicine { private $MedicineID = 32; private $ActiveDrug = 'Tylosin'; private $Category = 'Antimicrobial drugs'; private $UnitPrice = 16.5 }, 32 => class Medicine { private $MedicineID = 33; private $ActiveDrug = 'Metronidazole'; private $Category = 'Antimicrobial drugs'; private $UnitPrice = 16.5 }, 33 => class Medicine { private $MedicineID = 34; private $ActiveDrug = 'Enrofloxacin'; private $Category = 'Antimicrobial drugs'; private $UnitPrice = 16.5 }, 34 => class Medicine { private $MedicineID = 35; private $ActiveDrug = 'Gentamicin'; private $Category = 'Antimicrobial drugs'; private $UnitPrice = 16.5 }, 35 => class Medicine { private $MedicineID = 36; private $ActiveDrug = 'Chlorhexidine gluconate'; private $Category = 'Antimicrobial drugs'; private $UnitPrice = 16.5 }, 36 => class Medicine { private $MedicineID = 37; private $ActiveDrug = 'Miconazole'; private $Category = 'Antifungal drugs'; private $UnitPrice = 18.5 }, 37 => class Medicine { private $MedicineID = 38; private $ActiveDrug = 'Econazole'; private $Category = 'Antifungal drugs'; private $UnitPrice = 18.5 }, 38 => class Medicine { private $MedicineID = 39; private $ActiveDrug = 'Clotrimazole'; private $Category = 'Antifungal drugs'; private $UnitPrice = 18.5 }, 39 => class Medicine { private $MedicineID = 40; private $ActiveDrug = 'Enilconazole'; private $Category = 'Antifungal drugs'; private $UnitPrice = 18.5 }, 40 => class Medicine { private $MedicineID = 41; private $ActiveDrug = 'Terbinafine'; private $Category = 'Antifungal drugs'; private $UnitPrice = 18.5 }, 41 => class Medicine { private $MedicineID = 42; private $ActiveDrug = 'Famciclovir'; private $Category = 'Antiviral drugs'; private $UnitPrice = 12.5 }, 42 => class Medicine { private $MedicineID = 43; private $ActiveDrug = 'Zidovudine'; private $Category = 'Antiviral drugs'; private $UnitPrice = 12.5 }, 43 => class Medicine { private $MedicineID = 44; private $ActiveDrug = 'Imidacloprid'; private $Category = 'Antiparasitic drugs'; private $UnitPrice = 15.5 }, 44 => class Medicine { private $MedicineID = 45; private $ActiveDrug = 'Fipronil'; private $Category = 'Antiparasitic drugs'; private $UnitPrice = 15.5 }, 45 => class Medicine { private $MedicineID = 46; private $ActiveDrug = 'Flumethrin'; private $Category = 'Antiparasitic drugs'; private $UnitPrice = 15.5 }, 46 => class Medicine { private $MedicineID = 47; private $ActiveDrug = 'Milbemycins'; private $Category = 'Antiparasitic drugs'; private $UnitPrice = 15.5 }, 47 => class Medicine { private $MedicineID = 48; private $ActiveDrug = 'Praziquantel,'; private $Category = 'Antiparasitic drugs'; private $UnitPrice = 15.5 }, 48 => class Medicine { private $MedicineID = 49; private $ActiveDrug = 'Pyrantel'; private $Category = 'Antiparasitic drugs'; private $UnitPrice = 15.5 }, 49 => class Medicine { private $MedicineID = 50; private $ActiveDrug = 'Pyriproxyfen'; private $Category = 'Antiparasitic drugs'; private $UnitPrice = 15.5 }, 50 => class Medicine { private $MedicineID = 51; private $ActiveDrug = 'Febantel'; private $Category = 'Antiparasitic drugs'; private $UnitPrice = 15.5 }, 51 => class Medicine { private $MedicineID = 52; private $ActiveDrug = 'Fenbendazole'; private $Category = 'Antiparasitic drugs'; private $UnitPrice = 15.5 }, 52 => class Medicine { private $MedicineID = 53; private $ActiveDrug = 'Mebendazole'; private $Category = 'Antiparasitic drugs'; private $UnitPrice = 15.5 }, 53 => class Medicine { private $MedicineID = 54; private $ActiveDrug = 'Melarsomine'; private $Category = 'Antiparasitic drugs'; private $UnitPrice = 15.5 }, 54 => class Medicine { private $MedicineID = 55; private $ActiveDrug = 'Furosemide'; private $Category = 'Cardiorespiratory and renal sy'; private $UnitPrice = 13.5 }, 55 => class Medicine { private $MedicineID = 56; private $ActiveDrug = 'Pimobendan'; private $Category = 'Cardiorespiratory and renal sy'; private $UnitPrice = 13.5 }, 56 => class Medicine { private $MedicineID = 57; private $ActiveDrug = 'Amlodipine'; private $Category = 'Cardiorespiratory and renal sy'; private $UnitPrice = 13.5 }, 57 => class Medicine { private $MedicineID = 58; private $ActiveDrug = 'Benazepril'; private $Category = 'Cardiorespiratory and renal sy'; private $UnitPrice = 13.5 }, 58 => class Medicine { private $MedicineID = 59; private $ActiveDrug = 'Spironolactone'; private $Category = 'Cardiorespiratory and renal sy'; private $UnitPrice = 13.5 }, 59 => class Medicine { private $MedicineID = 60; private $ActiveDrug = 'Atenolol'; private $Category = 'Cardiorespiratory and renal sy'; private $UnitPrice = 13.5 }, 60 => class Medicine { private $MedicineID = 61; private $ActiveDrug = 'Ranitidine'; private $Category = 'Gastrointestinal system'; private $UnitPrice = 17.5 }, 61 => class Medicine { private $MedicineID = 62; private $ActiveDrug = 'Famotidine'; private $Category = 'Gastrointestinal system'; private $UnitPrice = 17.5 }, 62 => class Medicine { private $MedicineID = 63; private $ActiveDrug = 'Omeprazole'; private $Category = 'Gastrointestinal system'; private $UnitPrice = 17.5 }, 63 => class Medicine { private $MedicineID = 64; private $ActiveDrug = 'Apomorphine'; private $Category = 'Gastrointestinal system'; private $UnitPrice = 17.5 }, 64 => class Medicine { private $MedicineID = 65; private $ActiveDrug = 'Metoclopramide'; private $Category = 'Gastrointestinal system'; private $UnitPrice = 17.5 }, 65 => class Medicine { private $MedicineID = 66; private $ActiveDrug = 'Prednisolone'; private $Category = 'Gastrointestinal system'; private $UnitPrice = 17.5 }, 66 => class Medicine { private $MedicineID = 67; private $ActiveDrug = 'Lactulose'; private $Category = 'Gastrointestinal system'; private $UnitPrice = 17.5 }, 67 => class Medicine { private $MedicineID = 68; private $ActiveDrug = 'Cyclosporine'; private $Category = 'Immunomodulatory drugs'; private $UnitPrice = 12.5 }, 68 => class Medicine { private $MedicineID = 69; private $ActiveDrug = 'Tacrolimus'; private $Category = 'Immunomodulatory drugs'; private $UnitPrice = 12.5 }, 69 => class Medicine { private $MedicineID = 70; private $ActiveDrug = 'Dexamethasone'; private $Category = 'Neurology'; private $UnitPrice = 18.5 }, 70 => class Medicine { private $MedicineID = 71; private $ActiveDrug = 'Thiamine'; private $Category = 'Neurology'; private $UnitPrice = 18.5 }, 71 => class Medicine { private $MedicineID = 72; private $ActiveDrug = 'Phenobarbital'; private $Category = 'Neurology'; private $UnitPrice = 18.5 }, 72 => class Medicine { private $MedicineID = 73; private $ActiveDrug = 'Potassium bromide'; private $Category = 'Neurology'; private $UnitPrice = 18.5 }, 73 => class Medicine { private $MedicineID = 74; private $ActiveDrug = 'Levetiracetam'; private $Category = 'Neurology'; private $UnitPrice = 18.5 }, 74 => class Medicine { private $MedicineID = 75; private $ActiveDrug = 'Gabapentin'; private $Category = 'Neurology'; private $UnitPrice = 18.5 }, 75 => class Medicine { private $MedicineID = 76; private $ActiveDrug = 'Cyclophosphamide'; private $Category = 'Oncology'; private $UnitPrice = 32.5 }, 76 => class Medicine { private $MedicineID = 77; private $ActiveDrug = 'Chlorambucil,'; private $Category = 'Oncology'; private $UnitPrice = 32.5 }, 77 => class Medicine { private $MedicineID = 78; private $ActiveDrug = 'Carboplatin'; private $Category = 'Oncology'; private $UnitPrice = 32.5 }, 78 => class Medicine { private $MedicineID = 79; private $ActiveDrug = 'Lomustine'; private $Category = 'Oncology'; private $UnitPrice = 32.5 }, 79 => class Medicine { private $MedicineID = 80; private $ActiveDrug = 'Dexamethasone phosphate'; private $Category = 'Ophthalmology'; private $UnitPrice = 11.5 }, 80 => class Medicine { private $MedicineID = 81; private $ActiveDrug = 'Pilocarpine'; private $Category = 'Ophthalmology'; private $UnitPrice = 11.5 }, 81 => class Medicine { private $MedicineID = 82; private $ActiveDrug = 'Deslorelin'; private $Category = 'Reproduction'; private $UnitPrice = 12.5 }, 82 => class Medicine { private $MedicineID = 83; private $ActiveDrug = 'Aglepristone'; private $Category = 'Reproduction'; private $UnitPrice = 12.5 }, 83 => class Medicine { private $MedicineID = 84; private $ActiveDrug = 'Oxytocin'; private $Category = 'Reproduction'; private $UnitPrice = 12.5 }, 84 => class Medicine { private $MedicineID = 85; private $ActiveDrug = 'Calcium gluconate'; private $Category = 'Reproduction'; private $UnitPrice = 12.5 }, 85 => class Medicine { private $MedicineID = 86; private $ActiveDrug = 'Finasteride'; private $Category = 'Reproduction'; private $UnitPrice = 12.5 }], $action = 'createPreOrder', $preOrder = *uninitialized*) C:\Users\300365472\Documents\BackendWebDev\VeterinaryPharmacyProjectPHP\PlaceOrder.php:130
[29-Jul-2023 20:15:35 Europe/Berlin] PHP Warning:  Undefined variable $preOrderId in C:\Users\300365472\Documents\BackendWebDev\VeterinaryPharmacyProjectPHP\inc\Entity\Page.class.php on line 208
[29-Jul-2023 20:15:35 Europe/Berlin] PHP Stack trace:
[29-Jul-2023 20:15:35 Europe/Berlin] PHP   1. {main}() C:\Users\300365472\Documents\BackendWebDev\VeterinaryPharmacyProjectPHP\PlaceOrder.php:0
[29-Jul-2023 20:15:35 Europe/Berlin] PHP   2. Page::displayMedicinesTable($medicines = [0 => class Medicine { private $MedicineID = 1; private $ActiveDrug = 'Xylazine'; private $Category = 'Anaesthetic, analgesic, and se'; private $UnitPrice = 27.5 }, 1 => class Medicine { private $MedicineID = 2; private $ActiveDrug = 'Medetomidine'; private $Category = 'Anaesthetic, analgesic, and se'; private $UnitPrice = 27.5 }, 2 => class Medicine { private $MedicineID = 3; private $ActiveDrug = 'Dexmedetomidine'; private $Category = 'Anaesthetic, analgesic, and se'; private $UnitPrice = 27.5 }, 3 => class Medicine { private $MedicineID = 4; private $ActiveDrug = 'Yohimbine'; private $Category = 'Anaesthetic, analgesic, and se'; private $UnitPrice = 27.5 }, 4 => class Medicine { private $MedicineID = 5; private $ActiveDrug = 'Tolazoline'; private $Category = 'Anaesthetic, analgesic, and se'; private $UnitPrice = 27.5 }, 5 => class Medicine { private $MedicineID = 6; private $ActiveDrug = 'Atipamezole'; private $Category = 'Anaesthetic, analgesic, and se'; private $UnitPrice = 27.5 }, 6 => class Medicine { private $MedicineID = 7; private $ActiveDrug = 'Atropine'; private $Category = 'Anaesthetic, analgesic, and se'; private $UnitPrice = 27.5 }, 7 => class Medicine { private $MedicineID = 8; private $ActiveDrug = 'Glycopyrrolate'; private $Category = 'Anaesthetic, analgesic, and se'; private $UnitPrice = 27.5 }, 8 => class Medicine { private $MedicineID = 9; private $ActiveDrug = 'Lidocaine'; private $Category = 'Anaesthetic, analgesic, and se'; private $UnitPrice = 27.5 }, 9 => class Medicine { private $MedicineID = 10; private $ActiveDrug = 'Epinephrine'; private $Category = 'Anaesthetic, analgesic, and se'; private $UnitPrice = 27.5 }, 10 => class Medicine { private $MedicineID = 11; private $ActiveDrug = 'Ketamine'; private $Category = 'Anaesthetic, analgesic, and se'; private $UnitPrice = 27.5 }, 11 => class Medicine { private $MedicineID = 12; private $ActiveDrug = 'Tiletamine-zolazepam'; private $Category = 'Anaesthetic, analgesic, and se'; private $UnitPrice = 27.5 }, 12 => class Medicine { private $MedicineID = 13; private $ActiveDrug = 'Midazolam'; private $Category = 'Anaesthetic, analgesic, and se'; private $UnitPrice = 27.5 }, 13 => class Medicine { private $MedicineID = 14; private $ActiveDrug = 'Diazepam'; private $Category = 'Anaesthetic, analgesic, and se'; private $UnitPrice = 27.5 }, 14 => class Medicine { private $MedicineID = 15; private $ActiveDrug = 'Ibuprofen.'; private $Category = 'Anaesthetic, analgesic, and se'; private $UnitPrice = 27.5 }, 15 => class Medicine { private $MedicineID = 16; private $ActiveDrug = 'Naproxen'; private $Category = 'Anaesthetic, analgesic, and se'; private $UnitPrice = 27.5 }, 16 => class Medicine { private $MedicineID = 17; private $ActiveDrug = 'Diclofenac'; private $Category = 'Anaesthetic, analgesic, and se'; private $UnitPrice = 27.5 }, 17 => class Medicine { private $MedicineID = 18; private $ActiveDrug = 'Aspirin'; private $Category = 'Anaesthetic, analgesic, and se'; private $UnitPrice = 27.5 }, 18 => class Medicine { private $MedicineID = 19; private $ActiveDrug = 'Buprenorphine'; private $Category = 'Anaesthetic, analgesic, and se'; private $UnitPrice = 27.5 }, 19 => class Medicine { private $MedicineID = 20; private $ActiveDrug = 'Calcium gluconate'; private $Category = 'Anaesthetic, analgesic, and se'; private $UnitPrice = 27.5 }, 20 => class Medicine { private $MedicineID = 21; private $ActiveDrug = 'Mannitol'; private $Category = 'Anaesthetic, analgesic, and se'; private $UnitPrice = 27.5 }, 21 => class Medicine { private $MedicineID = 22; private $ActiveDrug = 'Dextrose'; private $Category = 'Anaesthetic, analgesic, and se'; private $UnitPrice = 27.5 }, 22 => class Medicine { private $MedicineID = 23; private $ActiveDrug = 'Diphenhydramine'; private $Category = 'Anaesthetic, analgesic, and se'; private $UnitPrice = 27.5 }, 23 => class Medicine { private $MedicineID = 24; private $ActiveDrug = 'Amoxicillin'; private $Category = 'Antimicrobial drugs'; private $UnitPrice = 16.5 }, 24 => class Medicine { private $MedicineID = 25; private $ActiveDrug = 'Clindamycin'; private $Category = 'Antimicrobial drugs'; private $UnitPrice = 16.5 }, 25 => class Medicine { private $MedicineID = 26; private $ActiveDrug = 'Ampicillin'; private $Category = 'Antimicrobial drugs'; private $UnitPrice = 16.5 }, 26 => class Medicine { private $MedicineID = 27; private $ActiveDrug = 'Benzylpenicillin'; private $Category = 'Antimicrobial drugs'; private $UnitPrice = 16.5 }, 27 => class Medicine { private $MedicineID = 28; private $ActiveDrug = 'Cefazolin'; private $Category = 'Antimicrobial drugs'; private $UnitPrice = 16.5 }, 28 => class Medicine { private $MedicineID = 29; private $ActiveDrug = 'Sulfadiazinen'; private $Category = 'Antimicrobial drugs'; private $UnitPrice = 16.5 }, 29 => class Medicine { private $MedicineID = 30; private $ActiveDrug = 'Doxycycline'; private $Category = 'Antimicrobial drugs'; private $UnitPrice = 16.5 }, 30 => class Medicine { private $MedicineID = 31; private $ActiveDrug = 'Erythromycin'; private $Category = 'Antimicrobial drugs'; private $UnitPrice = 16.5 }, 31 => class Medicine { private $MedicineID = 32; private $ActiveDrug = 'Tylosin'; private $Category = 'Antimicrobial drugs'; private $UnitPrice = 16.5 }, 32 => class Medicine { private $MedicineID = 33; private $ActiveDrug = 'Metronidazole'; private $Category = 'Antimicrobial drugs'; private $UnitPrice = 16.5 }, 33 => class Medicine { private $MedicineID = 34; private $ActiveDrug = 'Enrofloxacin'; private $Category = 'Antimicrobial drugs'; private $UnitPrice = 16.5 }, 34 => class Medicine { private $MedicineID = 35; private $ActiveDrug = 'Gentamicin'; private $Category = 'Antimicrobial drugs'; private $UnitPrice = 16.5 }, 35 => class Medicine { private $MedicineID = 36; private $ActiveDrug = 'Chlorhexidine gluconate'; private $Category = 'Antimicrobial drugs'; private $UnitPrice = 16.5 }, 36 => class Medicine { private $MedicineID = 37; private $ActiveDrug = 'Miconazole'; private $Category = 'Antifungal drugs'; private $UnitPrice = 18.5 }, 37 => class Medicine { private $MedicineID = 38; private $ActiveDrug = 'Econazole'; private $Category = 'Antifungal drugs'; private $UnitPrice = 18.5 }, 38 => class Medicine { private $MedicineID = 39; private $ActiveDrug = 'Clotrimazole'; private $Category = 'Antifungal drugs'; private $UnitPrice = 18.5 }, 39 => class Medicine { private $MedicineID = 40; private $ActiveDrug = 'Enilconazole'; private $Category = 'Antifungal drugs'; private $UnitPrice = 18.5 }, 40 => class Medicine { private $MedicineID = 41; private $ActiveDrug = 'Terbinafine'; private $Category = 'Antifungal drugs'; private $UnitPrice = 18.5 }, 41 => class Medicine { private $MedicineID = 42; private $ActiveDrug = 'Famciclovir'; private $Category = 'Antiviral drugs'; private $UnitPrice = 12.5 }, 42 => class Medicine { private $MedicineID = 43; private $ActiveDrug = 'Zidovudine'; private $Category = 'Antiviral drugs'; private $UnitPrice = 12.5 }, 43 => class Medicine { private $MedicineID = 44; private $ActiveDrug = 'Imidacloprid'; private $Category = 'Antiparasitic drugs'; private $UnitPrice = 15.5 }, 44 => class Medicine { private $MedicineID = 45; private $ActiveDrug = 'Fipronil'; private $Category = 'Antiparasitic drugs'; private $UnitPrice = 15.5 }, 45 => class Medicine { private $MedicineID = 46; private $ActiveDrug = 'Flumethrin'; private $Category = 'Antiparasitic drugs'; private $UnitPrice = 15.5 }, 46 => class Medicine { private $MedicineID = 47; private $ActiveDrug = 'Milbemycins'; private $Category = 'Antiparasitic drugs'; private $UnitPrice = 15.5 }, 47 => class Medicine { private $MedicineID = 48; private $ActiveDrug = 'Praziquantel,'; private $Category = 'Antiparasitic drugs'; private $UnitPrice = 15.5 }, 48 => class Medicine { private $MedicineID = 49; private $ActiveDrug = 'Pyrantel'; private $Category = 'Antiparasitic drugs'; private $UnitPrice = 15.5 }, 49 => class Medicine { private $MedicineID = 50; private $ActiveDrug = 'Pyriproxyfen'; private $Category = 'Antiparasitic drugs'; private $UnitPrice = 15.5 }, 50 => class Medicine { private $MedicineID = 51; private $ActiveDrug = 'Febantel'; private $Category = 'Antiparasitic drugs'; private $UnitPrice = 15.5 }, 51 => class Medicine { private $MedicineID = 52; private $ActiveDrug = 'Fenbendazole'; private $Category = 'Antiparasitic drugs'; private $UnitPrice = 15.5 }, 52 => class Medicine { private $MedicineID = 53; private $ActiveDrug = 'Mebendazole'; private $Category = 'Antiparasitic drugs'; private $UnitPrice = 15.5 }, 53 => class Medicine { private $MedicineID = 54; private $ActiveDrug = 'Melarsomine'; private $Category = 'Antiparasitic drugs'; private $UnitPrice = 15.5 }, 54 => class Medicine { private $MedicineID = 55; private $ActiveDrug = 'Furosemide'; private $Category = 'Cardiorespiratory and renal sy'; private $UnitPrice = 13.5 }, 55 => class Medicine { private $MedicineID = 56; private $ActiveDrug = 'Pimobendan'; private $Category = 'Cardiorespiratory and renal sy'; private $UnitPrice = 13.5 }, 56 => class Medicine { private $MedicineID = 57; private $ActiveDrug = 'Amlodipine'; private $Category = 'Cardiorespiratory and renal sy'; private $UnitPrice = 13.5 }, 57 => class Medicine { private $MedicineID = 58; private $ActiveDrug = 'Benazepril'; private $Category = 'Cardiorespiratory and renal sy'; private $UnitPrice = 13.5 }, 58 => class Medicine { private $MedicineID = 59; private $ActiveDrug = 'Spironolactone'; private $Category = 'Cardiorespiratory and renal sy'; private $UnitPrice = 13.5 }, 59 => class Medicine { private $MedicineID = 60; private $ActiveDrug = 'Atenolol'; private $Category = 'Cardiorespiratory and renal sy'; private $UnitPrice = 13.5 }, 60 => class Medicine { private $MedicineID = 61; private $ActiveDrug = 'Ranitidine'; private $Category = 'Gastrointestinal system'; private $UnitPrice = 17.5 }, 61 => class Medicine { private $MedicineID = 62; private $ActiveDrug = 'Famotidine'; private $Category = 'Gastrointestinal system'; private $UnitPrice = 17.5 }, 62 => class Medicine { private $MedicineID = 63; private $ActiveDrug = 'Omeprazole'; private $Category = 'Gastrointestinal system'; private $UnitPrice = 17.5 }, 63 => class Medicine { private $MedicineID = 64; private $ActiveDrug = 'Apomorphine'; private $Category = 'Gastrointestinal system'; private $UnitPrice = 17.5 }, 64 => class Medicine { private $MedicineID = 65; private $ActiveDrug = 'Metoclopramide'; private $Category = 'Gastrointestinal system'; private $UnitPrice = 17.5 }, 65 => class Medicine { private $MedicineID = 66; private $ActiveDrug = 'Prednisolone'; private $Category = 'Gastrointestinal system'; private $UnitPrice = 17.5 }, 66 => class Medicine { private $MedicineID = 67; private $ActiveDrug = 'Lactulose'; private $Category = 'Gastrointestinal system'; private $UnitPrice = 17.5 }, 67 => class Medicine { private $MedicineID = 68; private $ActiveDrug = 'Cyclosporine'; private $Category = 'Immunomodulatory drugs'; private $UnitPrice = 12.5 }, 68 => class Medicine { private $MedicineID = 69; private $ActiveDrug = 'Tacrolimus'; private $Category = 'Immunomodulatory drugs'; private $UnitPrice = 12.5 }, 69 => class Medicine { private $MedicineID = 70; private $ActiveDrug = 'Dexamethasone'; private $Category = 'Neurology'; private $UnitPrice = 18.5 }, 70 => class Medicine { private $MedicineID = 71; private $ActiveDrug = 'Thiamine'; private $Category = 'Neurology'; private $UnitPrice = 18.5 }, 71 => class Medicine { private $MedicineID = 72; private $ActiveDrug = 'Phenobarbital'; private $Category = 'Neurology'; private $UnitPrice = 18.5 }, 72 => class Medicine { private $MedicineID = 73; private $ActiveDrug = 'Potassium bromide'; private $Category = 'Neurology'; private $UnitPrice = 18.5 }, 73 => class Medicine { private $MedicineID = 74; private $ActiveDrug = 'Levetiracetam'; private $Category = 'Neurology'; private $UnitPrice = 18.5 }, 74 => class Medicine { private $MedicineID = 75; private $ActiveDrug = 'Gabapentin'; private $Category = 'Neurology'; private $UnitPrice = 18.5 }, 75 => class Medicine { private $MedicineID = 76; private $ActiveDrug = 'Cyclophosphamide'; private $Category = 'Oncology'; private $UnitPrice = 32.5 }, 76 => class Medicine { private $MedicineID = 77; private $ActiveDrug = 'Chlorambucil,'; private $Category = 'Oncology'; private $UnitPrice = 32.5 }, 77 => class Medicine { private $MedicineID = 78; private $ActiveDrug = 'Carboplatin'; private $Category = 'Oncology'; private $UnitPrice = 32.5 }, 78 => class Medicine { private $MedicineID = 79; private $ActiveDrug = 'Lomustine'; private $Category = 'Oncology'; private $UnitPrice = 32.5 }, 79 => class Medicine { private $MedicineID = 80; private $ActiveDrug = 'Dexamethasone phosphate'; private $Category = 'Ophthalmology'; private $UnitPrice = 11.5 }, 80 => class Medicine { private $MedicineID = 81; private $ActiveDrug = 'Pilocarpine'; private $Category = 'Ophthalmology'; private $UnitPrice = 11.5 }, 81 => class Medicine { private $MedicineID = 82; private $ActiveDrug = 'Deslorelin'; private $Category = 'Reproduction'; private $UnitPrice = 12.5 }, 82 => class Medicine { private $MedicineID = 83; private $ActiveDrug = 'Aglepristone'; private $Category = 'Reproduction'; private $UnitPrice = 12.5 }, 83 => class Medicine { private $MedicineID = 84; private $ActiveDrug = 'Oxytocin'; private $Category = 'Reproduction'; private $UnitPrice = 12.5 }, 84 => class Medicine { private $MedicineID = 85; private $ActiveDrug = 'Calcium gluconate'; private $Category = 'Reproduction'; private $UnitPrice = 12.5 }, 85 => class Medicine { private $MedicineID = 86; private $ActiveDrug = 'Finasteride'; private $Category = 'Reproduction'; private $UnitPrice = 12.5 }], $action = 'createPreOrder', $preOrder = *uninitialized*) C:\Users\300365472\Documents\BackendWebDev\VeterinaryPharmacyProjectPHP\PlaceOrder.php:130
[29-Jul-2023 20:15:35 Europe/Berlin] PHP Warning:  Undefined variable $preOrderId in C:\Users\300365472\Documents\BackendWebDev\VeterinaryPharmacyProjectPHP\inc\Entity\Page.class.php on line 220
[29-Jul-2023 20:15:35 Europe/Berlin] PHP Stack trace:
[29-Jul-2023 20:15:35 Europe/Berlin] PHP   1. {main}() C:\Users\300365472\Documents\BackendWebDev\VeterinaryPharmacyProjectPHP\PlaceOrder.php:0
[29-Jul-2023 20:15:35 Europe/Berlin] PHP   2. Page::displayMedicinesTable($medicines = [0 => class Medicine { private $MedicineID = 1; private $ActiveDrug = 'Xylazine'; private $Category = 'Anaesthetic, analgesic, and se'; private $UnitPrice = 27.5 }, 1 => class Medicine { private $MedicineID = 2; private $ActiveDrug = 'Medetomidine'; private $Category = 'Anaesthetic, analgesic, and se'; private $UnitPrice = 27.5 }, 2 => class Medicine { private $MedicineID = 3; private $ActiveDrug = 'Dexmedetomidine'; private $Category = 'Anaesthetic, analgesic, and se'; private $UnitPrice = 27.5 }, 3 => class Medicine { private $MedicineID = 4; private $ActiveDrug = 'Yohimbine'; private $Category = 'Anaesthetic, analgesic, and se'; private $UnitPrice = 27.5 }, 4 => class Medicine { private $MedicineID = 5; private $ActiveDrug = 'Tolazoline'; private $Category = 'Anaesthetic, analgesic, and se'; private $UnitPrice = 27.5 }, 5 => class Medicine { private $MedicineID = 6; private $ActiveDrug = 'Atipamezole'; private $Category = 'Anaesthetic, analgesic, and se'; private $UnitPrice = 27.5 }, 6 => class Medicine { private $MedicineID = 7; private $ActiveDrug = 'Atropine'; private $Category = 'Anaesthetic, analgesic, and se'; private $UnitPrice = 27.5 }, 7 => class Medicine { private $MedicineID = 8; private $ActiveDrug = 'Glycopyrrolate'; private $Category = 'Anaesthetic, analgesic, and se'; private $UnitPrice = 27.5 }, 8 => class Medicine { private $MedicineID = 9; private $ActiveDrug = 'Lidocaine'; private $Category = 'Anaesthetic, analgesic, and se'; private $UnitPrice = 27.5 }, 9 => class Medicine { private $MedicineID = 10; private $ActiveDrug = 'Epinephrine'; private $Category = 'Anaesthetic, analgesic, and se'; private $UnitPrice = 27.5 }, 10 => class Medicine { private $MedicineID = 11; private $ActiveDrug = 'Ketamine'; private $Category = 'Anaesthetic, analgesic, and se'; private $UnitPrice = 27.5 }, 11 => class Medicine { private $MedicineID = 12; private $ActiveDrug = 'Tiletamine-zolazepam'; private $Category = 'Anaesthetic, analgesic, and se'; private $UnitPrice = 27.5 }, 12 => class Medicine { private $MedicineID = 13; private $ActiveDrug = 'Midazolam'; private $Category = 'Anaesthetic, analgesic, and se'; private $UnitPrice = 27.5 }, 13 => class Medicine { private $MedicineID = 14; private $ActiveDrug = 'Diazepam'; private $Category = 'Anaesthetic, analgesic, and se'; private $UnitPrice = 27.5 }, 14 => class Medicine { private $MedicineID = 15; private $ActiveDrug = 'Ibuprofen.'; private $Category = 'Anaesthetic, analgesic, and se'; private $UnitPrice = 27.5 }, 15 => class Medicine { private $MedicineID = 16; private $ActiveDrug = 'Naproxen'; private $Category = 'Anaesthetic, analgesic, and se'; private $UnitPrice = 27.5 }, 16 => class Medicine { private $MedicineID = 17; private $ActiveDrug = 'Diclofenac'; private $Category = 'Anaesthetic, analgesic, and se'; private $UnitPrice = 27.5 }, 17 => class Medicine { private $MedicineID = 18; private $ActiveDrug = 'Aspirin'; private $Category = 'Anaesthetic, analgesic, and se'; private $UnitPrice = 27.5 }, 18 => class Medicine { private $MedicineID = 19; private $ActiveDrug = 'Buprenorphine'; private $Category = 'Anaesthetic, analgesic, and se'; private $UnitPrice = 27.5 }, 19 => class Medicine { private $MedicineID = 20; private $ActiveDrug = 'Calcium gluconate'; private $Category = 'Anaesthetic, analgesic, and se'; private $UnitPrice = 27.5 }, 20 => class Medicine { private $MedicineID = 21; private $ActiveDrug = 'Mannitol'; private $Category = 'Anaesthetic, analgesic, and se'; private $UnitPrice = 27.5 }, 21 => class Medicine { private $MedicineID = 22; private $ActiveDrug = 'Dextrose'; private $Category = 'Anaesthetic, analgesic, and se'; private $UnitPrice = 27.5 }, 22 => class Medicine { private $MedicineID = 23; private $ActiveDrug = 'Diphenhydramine'; private $Category = 'Anaesthetic, analgesic, and se'; private $UnitPrice = 27.5 }, 23 => class Medicine { private $MedicineID = 24; private $ActiveDrug = 'Amoxicillin'; private $Category = 'Antimicrobial drugs'; private $UnitPrice = 16.5 }, 24 => class Medicine { private $MedicineID = 25; private $ActiveDrug = 'Clindamycin'; private $Category = 'Antimicrobial drugs'; private $UnitPrice = 16.5 }, 25 => class Medicine { private $MedicineID = 26; private $ActiveDrug = 'Ampicillin'; private $Category = 'Antimicrobial drugs'; private $UnitPrice = 16.5 }, 26 => class Medicine { private $MedicineID = 27; private $ActiveDrug = 'Benzylpenicillin'; private $Category = 'Antimicrobial drugs'; private $UnitPrice = 16.5 }, 27 => class Medicine { private $MedicineID = 28; private $ActiveDrug = 'Cefazolin'; private $Category = 'Antimicrobial drugs'; private $UnitPrice = 16.5 }, 28 => class Medicine { private $MedicineID = 29; private $ActiveDrug = 'Sulfadiazinen'; private $Category = 'Antimicrobial drugs'; private $UnitPrice = 16.5 }, 29 => class Medicine { private $MedicineID = 30; private $ActiveDrug = 'Doxycycline'; private $Category = 'Antimicrobial drugs'; private $UnitPrice = 16.5 }, 30 => class Medicine { private $MedicineID = 31; private $ActiveDrug = 'Erythromycin'; private $Category = 'Antimicrobial drugs'; private $UnitPrice = 16.5 }, 31 => class Medicine { private $MedicineID = 32; private $ActiveDrug = 'Tylosin'; private $Category = 'Antimicrobial drugs'; private $UnitPrice = 16.5 }, 32 => class Medicine { private $MedicineID = 33; private $ActiveDrug = 'Metronidazole'; private $Category = 'Antimicrobial drugs'; private $UnitPrice = 16.5 }, 33 => class Medicine { private $MedicineID = 34; private $ActiveDrug = 'Enrofloxacin'; private $Category = 'Antimicrobial drugs'; private $UnitPrice = 16.5 }, 34 => class Medicine { private $MedicineID = 35; private $ActiveDrug = 'Gentamicin'; private $Category = 'Antimicrobial drugs'; private $UnitPrice = 16.5 }, 35 => class Medicine { private $MedicineID = 36; private $ActiveDrug = 'Chlorhexidine gluconate'; private $Category = 'Antimicrobial drugs'; private $UnitPrice = 16.5 }, 36 => class Medicine { private $MedicineID = 37; private $ActiveDrug = 'Miconazole'; private $Category = 'Antifungal drugs'; private $UnitPrice = 18.5 }, 37 => class Medicine { private $MedicineID = 38; private $ActiveDrug = 'Econazole'; private $Category = 'Antifungal drugs'; private $UnitPrice = 18.5 }, 38 => class Medicine { private $MedicineID = 39; private $ActiveDrug = 'Clotrimazole'; private $Category = 'Antifungal drugs'; private $UnitPrice = 18.5 }, 39 => class Medicine { private $MedicineID = 40; private $ActiveDrug = 'Enilconazole'; private $Category = 'Antifungal drugs'; private $UnitPrice = 18.5 }, 40 => class Medicine { private $MedicineID = 41; private $ActiveDrug = 'Terbinafine'; private $Category = 'Antifungal drugs'; private $UnitPrice = 18.5 }, 41 => class Medicine { private $MedicineID = 42; private $ActiveDrug = 'Famciclovir'; private $Category = 'Antiviral drugs'; private $UnitPrice = 12.5 }, 42 => class Medicine { private $MedicineID = 43; private $ActiveDrug = 'Zidovudine'; private $Category = 'Antiviral drugs'; private $UnitPrice = 12.5 }, 43 => class Medicine { private $MedicineID = 44; private $ActiveDrug = 'Imidacloprid'; private $Category = 'Antiparasitic drugs'; private $UnitPrice = 15.5 }, 44 => class Medicine { private $MedicineID = 45; private $ActiveDrug = 'Fipronil'; private $Category = 'Antiparasitic drugs'; private $UnitPrice = 15.5 }, 45 => class Medicine { private $MedicineID = 46; private $ActiveDrug = 'Flumethrin'; private $Category = 'Antiparasitic drugs'; private $UnitPrice = 15.5 }, 46 => class Medicine { private $MedicineID = 47; private $ActiveDrug = 'Milbemycins'; private $Category = 'Antiparasitic drugs'; private $UnitPrice = 15.5 }, 47 => class Medicine { private $MedicineID = 48; private $ActiveDrug = 'Praziquantel,'; private $Category = 'Antiparasitic drugs'; private $UnitPrice = 15.5 }, 48 => class Medicine { private $MedicineID = 49; private $ActiveDrug = 'Pyrantel'; private $Category = 'Antiparasitic drugs'; private $UnitPrice = 15.5 }, 49 => class Medicine { private $MedicineID = 50; private $ActiveDrug = 'Pyriproxyfen'; private $Category = 'Antiparasitic drugs'; private $UnitPrice = 15.5 }, 50 => class Medicine { private $MedicineID = 51; private $ActiveDrug = 'Febantel'; private $Category = 'Antiparasitic drugs'; private $UnitPrice = 15.5 }, 51 => class Medicine { private $MedicineID = 52; private $ActiveDrug = 'Fenbendazole'; private $Category = 'Antiparasitic drugs'; private $UnitPrice = 15.5 }, 52 => class Medicine { private $MedicineID = 53; private $ActiveDrug = 'Mebendazole'; private $Category = 'Antiparasitic drugs'; private $UnitPrice = 15.5 }, 53 => class Medicine { private $MedicineID = 54; private $ActiveDrug = 'Melarsomine'; private $Category = 'Antiparasitic drugs'; private $UnitPrice = 15.5 }, 54 => class Medicine { private $MedicineID = 55; private $ActiveDrug = 'Furosemide'; private $Category = 'Cardiorespiratory and renal sy'; private $UnitPrice = 13.5 }, 55 => class Medicine { private $MedicineID = 56; private $ActiveDrug = 'Pimobendan'; private $Category = 'Cardiorespiratory and renal sy'; private $UnitPrice = 13.5 }, 56 => class Medicine { private $MedicineID = 57; private $ActiveDrug = 'Amlodipine'; private $Category = 'Cardiorespiratory and renal sy'; private $UnitPrice = 13.5 }, 57 => class Medicine { private $MedicineID = 58; private $ActiveDrug = 'Benazepril'; private $Category = 'Cardiorespiratory and renal sy'; private $UnitPrice = 13.5 }, 58 => class Medicine { private $MedicineID = 59; private $ActiveDrug = 'Spironolactone'; private $Category = 'Cardiorespiratory and renal sy'; private $UnitPrice = 13.5 }, 59 => class Medicine { private $MedicineID = 60; private $ActiveDrug = 'Atenolol'; private $Category = 'Cardiorespiratory and renal sy'; private $UnitPrice = 13.5 }, 60 => class Medicine { private $MedicineID = 61; private $ActiveDrug = 'Ranitidine'; private $Category = 'Gastrointestinal system'; private $UnitPrice = 17.5 }, 61 => class Medicine { private $MedicineID = 62; private $ActiveDrug = 'Famotidine'; private $Category = 'Gastrointestinal system'; private $UnitPrice = 17.5 }, 62 => class Medicine { private $MedicineID = 63; private $ActiveDrug = 'Omeprazole'; private $Category = 'Gastrointestinal system'; private $UnitPrice = 17.5 }, 63 => class Medicine { private $MedicineID = 64; private $ActiveDrug = 'Apomorphine'; private $Category = 'Gastrointestinal system'; private $UnitPrice = 17.5 }, 64 => class Medicine { private $MedicineID = 65; private $ActiveDrug = 'Metoclopramide'; private $Category = 'Gastrointestinal system'; private $UnitPrice = 17.5 }, 65 => class Medicine { private $MedicineID = 66; private $ActiveDrug = 'Prednisolone'; private $Category = 'Gastrointestinal system'; private $UnitPrice = 17.5 }, 66 => class Medicine { private $MedicineID = 67; private $ActiveDrug = 'Lactulose'; private $Category = 'Gastrointestinal system'; private $UnitPrice = 17.5 }, 67 => class Medicine { private $MedicineID = 68; private $ActiveDrug = 'Cyclosporine'; private $Category = 'Immunomodulatory drugs'; private $UnitPrice = 12.5 }, 68 => class Medicine { private $MedicineID = 69; private $ActiveDrug = 'Tacrolimus'; private $Category = 'Immunomodulatory drugs'; private $UnitPrice = 12.5 }, 69 => class Medicine { private $MedicineID = 70; private $ActiveDrug = 'Dexamethasone'; private $Category = 'Neurology'; private $UnitPrice = 18.5 }, 70 => class Medicine { private $MedicineID = 71; private $ActiveDrug = 'Thiamine'; private $Category = 'Neurology'; private $UnitPrice = 18.5 }, 71 => class Medicine { private $MedicineID = 72; private $ActiveDrug = 'Phenobarbital'; private $Category = 'Neurology'; private $UnitPrice = 18.5 }, 72 => class Medicine { private $MedicineID = 73; private $ActiveDrug = 'Potassium bromide'; private $Category = 'Neurology'; private $UnitPrice = 18.5 }, 73 => class Medicine { private $MedicineID = 74; private $ActiveDrug = 'Levetiracetam'; private $Category = 'Neurology'; private $UnitPrice = 18.5 }, 74 => class Medicine { private $MedicineID = 75; private $ActiveDrug = 'Gabapentin'; private $Category = 'Neurology'; private $UnitPrice = 18.5 }, 75 => class Medicine { private $MedicineID = 76; private $ActiveDrug = 'Cyclophosphamide'; private $Category = 'Oncology'; private $UnitPrice = 32.5 }, 76 => class Medicine { private $MedicineID = 77; private $ActiveDrug = 'Chlorambucil,'; private $Category = 'Oncology'; private $UnitPrice = 32.5 }, 77 => class Medicine { private $MedicineID = 78; private $ActiveDrug = 'Carboplatin'; private $Category = 'Oncology'; private $UnitPrice = 32.5 }, 78 => class Medicine { private $MedicineID = 79; private $ActiveDrug = 'Lomustine'; private $Category = 'Oncology'; private $UnitPrice = 32.5 }, 79 => class Medicine { private $MedicineID = 80; private $ActiveDrug = 'Dexamethasone phosphate'; private $Category = 'Ophthalmology'; private $UnitPrice = 11.5 }, 80 => class Medicine { private $MedicineID = 81; private $ActiveDrug = 'Pilocarpine'; private $Category = 'Ophthalmology'; private $UnitPrice = 11.5 }, 81 => class Medicine { private $MedicineID = 82; private $ActiveDrug = 'Deslorelin'; private $Category = 'Reproduction'; private $UnitPrice = 12.5 }, 82 => class Medicine { private $MedicineID = 83; private $ActiveDrug = 'Aglepristone'; private $Category = 'Reproduction'; private $UnitPrice = 12.5 }, 83 => class Medicine { private $MedicineID = 84; private $ActiveDrug = 'Oxytocin'; private $Category = 'Reproduction'; private $UnitPrice = 12.5 }, 84 => class Medicine { private $MedicineID = 85; private $ActiveDrug = 'Calcium gluconate'; private $Category = 'Reproduction'; private $UnitPrice = 12.5 }, 85 => class Medicine { private $MedicineID = 86; private $ActiveDrug = 'Finasteride'; private $Category = 'Reproduction'; private $UnitPrice = 12.5 }], $action = 'createPreOrder', $preOrder = *uninitialized*) C:\Users\300365472\Documents\BackendWebDev\VeterinaryPharmacyProjectPHP\PlaceOrder.php:130
[29-Jul-2023 20:15:52 Europe/Berlin] PHP Warning:  Undefined variable $preOrderId in C:\Users\300365472\Documents\BackendWebDev\VeterinaryPharmacyProjectPHP\inc\Entity\Page.class.php on line 208
[29-Jul-2023 20:15:52 Europe/Berlin] PHP Stack trace:
[29-Jul-2023 20:15:52 Europe/Berlin] PHP   1. {main}() C:\Users\300365472\Documents\BackendWebDev\VeterinaryPharmacyProjectPHP\PlaceOrder.php:0
[29-Jul-2023 20:15:52 Europe/Berlin] PHP   2. Page::displayMedicinesTable($medicines = [0 => class Medicine { private $MedicineID = 1; private $ActiveDrug = 'Xylazine'; private $Category = 'Anaesthetic, analgesic, and se'; private $UnitPrice = 27.5 }, 1 => class Medicine { private $MedicineID = 2; private $ActiveDrug = 'Medetomidine'; private $Category = 'Anaesthetic, analgesic, and se'; private $UnitPrice = 27.5 }, 2 => class Medicine { private $MedicineID = 3; private $ActiveDrug = 'Dexmedetomidine'; private $Category = 'Anaesthetic, analgesic, and se'; private $UnitPrice = 27.5 }, 3 => class Medicine { private $MedicineID = 4; private $ActiveDrug = 'Yohimbine'; private $Category = 'Anaesthetic, analgesic, and se'; private $UnitPrice = 27.5 }, 4 => class Medicine { private $MedicineID = 5; private $ActiveDrug = 'Tolazoline'; private $Category = 'Anaesthetic, analgesic, and se'; private $UnitPrice = 27.5 }, 5 => class Medicine { private $MedicineID = 6; private $ActiveDrug = 'Atipamezole'; private $Category = 'Anaesthetic, analgesic, and se'; private $UnitPrice = 27.5 }, 6 => class Medicine { private $MedicineID = 7; private $ActiveDrug = 'Atropine'; private $Category = 'Anaesthetic, analgesic, and se'; private $UnitPrice = 27.5 }, 7 => class Medicine { private $MedicineID = 8; private $ActiveDrug = 'Glycopyrrolate'; private $Category = 'Anaesthetic, analgesic, and se'; private $UnitPrice = 27.5 }, 8 => class Medicine { private $MedicineID = 9; private $ActiveDrug = 'Lidocaine'; private $Category = 'Anaesthetic, analgesic, and se'; private $UnitPrice = 27.5 }, 9 => class Medicine { private $MedicineID = 10; private $ActiveDrug = 'Epinephrine'; private $Category = 'Anaesthetic, analgesic, and se'; private $UnitPrice = 27.5 }, 10 => class Medicine { private $MedicineID = 11; private $ActiveDrug = 'Ketamine'; private $Category = 'Anaesthetic, analgesic, and se'; private $UnitPrice = 27.5 }, 11 => class Medicine { private $MedicineID = 12; private $ActiveDrug = 'Tiletamine-zolazepam'; private $Category = 'Anaesthetic, analgesic, and se'; private $UnitPrice = 27.5 }, 12 => class Medicine { private $MedicineID = 13; private $ActiveDrug = 'Midazolam'; private $Category = 'Anaesthetic, analgesic, and se'; private $UnitPrice = 27.5 }, 13 => class Medicine { private $MedicineID = 14; private $ActiveDrug = 'Diazepam'; private $Category = 'Anaesthetic, analgesic, and se'; private $UnitPrice = 27.5 }, 14 => class Medicine { private $MedicineID = 15; private $ActiveDrug = 'Ibuprofen.'; private $Category = 'Anaesthetic, analgesic, and se'; private $UnitPrice = 27.5 }, 15 => class Medicine { private $MedicineID = 16; private $ActiveDrug = 'Naproxen'; private $Category = 'Anaesthetic, analgesic, and se'; private $UnitPrice = 27.5 }, 16 => class Medicine { private $MedicineID = 17; private $ActiveDrug = 'Diclofenac'; private $Category = 'Anaesthetic, analgesic, and se'; private $UnitPrice = 27.5 }, 17 => class Medicine { private $MedicineID = 18; private $ActiveDrug = 'Aspirin'; private $Category = 'Anaesthetic, analgesic, and se'; private $UnitPrice = 27.5 }, 18 => class Medicine { private $MedicineID = 19; private $ActiveDrug = 'Buprenorphine'; private $Category = 'Anaesthetic, analgesic, and se'; private $UnitPrice = 27.5 }, 19 => class Medicine { private $MedicineID = 20; private $ActiveDrug = 'Calcium gluconate'; private $Category = 'Anaesthetic, analgesic, and se'; private $UnitPrice = 27.5 }, 20 => class Medicine { private $MedicineID = 21; private $ActiveDrug = 'Mannitol'; private $Category = 'Anaesthetic, analgesic, and se'; private $UnitPrice = 27.5 }, 21 => class Medicine { private $MedicineID = 22; private $ActiveDrug = 'Dextrose'; private $Category = 'Anaesthetic, analgesic, and se'; private $UnitPrice = 27.5 }, 22 => class Medicine { private $MedicineID = 23; private $ActiveDrug = 'Diphenhydramine'; private $Category = 'Anaesthetic, analgesic, and se'; private $UnitPrice = 27.5 }, 23 => class Medicine { private $MedicineID = 24; private $ActiveDrug = 'Amoxicillin'; private $Category = 'Antimicrobial drugs'; private $UnitPrice = 16.5 }, 24 => class Medicine { private $MedicineID = 25; private $ActiveDrug = 'Clindamycin'; private $Category = 'Antimicrobial drugs'; private $UnitPrice = 16.5 }, 25 => class Medicine { private $MedicineID = 26; private $ActiveDrug = 'Ampicillin'; private $Category = 'Antimicrobial drugs'; private $UnitPrice = 16.5 }, 26 => class Medicine { private $MedicineID = 27; private $ActiveDrug = 'Benzylpenicillin'; private $Category = 'Antimicrobial drugs'; private $UnitPrice = 16.5 }, 27 => class Medicine { private $MedicineID = 28; private $ActiveDrug = 'Cefazolin'; private $Category = 'Antimicrobial drugs'; private $UnitPrice = 16.5 }, 28 => class Medicine { private $MedicineID = 29; private $ActiveDrug = 'Sulfadiazinen'; private $Category = 'Antimicrobial drugs'; private $UnitPrice = 16.5 }, 29 => class Medicine { private $MedicineID = 30; private $ActiveDrug = 'Doxycycline'; private $Category = 'Antimicrobial drugs'; private $UnitPrice = 16.5 }, 30 => class Medicine { private $MedicineID = 31; private $ActiveDrug = 'Erythromycin'; private $Category = 'Antimicrobial drugs'; private $UnitPrice = 16.5 }, 31 => class Medicine { private $MedicineID = 32; private $ActiveDrug = 'Tylosin'; private $Category = 'Antimicrobial drugs'; private $UnitPrice = 16.5 }, 32 => class Medicine { private $MedicineID = 33; private $ActiveDrug = 'Metronidazole'; private $Category = 'Antimicrobial drugs'; private $UnitPrice = 16.5 }, 33 => class Medicine { private $MedicineID = 34; private $ActiveDrug = 'Enrofloxacin'; private $Category = 'Antimicrobial drugs'; private $UnitPrice = 16.5 }, 34 => class Medicine { private $MedicineID = 35; private $ActiveDrug = 'Gentamicin'; private $Category = 'Antimicrobial drugs'; private $UnitPrice = 16.5 }, 35 => class Medicine { private $MedicineID = 36; private $ActiveDrug = 'Chlorhexidine gluconate'; private $Category = 'Antimicrobial drugs'; private $UnitPrice = 16.5 }, 36 => class Medicine { private $MedicineID = 37; private $ActiveDrug = 'Miconazole'; private $Category = 'Antifungal drugs'; private $UnitPrice = 18.5 }, 37 => class Medicine { private $MedicineID = 38; private $ActiveDrug = 'Econazole'; private $Category = 'Antifungal drugs'; private $UnitPrice = 18.5 }, 38 => class Medicine { private $MedicineID = 39; private $ActiveDrug = 'Clotrimazole'; private $Category = 'Antifungal drugs'; private $UnitPrice = 18.5 }, 39 => class Medicine { private $MedicineID = 40; private $ActiveDrug = 'Enilconazole'; private $Category = 'Antifungal drugs'; private $UnitPrice = 18.5 }, 40 => class Medicine { private $MedicineID = 41; private $ActiveDrug = 'Terbinafine'; private $Category = 'Antifungal drugs'; private $UnitPrice = 18.5 }, 41 => class Medicine { private $MedicineID = 42; private $ActiveDrug = 'Famciclovir'; private $Category = 'Antiviral drugs'; private $UnitPrice = 12.5 }, 42 => class Medicine { private $MedicineID = 43; private $ActiveDrug = 'Zidovudine'; private $Category = 'Antiviral drugs'; private $UnitPrice = 12.5 }, 43 => class Medicine { private $MedicineID = 44; private $ActiveDrug = 'Imidacloprid'; private $Category = 'Antiparasitic drugs'; private $UnitPrice = 15.5 }, 44 => class Medicine { private $MedicineID = 45; private $ActiveDrug = 'Fipronil'; private $Category = 'Antiparasitic drugs'; private $UnitPrice = 15.5 }, 45 => class Medicine { private $MedicineID = 46; private $ActiveDrug = 'Flumethrin'; private $Category = 'Antiparasitic drugs'; private $UnitPrice = 15.5 }, 46 => class Medicine { private $MedicineID = 47; private $ActiveDrug = 'Milbemycins'; private $Category = 'Antiparasitic drugs'; private $UnitPrice = 15.5 }, 47 => class Medicine { private $MedicineID = 48; private $ActiveDrug = 'Praziquantel,'; private $Category = 'Antiparasitic drugs'; private $UnitPrice = 15.5 }, 48 => class Medicine { private $MedicineID = 49; private $ActiveDrug = 'Pyrantel'; private $Category = 'Antiparasitic drugs'; private $UnitPrice = 15.5 }, 49 => class Medicine { private $MedicineID = 50; private $ActiveDrug = 'Pyriproxyfen'; private $Category = 'Antiparasitic drugs'; private $UnitPrice = 15.5 }, 50 => class Medicine { private $MedicineID = 51; private $ActiveDrug = 'Febantel'; private $Category = 'Antiparasitic drugs'; private $UnitPrice = 15.5 }, 51 => class Medicine { private $MedicineID = 52; private $ActiveDrug = 'Fenbendazole'; private $Category = 'Antiparasitic drugs'; private $UnitPrice = 15.5 }, 52 => class Medicine { private $MedicineID = 53; private $ActiveDrug = 'Mebendazole'; private $Category = 'Antiparasitic drugs'; private $UnitPrice = 15.5 }, 53 => class Medicine { private $MedicineID = 54; private $ActiveDrug = 'Melarsomine'; private $Category = 'Antiparasitic drugs'; private $UnitPrice = 15.5 }, 54 => class Medicine { private $MedicineID = 55; private $ActiveDrug = 'Furosemide'; private $Category = 'Cardiorespiratory and renal sy'; private $UnitPrice = 13.5 }, 55 => class Medicine { private $MedicineID = 56; private $ActiveDrug = 'Pimobendan'; private $Category = 'Cardiorespiratory and renal sy'; private $UnitPrice = 13.5 }, 56 => class Medicine { private $MedicineID = 57; private $ActiveDrug = 'Amlodipine'; private $Category = 'Cardiorespiratory and renal sy'; private $UnitPrice = 13.5 }, 57 => class Medicine { private $MedicineID = 58; private $ActiveDrug = 'Benazepril'; private $Category = 'Cardiorespiratory and renal sy'; private $UnitPrice = 13.5 }, 58 => class Medicine { private $MedicineID = 59; private $ActiveDrug = 'Spironolactone'; private $Category = 'Cardiorespiratory and renal sy'; private $UnitPrice = 13.5 }, 59 => class Medicine { private $MedicineID = 60; private $ActiveDrug = 'Atenolol'; private $Category = 'Cardiorespiratory and renal sy'; private $UnitPrice = 13.5 }, 60 => class Medicine { private $MedicineID = 61; private $ActiveDrug = 'Ranitidine'; private $Category = 'Gastrointestinal system'; private $UnitPrice = 17.5 }, 61 => class Medicine { private $MedicineID = 62; private $ActiveDrug = 'Famotidine'; private $Category = 'Gastrointestinal system'; private $UnitPrice = 17.5 }, 62 => class Medicine { private $MedicineID = 63; private $ActiveDrug = 'Omeprazole'; private $Category = 'Gastrointestinal system'; private $UnitPrice = 17.5 }, 63 => class Medicine { private $MedicineID = 64; private $ActiveDrug = 'Apomorphine'; private $Category = 'Gastrointestinal system'; private $UnitPrice = 17.5 }, 64 => class Medicine { private $MedicineID = 65; private $ActiveDrug = 'Metoclopramide'; private $Category = 'Gastrointestinal system'; private $UnitPrice = 17.5 }, 65 => class Medicine { private $MedicineID = 66; private $ActiveDrug = 'Prednisolone'; private $Category = 'Gastrointestinal system'; private $UnitPrice = 17.5 }, 66 => class Medicine { private $MedicineID = 67; private $ActiveDrug = 'Lactulose'; private $Category = 'Gastrointestinal system'; private $UnitPrice = 17.5 }, 67 => class Medicine { private $MedicineID = 68; private $ActiveDrug = 'Cyclosporine'; private $Category = 'Immunomodulatory drugs'; private $UnitPrice = 12.5 }, 68 => class Medicine { private $MedicineID = 69; private $ActiveDrug = 'Tacrolimus'; private $Category = 'Immunomodulatory drugs'; private $UnitPrice = 12.5 }, 69 => class Medicine { private $MedicineID = 70; private $ActiveDrug = 'Dexamethasone'; private $Category = 'Neurology'; private $UnitPrice = 18.5 }, 70 => class Medicine { private $MedicineID = 71; private $ActiveDrug = 'Thiamine'; private $Category = 'Neurology'; private $UnitPrice = 18.5 }, 71 => class Medicine { private $MedicineID = 72; private $ActiveDrug = 'Phenobarbital'; private $Category = 'Neurology'; private $UnitPrice = 18.5 }, 72 => class Medicine { private $MedicineID = 73; private $ActiveDrug = 'Potassium bromide'; private $Category = 'Neurology'; private $UnitPrice = 18.5 }, 73 => class Medicine { private $MedicineID = 74; private $ActiveDrug = 'Levetiracetam'; private $Category = 'Neurology'; private $UnitPrice = 18.5 }, 74 => class Medicine { private $MedicineID = 75; private $ActiveDrug = 'Gabapentin'; private $Category = 'Neurology'; private $UnitPrice = 18.5 }, 75 => class Medicine { private $MedicineID = 76; private $ActiveDrug = 'Cyclophosphamide'; private $Category = 'Oncology'; private $UnitPrice = 32.5 }, 76 => class Medicine { private $MedicineID = 77; private $ActiveDrug = 'Chlorambucil,'; private $Category = 'Oncology'; private $UnitPrice = 32.5 }, 77 => class Medicine { private $MedicineID = 78; private $ActiveDrug = 'Carboplatin'; private $Category = 'Oncology'; private $UnitPrice = 32.5 }, 78 => class Medicine { private $MedicineID = 79; private $ActiveDrug = 'Lomustine'; private $Category = 'Oncology'; private $UnitPrice = 32.5 }, 79 => class Medicine { private $MedicineID = 80; private $ActiveDrug = 'Dexamethasone phosphate'; private $Category = 'Ophthalmology'; private $UnitPrice = 11.5 }, 80 => class Medicine { private $MedicineID = 81; private $ActiveDrug = 'Pilocarpine'; private $Category = 'Ophthalmology'; private $UnitPrice = 11.5 }, 81 => class Medicine { private $MedicineID = 82; private $ActiveDrug = 'Deslorelin'; private $Category = 'Reproduction'; private $UnitPrice = 12.5 }, 82 => class Medicine { private $MedicineID = 83; private $ActiveDrug = 'Aglepristone'; private $Category = 'Reproduction'; private $UnitPrice = 12.5 }, 83 => class Medicine { private $MedicineID = 84; private $ActiveDrug = 'Oxytocin'; private $Category = 'Reproduction'; private $UnitPrice = 12.5 }, 84 => class Medicine { private $MedicineID = 85; private $ActiveDrug = 'Calcium gluconate'; private $Category = 'Reproduction'; private $UnitPrice = 12.5 }, 85 => class Medicine { private $MedicineID = 86; private $ActiveDrug = 'Finasteride'; private $Category = 'Reproduction'; private $UnitPrice = 12.5 }], $action = 'createPreOrder', $preOrder = *uninitialized*) C:\Users\300365472\Documents\BackendWebDev\VeterinaryPharmacyProjectPHP\PlaceOrder.php:130
[29-Jul-2023 20:15:52 Europe/Berlin] PHP Warning:  Undefined variable $preOrderId in C:\Users\300365472\Documents\BackendWebDev\VeterinaryPharmacyProjectPHP\inc\Entity\Page.class.php on line 220
[29-Jul-2023 20:15:52 Europe/Berlin] PHP Stack trace:
[29-Jul-2023 20:15:52 Europe/Berlin] PHP   1. {main}() C:\Users\300365472\Documents\BackendWebDev\VeterinaryPharmacyProjectPHP\PlaceOrder.php:0
[29-Jul-2023 20:15:52 Europe/Berlin] PHP   2. Page::displayMedicinesTable($medicines = [0 => class Medicine { private $MedicineID = 1; private $ActiveDrug = 'Xylazine'; private $Category = 'Anaesthetic, analgesic, and se'; private $UnitPrice = 27.5 }, 1 => class Medicine { private $MedicineID = 2; private $ActiveDrug = 'Medetomidine'; private $Category = 'Anaesthetic, analgesic, and se'; private $UnitPrice = 27.5 }, 2 => class Medicine { private $MedicineID = 3; private $ActiveDrug = 'Dexmedetomidine'; private $Category = 'Anaesthetic, analgesic, and se'; private $UnitPrice = 27.5 }, 3 => class Medicine { private $MedicineID = 4; private $ActiveDrug = 'Yohimbine'; private $Category = 'Anaesthetic, analgesic, and se'; private $UnitPrice = 27.5 }, 4 => class Medicine { private $MedicineID = 5; private $ActiveDrug = 'Tolazoline'; private $Category = 'Anaesthetic, analgesic, and se'; private $UnitPrice = 27.5 }, 5 => class Medicine { private $MedicineID = 6; private $ActiveDrug = 'Atipamezole'; private $Category = 'Anaesthetic, analgesic, and se'; private $UnitPrice = 27.5 }, 6 => class Medicine { private $MedicineID = 7; private $ActiveDrug = 'Atropine'; private $Category = 'Anaesthetic, analgesic, and se'; private $UnitPrice = 27.5 }, 7 => class Medicine { private $MedicineID = 8; private $ActiveDrug = 'Glycopyrrolate'; private $Category = 'Anaesthetic, analgesic, and se'; private $UnitPrice = 27.5 }, 8 => class Medicine { private $MedicineID = 9; private $ActiveDrug = 'Lidocaine'; private $Category = 'Anaesthetic, analgesic, and se'; private $UnitPrice = 27.5 }, 9 => class Medicine { private $MedicineID = 10; private $ActiveDrug = 'Epinephrine'; private $Category = 'Anaesthetic, analgesic, and se'; private $UnitPrice = 27.5 }, 10 => class Medicine { private $MedicineID = 11; private $ActiveDrug = 'Ketamine'; private $Category = 'Anaesthetic, analgesic, and se'; private $UnitPrice = 27.5 }, 11 => class Medicine { private $MedicineID = 12; private $ActiveDrug = 'Tiletamine-zolazepam'; private $Category = 'Anaesthetic, analgesic, and se'; private $UnitPrice = 27.5 }, 12 => class Medicine { private $MedicineID = 13; private $ActiveDrug = 'Midazolam'; private $Category = 'Anaesthetic, analgesic, and se'; private $UnitPrice = 27.5 }, 13 => class Medicine { private $MedicineID = 14; private $ActiveDrug = 'Diazepam'; private $Category = 'Anaesthetic, analgesic, and se'; private $UnitPrice = 27.5 }, 14 => class Medicine { private $MedicineID = 15; private $ActiveDrug = 'Ibuprofen.'; private $Category = 'Anaesthetic, analgesic, and se'; private $UnitPrice = 27.5 }, 15 => class Medicine { private $MedicineID = 16; private $ActiveDrug = 'Naproxen'; private $Category = 'Anaesthetic, analgesic, and se'; private $UnitPrice = 27.5 }, 16 => class Medicine { private $MedicineID = 17; private $ActiveDrug = 'Diclofenac'; private $Category = 'Anaesthetic, analgesic, and se'; private $UnitPrice = 27.5 }, 17 => class Medicine { private $MedicineID = 18; private $ActiveDrug = 'Aspirin'; private $Category = 'Anaesthetic, analgesic, and se'; private $UnitPrice = 27.5 }, 18 => class Medicine { private $MedicineID = 19; private $ActiveDrug = 'Buprenorphine'; private $Category = 'Anaesthetic, analgesic, and se'; private $UnitPrice = 27.5 }, 19 => class Medicine { private $MedicineID = 20; private $ActiveDrug = 'Calcium gluconate'; private $Category = 'Anaesthetic, analgesic, and se'; private $UnitPrice = 27.5 }, 20 => class Medicine { private $MedicineID = 21; private $ActiveDrug = 'Mannitol'; private $Category = 'Anaesthetic, analgesic, and se'; private $UnitPrice = 27.5 }, 21 => class Medicine { private $MedicineID = 22; private $ActiveDrug = 'Dextrose'; private $Category = 'Anaesthetic, analgesic, and se'; private $UnitPrice = 27.5 }, 22 => class Medicine { private $MedicineID = 23; private $ActiveDrug = 'Diphenhydramine'; private $Category = 'Anaesthetic, analgesic, and se'; private $UnitPrice = 27.5 }, 23 => class Medicine { private $MedicineID = 24; private $ActiveDrug = 'Amoxicillin'; private $Category = 'Antimicrobial drugs'; private $UnitPrice = 16.5 }, 24 => class Medicine { private $MedicineID = 25; private $ActiveDrug = 'Clindamycin'; private $Category = 'Antimicrobial drugs'; private $UnitPrice = 16.5 }, 25 => class Medicine { private $MedicineID = 26; private $ActiveDrug = 'Ampicillin'; private $Category = 'Antimicrobial drugs'; private $UnitPrice = 16.5 }, 26 => class Medicine { private $MedicineID = 27; private $ActiveDrug = 'Benzylpenicillin'; private $Category = 'Antimicrobial drugs'; private $UnitPrice = 16.5 }, 27 => class Medicine { private $MedicineID = 28; private $ActiveDrug = 'Cefazolin'; private $Category = 'Antimicrobial drugs'; private $UnitPrice = 16.5 }, 28 => class Medicine { private $MedicineID = 29; private $ActiveDrug = 'Sulfadiazinen'; private $Category = 'Antimicrobial drugs'; private $UnitPrice = 16.5 }, 29 => class Medicine { private $MedicineID = 30; private $ActiveDrug = 'Doxycycline'; private $Category = 'Antimicrobial drugs'; private $UnitPrice = 16.5 }, 30 => class Medicine { private $MedicineID = 31; private $ActiveDrug = 'Erythromycin'; private $Category = 'Antimicrobial drugs'; private $UnitPrice = 16.5 }, 31 => class Medicine { private $MedicineID = 32; private $ActiveDrug = 'Tylosin'; private $Category = 'Antimicrobial drugs'; private $UnitPrice = 16.5 }, 32 => class Medicine { private $MedicineID = 33; private $ActiveDrug = 'Metronidazole'; private $Category = 'Antimicrobial drugs'; private $UnitPrice = 16.5 }, 33 => class Medicine { private $MedicineID = 34; private $ActiveDrug = 'Enrofloxacin'; private $Category = 'Antimicrobial drugs'; private $UnitPrice = 16.5 }, 34 => class Medicine { private $MedicineID = 35; private $ActiveDrug = 'Gentamicin'; private $Category = 'Antimicrobial drugs'; private $UnitPrice = 16.5 }, 35 => class Medicine { private $MedicineID = 36; private $ActiveDrug = 'Chlorhexidine gluconate'; private $Category = 'Antimicrobial drugs'; private $UnitPrice = 16.5 }, 36 => class Medicine { private $MedicineID = 37; private $ActiveDrug = 'Miconazole'; private $Category = 'Antifungal drugs'; private $UnitPrice = 18.5 }, 37 => class Medicine { private $MedicineID = 38; private $ActiveDrug = 'Econazole'; private $Category = 'Antifungal drugs'; private $UnitPrice = 18.5 }, 38 => class Medicine { private $MedicineID = 39; private $ActiveDrug = 'Clotrimazole'; private $Category = 'Antifungal drugs'; private $UnitPrice = 18.5 }, 39 => class Medicine { private $MedicineID = 40; private $ActiveDrug = 'Enilconazole'; private $Category = 'Antifungal drugs'; private $UnitPrice = 18.5 }, 40 => class Medicine { private $MedicineID = 41; private $ActiveDrug = 'Terbinafine'; private $Category = 'Antifungal drugs'; private $UnitPrice = 18.5 }, 41 => class Medicine { private $MedicineID = 42; private $ActiveDrug = 'Famciclovir'; private $Category = 'Antiviral drugs'; private $UnitPrice = 12.5 }, 42 => class Medicine { private $MedicineID = 43; private $ActiveDrug = 'Zidovudine'; private $Category = 'Antiviral drugs'; private $UnitPrice = 12.5 }, 43 => class Medicine { private $MedicineID = 44; private $ActiveDrug = 'Imidacloprid'; private $Category = 'Antiparasitic drugs'; private $UnitPrice = 15.5 }, 44 => class Medicine { private $MedicineID = 45; private $ActiveDrug = 'Fipronil'; private $Category = 'Antiparasitic drugs'; private $UnitPrice = 15.5 }, 45 => class Medicine { private $MedicineID = 46; private $ActiveDrug = 'Flumethrin'; private $Category = 'Antiparasitic drugs'; private $UnitPrice = 15.5 }, 46 => class Medicine { private $MedicineID = 47; private $ActiveDrug = 'Milbemycins'; private $Category = 'Antiparasitic drugs'; private $UnitPrice = 15.5 }, 47 => class Medicine { private $MedicineID = 48; private $ActiveDrug = 'Praziquantel,'; private $Category = 'Antiparasitic drugs'; private $UnitPrice = 15.5 }, 48 => class Medicine { private $MedicineID = 49; private $ActiveDrug = 'Pyrantel'; private $Category = 'Antiparasitic drugs'; private $UnitPrice = 15.5 }, 49 => class Medicine { private $MedicineID = 50; private $ActiveDrug = 'Pyriproxyfen'; private $Category = 'Antiparasitic drugs'; private $UnitPrice = 15.5 }, 50 => class Medicine { private $MedicineID = 51; private $ActiveDrug = 'Febantel'; private $Category = 'Antiparasitic drugs'; private $UnitPrice = 15.5 }, 51 => class Medicine { private $MedicineID = 52; private $ActiveDrug = 'Fenbendazole'; private $Category = 'Antiparasitic drugs'; private $UnitPrice = 15.5 }, 52 => class Medicine { private $MedicineID = 53; private $ActiveDrug = 'Mebendazole'; private $Category = 'Antiparasitic drugs'; private $UnitPrice = 15.5 }, 53 => class Medicine { private $MedicineID = 54; private $ActiveDrug = 'Melarsomine'; private $Category = 'Antiparasitic drugs'; private $UnitPrice = 15.5 }, 54 => class Medicine { private $MedicineID = 55; private $ActiveDrug = 'Furosemide'; private $Category = 'Cardiorespiratory and renal sy'; private $UnitPrice = 13.5 }, 55 => class Medicine { private $MedicineID = 56; private $ActiveDrug = 'Pimobendan'; private $Category = 'Cardiorespiratory and renal sy'; private $UnitPrice = 13.5 }, 56 => class Medicine { private $MedicineID = 57; private $ActiveDrug = 'Amlodipine'; private $Category = 'Cardiorespiratory and renal sy'; private $UnitPrice = 13.5 }, 57 => class Medicine { private $MedicineID = 58; private $ActiveDrug = 'Benazepril'; private $Category = 'Cardiorespiratory and renal sy'; private $UnitPrice = 13.5 }, 58 => class Medicine { private $MedicineID = 59; private $ActiveDrug = 'Spironolactone'; private $Category = 'Cardiorespiratory and renal sy'; private $UnitPrice = 13.5 }, 59 => class Medicine { private $MedicineID = 60; private $ActiveDrug = 'Atenolol'; private $Category = 'Cardiorespiratory and renal sy'; private $UnitPrice = 13.5 }, 60 => class Medicine { private $MedicineID = 61; private $ActiveDrug = 'Ranitidine'; private $Category = 'Gastrointestinal system'; private $UnitPrice = 17.5 }, 61 => class Medicine { private $MedicineID = 62; private $ActiveDrug = 'Famotidine'; private $Category = 'Gastrointestinal system'; private $UnitPrice = 17.5 }, 62 => class Medicine { private $MedicineID = 63; private $ActiveDrug = 'Omeprazole'; private $Category = 'Gastrointestinal system'; private $UnitPrice = 17.5 }, 63 => class Medicine { private $MedicineID = 64; private $ActiveDrug = 'Apomorphine'; private $Category = 'Gastrointestinal system'; private $UnitPrice = 17.5 }, 64 => class Medicine { private $MedicineID = 65; private $ActiveDrug = 'Metoclopramide'; private $Category = 'Gastrointestinal system'; private $UnitPrice = 17.5 }, 65 => class Medicine { private $MedicineID = 66; private $ActiveDrug = 'Prednisolone'; private $Category = 'Gastrointestinal system'; private $UnitPrice = 17.5 }, 66 => class Medicine { private $MedicineID = 67; private $ActiveDrug = 'Lactulose'; private $Category = 'Gastrointestinal system'; private $UnitPrice = 17.5 }, 67 => class Medicine { private $MedicineID = 68; private $ActiveDrug = 'Cyclosporine'; private $Category = 'Immunomodulatory drugs'; private $UnitPrice = 12.5 }, 68 => class Medicine { private $MedicineID = 69; private $ActiveDrug = 'Tacrolimus'; private $Category = 'Immunomodulatory drugs'; private $UnitPrice = 12.5 }, 69 => class Medicine { private $MedicineID = 70; private $ActiveDrug = 'Dexamethasone'; private $Category = 'Neurology'; private $UnitPrice = 18.5 }, 70 => class Medicine { private $MedicineID = 71; private $ActiveDrug = 'Thiamine'; private $Category = 'Neurology'; private $UnitPrice = 18.5 }, 71 => class Medicine { private $MedicineID = 72; private $ActiveDrug = 'Phenobarbital'; private $Category = 'Neurology'; private $UnitPrice = 18.5 }, 72 => class Medicine { private $MedicineID = 73; private $ActiveDrug = 'Potassium bromide'; private $Category = 'Neurology'; private $UnitPrice = 18.5 }, 73 => class Medicine { private $MedicineID = 74; private $ActiveDrug = 'Levetiracetam'; private $Category = 'Neurology'; private $UnitPrice = 18.5 }, 74 => class Medicine { private $MedicineID = 75; private $ActiveDrug = 'Gabapentin'; private $Category = 'Neurology'; private $UnitPrice = 18.5 }, 75 => class Medicine { private $MedicineID = 76; private $ActiveDrug = 'Cyclophosphamide'; private $Category = 'Oncology'; private $UnitPrice = 32.5 }, 76 => class Medicine { private $MedicineID = 77; private $ActiveDrug = 'Chlorambucil,'; private $Category = 'Oncology'; private $UnitPrice = 32.5 }, 77 => class Medicine { private $MedicineID = 78; private $ActiveDrug = 'Carboplatin'; private $Category = 'Oncology'; private $UnitPrice = 32.5 }, 78 => class Medicine { private $MedicineID = 79; private $ActiveDrug = 'Lomustine'; private $Category = 'Oncology'; private $UnitPrice = 32.5 }, 79 => class Medicine { private $MedicineID = 80; private $ActiveDrug = 'Dexamethasone phosphate'; private $Category = 'Ophthalmology'; private $UnitPrice = 11.5 }, 80 => class Medicine { private $MedicineID = 81; private $ActiveDrug = 'Pilocarpine'; private $Category = 'Ophthalmology'; private $UnitPrice = 11.5 }, 81 => class Medicine { private $MedicineID = 82; private $ActiveDrug = 'Deslorelin'; private $Category = 'Reproduction'; private $UnitPrice = 12.5 }, 82 => class Medicine { private $MedicineID = 83; private $ActiveDrug = 'Aglepristone'; private $Category = 'Reproduction'; private $UnitPrice = 12.5 }, 83 => class Medicine { private $MedicineID = 84; private $ActiveDrug = 'Oxytocin'; private $Category = 'Reproduction'; private $UnitPrice = 12.5 }, 84 => class Medicine { private $MedicineID = 85; private $ActiveDrug = 'Calcium gluconate'; private $Category = 'Reproduction'; private $UnitPrice = 12.5 }, 85 => class Medicine { private $MedicineID = 86; private $ActiveDrug = 'Finasteride'; private $Category = 'Reproduction'; private $UnitPrice = 12.5 }], $action = 'createPreOrder', $preOrder = *uninitialized*) C:\Users\300365472\Documents\BackendWebDev\VeterinaryPharmacyProjectPHP\PlaceOrder.php:130
[29-Jul-2023 20:16:46 Europe/Berlin] PHP Warning:  Undefined variable $preOrderId in C:\Users\300365472\Documents\BackendWebDev\VeterinaryPharmacyProjectPHP\inc\Entity\Page.class.php on line 208
[29-Jul-2023 20:16:46 Europe/Berlin] PHP Stack trace:
[29-Jul-2023 20:16:46 Europe/Berlin] PHP   1. {main}() C:\Users\300365472\Documents\BackendWebDev\VeterinaryPharmacyProjectPHP\PlaceOrder.php:0
[29-Jul-2023 20:16:46 Europe/Berlin] PHP   2. Page::displayMedicinesTable($medicines = [0 => class Medicine { private $MedicineID = 1; private $ActiveDrug = 'Xylazine'; private $Category = 'Anaesthetic, analgesic, and se'; private $UnitPrice = 27.5 }, 1 => class Medicine { private $MedicineID = 2; private $ActiveDrug = 'Medetomidine'; private $Category = 'Anaesthetic, analgesic, and se'; private $UnitPrice = 27.5 }, 2 => class Medicine { private $MedicineID = 3; private $ActiveDrug = 'Dexmedetomidine'; private $Category = 'Anaesthetic, analgesic, and se'; private $UnitPrice = 27.5 }, 3 => class Medicine { private $MedicineID = 4; private $ActiveDrug = 'Yohimbine'; private $Category = 'Anaesthetic, analgesic, and se'; private $UnitPrice = 27.5 }, 4 => class Medicine { private $MedicineID = 5; private $ActiveDrug = 'Tolazoline'; private $Category = 'Anaesthetic, analgesic, and se'; private $UnitPrice = 27.5 }, 5 => class Medicine { private $MedicineID = 6; private $ActiveDrug = 'Atipamezole'; private $Category = 'Anaesthetic, analgesic, and se'; private $UnitPrice = 27.5 }, 6 => class Medicine { private $MedicineID = 7; private $ActiveDrug = 'Atropine'; private $Category = 'Anaesthetic, analgesic, and se'; private $UnitPrice = 27.5 }, 7 => class Medicine { private $MedicineID = 8; private $ActiveDrug = 'Glycopyrrolate'; private $Category = 'Anaesthetic, analgesic, and se'; private $UnitPrice = 27.5 }, 8 => class Medicine { private $MedicineID = 9; private $ActiveDrug = 'Lidocaine'; private $Category = 'Anaesthetic, analgesic, and se'; private $UnitPrice = 27.5 }, 9 => class Medicine { private $MedicineID = 10; private $ActiveDrug = 'Epinephrine'; private $Category = 'Anaesthetic, analgesic, and se'; private $UnitPrice = 27.5 }, 10 => class Medicine { private $MedicineID = 11; private $ActiveDrug = 'Ketamine'; private $Category = 'Anaesthetic, analgesic, and se'; private $UnitPrice = 27.5 }, 11 => class Medicine { private $MedicineID = 12; private $ActiveDrug = 'Tiletamine-zolazepam'; private $Category = 'Anaesthetic, analgesic, and se'; private $UnitPrice = 27.5 }, 12 => class Medicine { private $MedicineID = 13; private $ActiveDrug = 'Midazolam'; private $Category = 'Anaesthetic, analgesic, and se'; private $UnitPrice = 27.5 }, 13 => class Medicine { private $MedicineID = 14; private $ActiveDrug = 'Diazepam'; private $Category = 'Anaesthetic, analgesic, and se'; private $UnitPrice = 27.5 }, 14 => class Medicine { private $MedicineID = 15; private $ActiveDrug = 'Ibuprofen.'; private $Category = 'Anaesthetic, analgesic, and se'; private $UnitPrice = 27.5 }, 15 => class Medicine { private $MedicineID = 16; private $ActiveDrug = 'Naproxen'; private $Category = 'Anaesthetic, analgesic, and se'; private $UnitPrice = 27.5 }, 16 => class Medicine { private $MedicineID = 17; private $ActiveDrug = 'Diclofenac'; private $Category = 'Anaesthetic, analgesic, and se'; private $UnitPrice = 27.5 }, 17 => class Medicine { private $MedicineID = 18; private $ActiveDrug = 'Aspirin'; private $Category = 'Anaesthetic, analgesic, and se'; private $UnitPrice = 27.5 }, 18 => class Medicine { private $MedicineID = 19; private $ActiveDrug = 'Buprenorphine'; private $Category = 'Anaesthetic, analgesic, and se'; private $UnitPrice = 27.5 }, 19 => class Medicine { private $MedicineID = 20; private $ActiveDrug = 'Calcium gluconate'; private $Category = 'Anaesthetic, analgesic, and se'; private $UnitPrice = 27.5 }, 20 => class Medicine { private $MedicineID = 21; private $ActiveDrug = 'Mannitol'; private $Category = 'Anaesthetic, analgesic, and se'; private $UnitPrice = 27.5 }, 21 => class Medicine { private $MedicineID = 22; private $ActiveDrug = 'Dextrose'; private $Category = 'Anaesthetic, analgesic, and se'; private $UnitPrice = 27.5 }, 22 => class Medicine { private $MedicineID = 23; private $ActiveDrug = 'Diphenhydramine'; private $Category = 'Anaesthetic, analgesic, and se'; private $UnitPrice = 27.5 }, 23 => class Medicine { private $MedicineID = 24; private $ActiveDrug = 'Amoxicillin'; private $Category = 'Antimicrobial drugs'; private $UnitPrice = 16.5 }, 24 => class Medicine { private $MedicineID = 25; private $ActiveDrug = 'Clindamycin'; private $Category = 'Antimicrobial drugs'; private $UnitPrice = 16.5 }, 25 => class Medicine { private $MedicineID = 26; private $ActiveDrug = 'Ampicillin'; private $Category = 'Antimicrobial drugs'; private $UnitPrice = 16.5 }, 26 => class Medicine { private $MedicineID = 27; private $ActiveDrug = 'Benzylpenicillin'; private $Category = 'Antimicrobial drugs'; private $UnitPrice = 16.5 }, 27 => class Medicine { private $MedicineID = 28; private $ActiveDrug = 'Cefazolin'; private $Category = 'Antimicrobial drugs'; private $UnitPrice = 16.5 }, 28 => class Medicine { private $MedicineID = 29; private $ActiveDrug = 'Sulfadiazinen'; private $Category = 'Antimicrobial drugs'; private $UnitPrice = 16.5 }, 29 => class Medicine { private $MedicineID = 30; private $ActiveDrug = 'Doxycycline'; private $Category = 'Antimicrobial drugs'; private $UnitPrice = 16.5 }, 30 => class Medicine { private $MedicineID = 31; private $ActiveDrug = 'Erythromycin'; private $Category = 'Antimicrobial drugs'; private $UnitPrice = 16.5 }, 31 => class Medicine { private $MedicineID = 32; private $ActiveDrug = 'Tylosin'; private $Category = 'Antimicrobial drugs'; private $UnitPrice = 16.5 }, 32 => class Medicine { private $MedicineID = 33; private $ActiveDrug = 'Metronidazole'; private $Category = 'Antimicrobial drugs'; private $UnitPrice = 16.5 }, 33 => class Medicine { private $MedicineID = 34; private $ActiveDrug = 'Enrofloxacin'; private $Category = 'Antimicrobial drugs'; private $UnitPrice = 16.5 }, 34 => class Medicine { private $MedicineID = 35; private $ActiveDrug = 'Gentamicin'; private $Category = 'Antimicrobial drugs'; private $UnitPrice = 16.5 }, 35 => class Medicine { private $MedicineID = 36; private $ActiveDrug = 'Chlorhexidine gluconate'; private $Category = 'Antimicrobial drugs'; private $UnitPrice = 16.5 }, 36 => class Medicine { private $MedicineID = 37; private $ActiveDrug = 'Miconazole'; private $Category = 'Antifungal drugs'; private $UnitPrice = 18.5 }, 37 => class Medicine { private $MedicineID = 38; private $ActiveDrug = 'Econazole'; private $Category = 'Antifungal drugs'; private $UnitPrice = 18.5 }, 38 => class Medicine { private $MedicineID = 39; private $ActiveDrug = 'Clotrimazole'; private $Category = 'Antifungal drugs'; private $UnitPrice = 18.5 }, 39 => class Medicine { private $MedicineID = 40; private $ActiveDrug = 'Enilconazole'; private $Category = 'Antifungal drugs'; private $UnitPrice = 18.5 }, 40 => class Medicine { private $MedicineID = 41; private $ActiveDrug = 'Terbinafine'; private $Category = 'Antifungal drugs'; private $UnitPrice = 18.5 }, 41 => class Medicine { private $MedicineID = 42; private $ActiveDrug = 'Famciclovir'; private $Category = 'Antiviral drugs'; private $UnitPrice = 12.5 }, 42 => class Medicine { private $MedicineID = 43; private $ActiveDrug = 'Zidovudine'; private $Category = 'Antiviral drugs'; private $UnitPrice = 12.5 }, 43 => class Medicine { private $MedicineID = 44; private $ActiveDrug = 'Imidacloprid'; private $Category = 'Antiparasitic drugs'; private $UnitPrice = 15.5 }, 44 => class Medicine { private $MedicineID = 45; private $ActiveDrug = 'Fipronil'; private $Category = 'Antiparasitic drugs'; private $UnitPrice = 15.5 }, 45 => class Medicine { private $MedicineID = 46; private $ActiveDrug = 'Flumethrin'; private $Category = 'Antiparasitic drugs'; private $UnitPrice = 15.5 }, 46 => class Medicine { private $MedicineID = 47; private $ActiveDrug = 'Milbemycins'; private $Category = 'Antiparasitic drugs'; private $UnitPrice = 15.5 }, 47 => class Medicine { private $MedicineID = 48; private $ActiveDrug = 'Praziquantel,'; private $Category = 'Antiparasitic drugs'; private $UnitPrice = 15.5 }, 48 => class Medicine { private $MedicineID = 49; private $ActiveDrug = 'Pyrantel'; private $Category = 'Antiparasitic drugs'; private $UnitPrice = 15.5 }, 49 => class Medicine { private $MedicineID = 50; private $ActiveDrug = 'Pyriproxyfen'; private $Category = 'Antiparasitic drugs'; private $UnitPrice = 15.5 }, 50 => class Medicine { private $MedicineID = 51; private $ActiveDrug = 'Febantel'; private $Category = 'Antiparasitic drugs'; private $UnitPrice = 15.5 }, 51 => class Medicine { private $MedicineID = 52; private $ActiveDrug = 'Fenbendazole'; private $Category = 'Antiparasitic drugs'; private $UnitPrice = 15.5 }, 52 => class Medicine { private $MedicineID = 53; private $ActiveDrug = 'Mebendazole'; private $Category = 'Antiparasitic drugs'; private $UnitPrice = 15.5 }, 53 => class Medicine { private $MedicineID = 54; private $ActiveDrug = 'Melarsomine'; private $Category = 'Antiparasitic drugs'; private $UnitPrice = 15.5 }, 54 => class Medicine { private $MedicineID = 55; private $ActiveDrug = 'Furosemide'; private $Category = 'Cardiorespiratory and renal sy'; private $UnitPrice = 13.5 }, 55 => class Medicine { private $MedicineID = 56; private $ActiveDrug = 'Pimobendan'; private $Category = 'Cardiorespiratory and renal sy'; private $UnitPrice = 13.5 }, 56 => class Medicine { private $MedicineID = 57; private $ActiveDrug = 'Amlodipine'; private $Category = 'Cardiorespiratory and renal sy'; private $UnitPrice = 13.5 }, 57 => class Medicine { private $MedicineID = 58; private $ActiveDrug = 'Benazepril'; private $Category = 'Cardiorespiratory and renal sy'; private $UnitPrice = 13.5 }, 58 => class Medicine { private $MedicineID = 59; private $ActiveDrug = 'Spironolactone'; private $Category = 'Cardiorespiratory and renal sy'; private $UnitPrice = 13.5 }, 59 => class Medicine { private $MedicineID = 60; private $ActiveDrug = 'Atenolol'; private $Category = 'Cardiorespiratory and renal sy'; private $UnitPrice = 13.5 }, 60 => class Medicine { private $MedicineID = 61; private $ActiveDrug = 'Ranitidine'; private $Category = 'Gastrointestinal system'; private $UnitPrice = 17.5 }, 61 => class Medicine { private $MedicineID = 62; private $ActiveDrug = 'Famotidine'; private $Category = 'Gastrointestinal system'; private $UnitPrice = 17.5 }, 62 => class Medicine { private $MedicineID = 63; private $ActiveDrug = 'Omeprazole'; private $Category = 'Gastrointestinal system'; private $UnitPrice = 17.5 }, 63 => class Medicine { private $MedicineID = 64; private $ActiveDrug = 'Apomorphine'; private $Category = 'Gastrointestinal system'; private $UnitPrice = 17.5 }, 64 => class Medicine { private $MedicineID = 65; private $ActiveDrug = 'Metoclopramide'; private $Category = 'Gastrointestinal system'; private $UnitPrice = 17.5 }, 65 => class Medicine { private $MedicineID = 66; private $ActiveDrug = 'Prednisolone'; private $Category = 'Gastrointestinal system'; private $UnitPrice = 17.5 }, 66 => class Medicine { private $MedicineID = 67; private $ActiveDrug = 'Lactulose'; private $Category = 'Gastrointestinal system'; private $UnitPrice = 17.5 }, 67 => class Medicine { private $MedicineID = 68; private $ActiveDrug = 'Cyclosporine'; private $Category = 'Immunomodulatory drugs'; private $UnitPrice = 12.5 }, 68 => class Medicine { private $MedicineID = 69; private $ActiveDrug = 'Tacrolimus'; private $Category = 'Immunomodulatory drugs'; private $UnitPrice = 12.5 }, 69 => class Medicine { private $MedicineID = 70; private $ActiveDrug = 'Dexamethasone'; private $Category = 'Neurology'; private $UnitPrice = 18.5 }, 70 => class Medicine { private $MedicineID = 71; private $ActiveDrug = 'Thiamine'; private $Category = 'Neurology'; private $UnitPrice = 18.5 }, 71 => class Medicine { private $MedicineID = 72; private $ActiveDrug = 'Phenobarbital'; private $Category = 'Neurology'; private $UnitPrice = 18.5 }, 72 => class Medicine { private $MedicineID = 73; private $ActiveDrug = 'Potassium bromide'; private $Category = 'Neurology'; private $UnitPrice = 18.5 }, 73 => class Medicine { private $MedicineID = 74; private $ActiveDrug = 'Levetiracetam'; private $Category = 'Neurology'; private $UnitPrice = 18.5 }, 74 => class Medicine { private $MedicineID = 75; private $ActiveDrug = 'Gabapentin'; private $Category = 'Neurology'; private $UnitPrice = 18.5 }, 75 => class Medicine { private $MedicineID = 76; private $ActiveDrug = 'Cyclophosphamide'; private $Category = 'Oncology'; private $UnitPrice = 32.5 }, 76 => class Medicine { private $MedicineID = 77; private $ActiveDrug = 'Chlorambucil,'; private $Category = 'Oncology'; private $UnitPrice = 32.5 }, 77 => class Medicine { private $MedicineID = 78; private $ActiveDrug = 'Carboplatin'; private $Category = 'Oncology'; private $UnitPrice = 32.5 }, 78 => class Medicine { private $MedicineID = 79; private $ActiveDrug = 'Lomustine'; private $Category = 'Oncology'; private $UnitPrice = 32.5 }, 79 => class Medicine { private $MedicineID = 80; private $ActiveDrug = 'Dexamethasone phosphate'; private $Category = 'Ophthalmology'; private $UnitPrice = 11.5 }, 80 => class Medicine { private $MedicineID = 81; private $ActiveDrug = 'Pilocarpine'; private $Category = 'Ophthalmology'; private $UnitPrice = 11.5 }, 81 => class Medicine { private $MedicineID = 82; private $ActiveDrug = 'Deslorelin'; private $Category = 'Reproduction'; private $UnitPrice = 12.5 }, 82 => class Medicine { private $MedicineID = 83; private $ActiveDrug = 'Aglepristone'; private $Category = 'Reproduction'; private $UnitPrice = 12.5 }, 83 => class Medicine { private $MedicineID = 84; private $ActiveDrug = 'Oxytocin'; private $Category = 'Reproduction'; private $UnitPrice = 12.5 }, 84 => class Medicine { private $MedicineID = 85; private $ActiveDrug = 'Calcium gluconate'; private $Category = 'Reproduction'; private $UnitPrice = 12.5 }, 85 => class Medicine { private $MedicineID = 86; private $ActiveDrug = 'Finasteride'; private $Category = 'Reproduction'; private $UnitPrice = 12.5 }], $action = 'createPreOrder', $preOrder = *uninitialized*) C:\Users\300365472\Documents\BackendWebDev\VeterinaryPharmacyProjectPHP\PlaceOrder.php:130
[29-Jul-2023 20:16:46 Europe/Berlin] PHP Warning:  Undefined variable $preOrderId in C:\Users\300365472\Documents\BackendWebDev\VeterinaryPharmacyProjectPHP\inc\Entity\Page.class.php on line 220
[29-Jul-2023 20:16:46 Europe/Berlin] PHP Stack trace:
[29-Jul-2023 20:16:46 Europe/Berlin] PHP   1. {main}() C:\Users\300365472\Documents\BackendWebDev\VeterinaryPharmacyProjectPHP\PlaceOrder.php:0
[29-Jul-2023 20:16:46 Europe/Berlin] PHP   2. Page::displayMedicinesTable($medicines = [0 => class Medicine { private $MedicineID = 1; private $ActiveDrug = 'Xylazine'; private $Category = 'Anaesthetic, analgesic, and se'; private $UnitPrice = 27.5 }, 1 => class Medicine { private $MedicineID = 2; private $ActiveDrug = 'Medetomidine'; private $Category = 'Anaesthetic, analgesic, and se'; private $UnitPrice = 27.5 }, 2 => class Medicine { private $MedicineID = 3; private $ActiveDrug = 'Dexmedetomidine'; private $Category = 'Anaesthetic, analgesic, and se'; private $UnitPrice = 27.5 }, 3 => class Medicine { private $MedicineID = 4; private $ActiveDrug = 'Yohimbine'; private $Category = 'Anaesthetic, analgesic, and se'; private $UnitPrice = 27.5 }, 4 => class Medicine { private $MedicineID = 5; private $ActiveDrug = 'Tolazoline'; private $Category = 'Anaesthetic, analgesic, and se'; private $UnitPrice = 27.5 }, 5 => class Medicine { private $MedicineID = 6; private $ActiveDrug = 'Atipamezole'; private $Category = 'Anaesthetic, analgesic, and se'; private $UnitPrice = 27.5 }, 6 => class Medicine { private $MedicineID = 7; private $ActiveDrug = 'Atropine'; private $Category = 'Anaesthetic, analgesic, and se'; private $UnitPrice = 27.5 }, 7 => class Medicine { private $MedicineID = 8; private $ActiveDrug = 'Glycopyrrolate'; private $Category = 'Anaesthetic, analgesic, and se'; private $UnitPrice = 27.5 }, 8 => class Medicine { private $MedicineID = 9; private $ActiveDrug = 'Lidocaine'; private $Category = 'Anaesthetic, analgesic, and se'; private $UnitPrice = 27.5 }, 9 => class Medicine { private $MedicineID = 10; private $ActiveDrug = 'Epinephrine'; private $Category = 'Anaesthetic, analgesic, and se'; private $UnitPrice = 27.5 }, 10 => class Medicine { private $MedicineID = 11; private $ActiveDrug = 'Ketamine'; private $Category = 'Anaesthetic, analgesic, and se'; private $UnitPrice = 27.5 }, 11 => class Medicine { private $MedicineID = 12; private $ActiveDrug = 'Tiletamine-zolazepam'; private $Category = 'Anaesthetic, analgesic, and se'; private $UnitPrice = 27.5 }, 12 => class Medicine { private $MedicineID = 13; private $ActiveDrug = 'Midazolam'; private $Category = 'Anaesthetic, analgesic, and se'; private $UnitPrice = 27.5 }, 13 => class Medicine { private $MedicineID = 14; private $ActiveDrug = 'Diazepam'; private $Category = 'Anaesthetic, analgesic, and se'; private $UnitPrice = 27.5 }, 14 => class Medicine { private $MedicineID = 15; private $ActiveDrug = 'Ibuprofen.'; private $Category = 'Anaesthetic, analgesic, and se'; private $UnitPrice = 27.5 }, 15 => class Medicine { private $MedicineID = 16; private $ActiveDrug = 'Naproxen'; private $Category = 'Anaesthetic, analgesic, and se'; private $UnitPrice = 27.5 }, 16 => class Medicine { private $MedicineID = 17; private $ActiveDrug = 'Diclofenac'; private $Category = 'Anaesthetic, analgesic, and se'; private $UnitPrice = 27.5 }, 17 => class Medicine { private $MedicineID = 18; private $ActiveDrug = 'Aspirin'; private $Category = 'Anaesthetic, analgesic, and se'; private $UnitPrice = 27.5 }, 18 => class Medicine { private $MedicineID = 19; private $ActiveDrug = 'Buprenorphine'; private $Category = 'Anaesthetic, analgesic, and se'; private $UnitPrice = 27.5 }, 19 => class Medicine { private $MedicineID = 20; private $ActiveDrug = 'Calcium gluconate'; private $Category = 'Anaesthetic, analgesic, and se'; private $UnitPrice = 27.5 }, 20 => class Medicine { private $MedicineID = 21; private $ActiveDrug = 'Mannitol'; private $Category = 'Anaesthetic, analgesic, and se'; private $UnitPrice = 27.5 }, 21 => class Medicine { private $MedicineID = 22; private $ActiveDrug = 'Dextrose'; private $Category = 'Anaesthetic, analgesic, and se'; private $UnitPrice = 27.5 }, 22 => class Medicine { private $MedicineID = 23; private $ActiveDrug = 'Diphenhydramine'; private $Category = 'Anaesthetic, analgesic, and se'; private $UnitPrice = 27.5 }, 23 => class Medicine { private $MedicineID = 24; private $ActiveDrug = 'Amoxicillin'; private $Category = 'Antimicrobial drugs'; private $UnitPrice = 16.5 }, 24 => class Medicine { private $MedicineID = 25; private $ActiveDrug = 'Clindamycin'; private $Category = 'Antimicrobial drugs'; private $UnitPrice = 16.5 }, 25 => class Medicine { private $MedicineID = 26; private $ActiveDrug = 'Ampicillin'; private $Category = 'Antimicrobial drugs'; private $UnitPrice = 16.5 }, 26 => class Medicine { private $MedicineID = 27; private $ActiveDrug = 'Benzylpenicillin'; private $Category = 'Antimicrobial drugs'; private $UnitPrice = 16.5 }, 27 => class Medicine { private $MedicineID = 28; private $ActiveDrug = 'Cefazolin'; private $Category = 'Antimicrobial drugs'; private $UnitPrice = 16.5 }, 28 => class Medicine { private $MedicineID = 29; private $ActiveDrug = 'Sulfadiazinen'; private $Category = 'Antimicrobial drugs'; private $UnitPrice = 16.5 }, 29 => class Medicine { private $MedicineID = 30; private $ActiveDrug = 'Doxycycline'; private $Category = 'Antimicrobial drugs'; private $UnitPrice = 16.5 }, 30 => class Medicine { private $MedicineID = 31; private $ActiveDrug = 'Erythromycin'; private $Category = 'Antimicrobial drugs'; private $UnitPrice = 16.5 }, 31 => class Medicine { private $MedicineID = 32; private $ActiveDrug = 'Tylosin'; private $Category = 'Antimicrobial drugs'; private $UnitPrice = 16.5 }, 32 => class Medicine { private $MedicineID = 33; private $ActiveDrug = 'Metronidazole'; private $Category = 'Antimicrobial drugs'; private $UnitPrice = 16.5 }, 33 => class Medicine { private $MedicineID = 34; private $ActiveDrug = 'Enrofloxacin'; private $Category = 'Antimicrobial drugs'; private $UnitPrice = 16.5 }, 34 => class Medicine { private $MedicineID = 35; private $ActiveDrug = 'Gentamicin'; private $Category = 'Antimicrobial drugs'; private $UnitPrice = 16.5 }, 35 => class Medicine { private $MedicineID = 36; private $ActiveDrug = 'Chlorhexidine gluconate'; private $Category = 'Antimicrobial drugs'; private $UnitPrice = 16.5 }, 36 => class Medicine { private $MedicineID = 37; private $ActiveDrug = 'Miconazole'; private $Category = 'Antifungal drugs'; private $UnitPrice = 18.5 }, 37 => class Medicine { private $MedicineID = 38; private $ActiveDrug = 'Econazole'; private $Category = 'Antifungal drugs'; private $UnitPrice = 18.5 }, 38 => class Medicine { private $MedicineID = 39; private $ActiveDrug = 'Clotrimazole'; private $Category = 'Antifungal drugs'; private $UnitPrice = 18.5 }, 39 => class Medicine { private $MedicineID = 40; private $ActiveDrug = 'Enilconazole'; private $Category = 'Antifungal drugs'; private $UnitPrice = 18.5 }, 40 => class Medicine { private $MedicineID = 41; private $ActiveDrug = 'Terbinafine'; private $Category = 'Antifungal drugs'; private $UnitPrice = 18.5 }, 41 => class Medicine { private $MedicineID = 42; private $ActiveDrug = 'Famciclovir'; private $Category = 'Antiviral drugs'; private $UnitPrice = 12.5 }, 42 => class Medicine { private $MedicineID = 43; private $ActiveDrug = 'Zidovudine'; private $Category = 'Antiviral drugs'; private $UnitPrice = 12.5 }, 43 => class Medicine { private $MedicineID = 44; private $ActiveDrug = 'Imidacloprid'; private $Category = 'Antiparasitic drugs'; private $UnitPrice = 15.5 }, 44 => class Medicine { private $MedicineID = 45; private $ActiveDrug = 'Fipronil'; private $Category = 'Antiparasitic drugs'; private $UnitPrice = 15.5 }, 45 => class Medicine { private $MedicineID = 46; private $ActiveDrug = 'Flumethrin'; private $Category = 'Antiparasitic drugs'; private $UnitPrice = 15.5 }, 46 => class Medicine { private $MedicineID = 47; private $ActiveDrug = 'Milbemycins'; private $Category = 'Antiparasitic drugs'; private $UnitPrice = 15.5 }, 47 => class Medicine { private $MedicineID = 48; private $ActiveDrug = 'Praziquantel,'; private $Category = 'Antiparasitic drugs'; private $UnitPrice = 15.5 }, 48 => class Medicine { private $MedicineID = 49; private $ActiveDrug = 'Pyrantel'; private $Category = 'Antiparasitic drugs'; private $UnitPrice = 15.5 }, 49 => class Medicine { private $MedicineID = 50; private $ActiveDrug = 'Pyriproxyfen'; private $Category = 'Antiparasitic drugs'; private $UnitPrice = 15.5 }, 50 => class Medicine { private $MedicineID = 51; private $ActiveDrug = 'Febantel'; private $Category = 'Antiparasitic drugs'; private $UnitPrice = 15.5 }, 51 => class Medicine { private $MedicineID = 52; private $ActiveDrug = 'Fenbendazole'; private $Category = 'Antiparasitic drugs'; private $UnitPrice = 15.5 }, 52 => class Medicine { private $MedicineID = 53; private $ActiveDrug = 'Mebendazole'; private $Category = 'Antiparasitic drugs'; private $UnitPrice = 15.5 }, 53 => class Medicine { private $MedicineID = 54; private $ActiveDrug = 'Melarsomine'; private $Category = 'Antiparasitic drugs'; private $UnitPrice = 15.5 }, 54 => class Medicine { private $MedicineID = 55; private $ActiveDrug = 'Furosemide'; private $Category = 'Cardiorespiratory and renal sy'; private $UnitPrice = 13.5 }, 55 => class Medicine { private $MedicineID = 56; private $ActiveDrug = 'Pimobendan'; private $Category = 'Cardiorespiratory and renal sy'; private $UnitPrice = 13.5 }, 56 => class Medicine { private $MedicineID = 57; private $ActiveDrug = 'Amlodipine'; private $Category = 'Cardiorespiratory and renal sy'; private $UnitPrice = 13.5 }, 57 => class Medicine { private $MedicineID = 58; private $ActiveDrug = 'Benazepril'; private $Category = 'Cardiorespiratory and renal sy'; private $UnitPrice = 13.5 }, 58 => class Medicine { private $MedicineID = 59; private $ActiveDrug = 'Spironolactone'; private $Category = 'Cardiorespiratory and renal sy'; private $UnitPrice = 13.5 }, 59 => class Medicine { private $MedicineID = 60; private $ActiveDrug = 'Atenolol'; private $Category = 'Cardiorespiratory and renal sy'; private $UnitPrice = 13.5 }, 60 => class Medicine { private $MedicineID = 61; private $ActiveDrug = 'Ranitidine'; private $Category = 'Gastrointestinal system'; private $UnitPrice = 17.5 }, 61 => class Medicine { private $MedicineID = 62; private $ActiveDrug = 'Famotidine'; private $Category = 'Gastrointestinal system'; private $UnitPrice = 17.5 }, 62 => class Medicine { private $MedicineID = 63; private $ActiveDrug = 'Omeprazole'; private $Category = 'Gastrointestinal system'; private $UnitPrice = 17.5 }, 63 => class Medicine { private $MedicineID = 64; private $ActiveDrug = 'Apomorphine'; private $Category = 'Gastrointestinal system'; private $UnitPrice = 17.5 }, 64 => class Medicine { private $MedicineID = 65; private $ActiveDrug = 'Metoclopramide'; private $Category = 'Gastrointestinal system'; private $UnitPrice = 17.5 }, 65 => class Medicine { private $MedicineID = 66; private $ActiveDrug = 'Prednisolone'; private $Category = 'Gastrointestinal system'; private $UnitPrice = 17.5 }, 66 => class Medicine { private $MedicineID = 67; private $ActiveDrug = 'Lactulose'; private $Category = 'Gastrointestinal system'; private $UnitPrice = 17.5 }, 67 => class Medicine { private $MedicineID = 68; private $ActiveDrug = 'Cyclosporine'; private $Category = 'Immunomodulatory drugs'; private $UnitPrice = 12.5 }, 68 => class Medicine { private $MedicineID = 69; private $ActiveDrug = 'Tacrolimus'; private $Category = 'Immunomodulatory drugs'; private $UnitPrice = 12.5 }, 69 => class Medicine { private $MedicineID = 70; private $ActiveDrug = 'Dexamethasone'; private $Category = 'Neurology'; private $UnitPrice = 18.5 }, 70 => class Medicine { private $MedicineID = 71; private $ActiveDrug = 'Thiamine'; private $Category = 'Neurology'; private $UnitPrice = 18.5 }, 71 => class Medicine { private $MedicineID = 72; private $ActiveDrug = 'Phenobarbital'; private $Category = 'Neurology'; private $UnitPrice = 18.5 }, 72 => class Medicine { private $MedicineID = 73; private $ActiveDrug = 'Potassium bromide'; private $Category = 'Neurology'; private $UnitPrice = 18.5 }, 73 => class Medicine { private $MedicineID = 74; private $ActiveDrug = 'Levetiracetam'; private $Category = 'Neurology'; private $UnitPrice = 18.5 }, 74 => class Medicine { private $MedicineID = 75; private $ActiveDrug = 'Gabapentin'; private $Category = 'Neurology'; private $UnitPrice = 18.5 }, 75 => class Medicine { private $MedicineID = 76; private $ActiveDrug = 'Cyclophosphamide'; private $Category = 'Oncology'; private $UnitPrice = 32.5 }, 76 => class Medicine { private $MedicineID = 77; private $ActiveDrug = 'Chlorambucil,'; private $Category = 'Oncology'; private $UnitPrice = 32.5 }, 77 => class Medicine { private $MedicineID = 78; private $ActiveDrug = 'Carboplatin'; private $Category = 'Oncology'; private $UnitPrice = 32.5 }, 78 => class Medicine { private $MedicineID = 79; private $ActiveDrug = 'Lomustine'; private $Category = 'Oncology'; private $UnitPrice = 32.5 }, 79 => class Medicine { private $MedicineID = 80; private $ActiveDrug = 'Dexamethasone phosphate'; private $Category = 'Ophthalmology'; private $UnitPrice = 11.5 }, 80 => class Medicine { private $MedicineID = 81; private $ActiveDrug = 'Pilocarpine'; private $Category = 'Ophthalmology'; private $UnitPrice = 11.5 }, 81 => class Medicine { private $MedicineID = 82; private $ActiveDrug = 'Deslorelin'; private $Category = 'Reproduction'; private $UnitPrice = 12.5 }, 82 => class Medicine { private $MedicineID = 83; private $ActiveDrug = 'Aglepristone'; private $Category = 'Reproduction'; private $UnitPrice = 12.5 }, 83 => class Medicine { private $MedicineID = 84; private $ActiveDrug = 'Oxytocin'; private $Category = 'Reproduction'; private $UnitPrice = 12.5 }, 84 => class Medicine { private $MedicineID = 85; private $ActiveDrug = 'Calcium gluconate'; private $Category = 'Reproduction'; private $UnitPrice = 12.5 }, 85 => class Medicine { private $MedicineID = 86; private $ActiveDrug = 'Finasteride'; private $Category = 'Reproduction'; private $UnitPrice = 12.5 }], $action = 'createPreOrder', $preOrder = *uninitialized*) C:\Users\300365472\Documents\BackendWebDev\VeterinaryPharmacyProjectPHP\PlaceOrder.php:130
[29-Jul-2023 20:17:02 Europe/Berlin] PHP Warning:  Undefined variable $preOrderId in C:\Users\300365472\Documents\BackendWebDev\VeterinaryPharmacyProjectPHP\inc\Entity\Page.class.php on line 208
[29-Jul-2023 20:17:02 Europe/Berlin] PHP Stack trace:
[29-Jul-2023 20:17:02 Europe/Berlin] PHP   1. {main}() C:\Users\300365472\Documents\BackendWebDev\VeterinaryPharmacyProjectPHP\PlaceOrder.php:0
[29-Jul-2023 20:17:02 Europe/Berlin] PHP   2. Page::displayMedicinesTable($medicines = [0 => class Medicine { private $MedicineID = 1; private $ActiveDrug = 'Xylazine'; private $Category = 'Anaesthetic, analgesic, and se'; private $UnitPrice = 27.5 }, 1 => class Medicine { private $MedicineID = 2; private $ActiveDrug = 'Medetomidine'; private $Category = 'Anaesthetic, analgesic, and se'; private $UnitPrice = 27.5 }, 2 => class Medicine { private $MedicineID = 3; private $ActiveDrug = 'Dexmedetomidine'; private $Category = 'Anaesthetic, analgesic, and se'; private $UnitPrice = 27.5 }, 3 => class Medicine { private $MedicineID = 4; private $ActiveDrug = 'Yohimbine'; private $Category = 'Anaesthetic, analgesic, and se'; private $UnitPrice = 27.5 }, 4 => class Medicine { private $MedicineID = 5; private $ActiveDrug = 'Tolazoline'; private $Category = 'Anaesthetic, analgesic, and se'; private $UnitPrice = 27.5 }, 5 => class Medicine { private $MedicineID = 6; private $ActiveDrug = 'Atipamezole'; private $Category = 'Anaesthetic, analgesic, and se'; private $UnitPrice = 27.5 }, 6 => class Medicine { private $MedicineID = 7; private $ActiveDrug = 'Atropine'; private $Category = 'Anaesthetic, analgesic, and se'; private $UnitPrice = 27.5 }, 7 => class Medicine { private $MedicineID = 8; private $ActiveDrug = 'Glycopyrrolate'; private $Category = 'Anaesthetic, analgesic, and se'; private $UnitPrice = 27.5 }, 8 => class Medicine { private $MedicineID = 9; private $ActiveDrug = 'Lidocaine'; private $Category = 'Anaesthetic, analgesic, and se'; private $UnitPrice = 27.5 }, 9 => class Medicine { private $MedicineID = 10; private $ActiveDrug = 'Epinephrine'; private $Category = 'Anaesthetic, analgesic, and se'; private $UnitPrice = 27.5 }, 10 => class Medicine { private $MedicineID = 11; private $ActiveDrug = 'Ketamine'; private $Category = 'Anaesthetic, analgesic, and se'; private $UnitPrice = 27.5 }, 11 => class Medicine { private $MedicineID = 12; private $ActiveDrug = 'Tiletamine-zolazepam'; private $Category = 'Anaesthetic, analgesic, and se'; private $UnitPrice = 27.5 }, 12 => class Medicine { private $MedicineID = 13; private $ActiveDrug = 'Midazolam'; private $Category = 'Anaesthetic, analgesic, and se'; private $UnitPrice = 27.5 }, 13 => class Medicine { private $MedicineID = 14; private $ActiveDrug = 'Diazepam'; private $Category = 'Anaesthetic, analgesic, and se'; private $UnitPrice = 27.5 }, 14 => class Medicine { private $MedicineID = 15; private $ActiveDrug = 'Ibuprofen.'; private $Category = 'Anaesthetic, analgesic, and se'; private $UnitPrice = 27.5 }, 15 => class Medicine { private $MedicineID = 16; private $ActiveDrug = 'Naproxen'; private $Category = 'Anaesthetic, analgesic, and se'; private $UnitPrice = 27.5 }, 16 => class Medicine { private $MedicineID = 17; private $ActiveDrug = 'Diclofenac'; private $Category = 'Anaesthetic, analgesic, and se'; private $UnitPrice = 27.5 }, 17 => class Medicine { private $MedicineID = 18; private $ActiveDrug = 'Aspirin'; private $Category = 'Anaesthetic, analgesic, and se'; private $UnitPrice = 27.5 }, 18 => class Medicine { private $MedicineID = 19; private $ActiveDrug = 'Buprenorphine'; private $Category = 'Anaesthetic, analgesic, and se'; private $UnitPrice = 27.5 }, 19 => class Medicine { private $MedicineID = 20; private $ActiveDrug = 'Calcium gluconate'; private $Category = 'Anaesthetic, analgesic, and se'; private $UnitPrice = 27.5 }, 20 => class Medicine { private $MedicineID = 21; private $ActiveDrug = 'Mannitol'; private $Category = 'Anaesthetic, analgesic, and se'; private $UnitPrice = 27.5 }, 21 => class Medicine { private $MedicineID = 22; private $ActiveDrug = 'Dextrose'; private $Category = 'Anaesthetic, analgesic, and se'; private $UnitPrice = 27.5 }, 22 => class Medicine { private $MedicineID = 23; private $ActiveDrug = 'Diphenhydramine'; private $Category = 'Anaesthetic, analgesic, and se'; private $UnitPrice = 27.5 }, 23 => class Medicine { private $MedicineID = 24; private $ActiveDrug = 'Amoxicillin'; private $Category = 'Antimicrobial drugs'; private $UnitPrice = 16.5 }, 24 => class Medicine { private $MedicineID = 25; private $ActiveDrug = 'Clindamycin'; private $Category = 'Antimicrobial drugs'; private $UnitPrice = 16.5 }, 25 => class Medicine { private $MedicineID = 26; private $ActiveDrug = 'Ampicillin'; private $Category = 'Antimicrobial drugs'; private $UnitPrice = 16.5 }, 26 => class Medicine { private $MedicineID = 27; private $ActiveDrug = 'Benzylpenicillin'; private $Category = 'Antimicrobial drugs'; private $UnitPrice = 16.5 }, 27 => class Medicine { private $MedicineID = 28; private $ActiveDrug = 'Cefazolin'; private $Category = 'Antimicrobial drugs'; private $UnitPrice = 16.5 }, 28 => class Medicine { private $MedicineID = 29; private $ActiveDrug = 'Sulfadiazinen'; private $Category = 'Antimicrobial drugs'; private $UnitPrice = 16.5 }, 29 => class Medicine { private $MedicineID = 30; private $ActiveDrug = 'Doxycycline'; private $Category = 'Antimicrobial drugs'; private $UnitPrice = 16.5 }, 30 => class Medicine { private $MedicineID = 31; private $ActiveDrug = 'Erythromycin'; private $Category = 'Antimicrobial drugs'; private $UnitPrice = 16.5 }, 31 => class Medicine { private $MedicineID = 32; private $ActiveDrug = 'Tylosin'; private $Category = 'Antimicrobial drugs'; private $UnitPrice = 16.5 }, 32 => class Medicine { private $MedicineID = 33; private $ActiveDrug = 'Metronidazole'; private $Category = 'Antimicrobial drugs'; private $UnitPrice = 16.5 }, 33 => class Medicine { private $MedicineID = 34; private $ActiveDrug = 'Enrofloxacin'; private $Category = 'Antimicrobial drugs'; private $UnitPrice = 16.5 }, 34 => class Medicine { private $MedicineID = 35; private $ActiveDrug = 'Gentamicin'; private $Category = 'Antimicrobial drugs'; private $UnitPrice = 16.5 }, 35 => class Medicine { private $MedicineID = 36; private $ActiveDrug = 'Chlorhexidine gluconate'; private $Category = 'Antimicrobial drugs'; private $UnitPrice = 16.5 }, 36 => class Medicine { private $MedicineID = 37; private $ActiveDrug = 'Miconazole'; private $Category = 'Antifungal drugs'; private $UnitPrice = 18.5 }, 37 => class Medicine { private $MedicineID = 38; private $ActiveDrug = 'Econazole'; private $Category = 'Antifungal drugs'; private $UnitPrice = 18.5 }, 38 => class Medicine { private $MedicineID = 39; private $ActiveDrug = 'Clotrimazole'; private $Category = 'Antifungal drugs'; private $UnitPrice = 18.5 }, 39 => class Medicine { private $MedicineID = 40; private $ActiveDrug = 'Enilconazole'; private $Category = 'Antifungal drugs'; private $UnitPrice = 18.5 }, 40 => class Medicine { private $MedicineID = 41; private $ActiveDrug = 'Terbinafine'; private $Category = 'Antifungal drugs'; private $UnitPrice = 18.5 }, 41 => class Medicine { private $MedicineID = 42; private $ActiveDrug = 'Famciclovir'; private $Category = 'Antiviral drugs'; private $UnitPrice = 12.5 }, 42 => class Medicine { private $MedicineID = 43; private $ActiveDrug = 'Zidovudine'; private $Category = 'Antiviral drugs'; private $UnitPrice = 12.5 }, 43 => class Medicine { private $MedicineID = 44; private $ActiveDrug = 'Imidacloprid'; private $Category = 'Antiparasitic drugs'; private $UnitPrice = 15.5 }, 44 => class Medicine { private $MedicineID = 45; private $ActiveDrug = 'Fipronil'; private $Category = 'Antiparasitic drugs'; private $UnitPrice = 15.5 }, 45 => class Medicine { private $MedicineID = 46; private $ActiveDrug = 'Flumethrin'; private $Category = 'Antiparasitic drugs'; private $UnitPrice = 15.5 }, 46 => class Medicine { private $MedicineID = 47; private $ActiveDrug = 'Milbemycins'; private $Category = 'Antiparasitic drugs'; private $UnitPrice = 15.5 }, 47 => class Medicine { private $MedicineID = 48; private $ActiveDrug = 'Praziquantel,'; private $Category = 'Antiparasitic drugs'; private $UnitPrice = 15.5 }, 48 => class Medicine { private $MedicineID = 49; private $ActiveDrug = 'Pyrantel'; private $Category = 'Antiparasitic drugs'; private $UnitPrice = 15.5 }, 49 => class Medicine { private $MedicineID = 50; private $ActiveDrug = 'Pyriproxyfen'; private $Category = 'Antiparasitic drugs'; private $UnitPrice = 15.5 }, 50 => class Medicine { private $MedicineID = 51; private $ActiveDrug = 'Febantel'; private $Category = 'Antiparasitic drugs'; private $UnitPrice = 15.5 }, 51 => class Medicine { private $MedicineID = 52; private $ActiveDrug = 'Fenbendazole'; private $Category = 'Antiparasitic drugs'; private $UnitPrice = 15.5 }, 52 => class Medicine { private $MedicineID = 53; private $ActiveDrug = 'Mebendazole'; private $Category = 'Antiparasitic drugs'; private $UnitPrice = 15.5 }, 53 => class Medicine { private $MedicineID = 54; private $ActiveDrug = 'Melarsomine'; private $Category = 'Antiparasitic drugs'; private $UnitPrice = 15.5 }, 54 => class Medicine { private $MedicineID = 55; private $ActiveDrug = 'Furosemide'; private $Category = 'Cardiorespiratory and renal sy'; private $UnitPrice = 13.5 }, 55 => class Medicine { private $MedicineID = 56; private $ActiveDrug = 'Pimobendan'; private $Category = 'Cardiorespiratory and renal sy'; private $UnitPrice = 13.5 }, 56 => class Medicine { private $MedicineID = 57; private $ActiveDrug = 'Amlodipine'; private $Category = 'Cardiorespiratory and renal sy'; private $UnitPrice = 13.5 }, 57 => class Medicine { private $MedicineID = 58; private $ActiveDrug = 'Benazepril'; private $Category = 'Cardiorespiratory and renal sy'; private $UnitPrice = 13.5 }, 58 => class Medicine { private $MedicineID = 59; private $ActiveDrug = 'Spironolactone'; private $Category = 'Cardiorespiratory and renal sy'; private $UnitPrice = 13.5 }, 59 => class Medicine { private $MedicineID = 60; private $ActiveDrug = 'Atenolol'; private $Category = 'Cardiorespiratory and renal sy'; private $UnitPrice = 13.5 }, 60 => class Medicine { private $MedicineID = 61; private $ActiveDrug = 'Ranitidine'; private $Category = 'Gastrointestinal system'; private $UnitPrice = 17.5 }, 61 => class Medicine { private $MedicineID = 62; private $ActiveDrug = 'Famotidine'; private $Category = 'Gastrointestinal system'; private $UnitPrice = 17.5 }, 62 => class Medicine { private $MedicineID = 63; private $ActiveDrug = 'Omeprazole'; private $Category = 'Gastrointestinal system'; private $UnitPrice = 17.5 }, 63 => class Medicine { private $MedicineID = 64; private $ActiveDrug = 'Apomorphine'; private $Category = 'Gastrointestinal system'; private $UnitPrice = 17.5 }, 64 => class Medicine { private $MedicineID = 65; private $ActiveDrug = 'Metoclopramide'; private $Category = 'Gastrointestinal system'; private $UnitPrice = 17.5 }, 65 => class Medicine { private $MedicineID = 66; private $ActiveDrug = 'Prednisolone'; private $Category = 'Gastrointestinal system'; private $UnitPrice = 17.5 }, 66 => class Medicine { private $MedicineID = 67; private $ActiveDrug = 'Lactulose'; private $Category = 'Gastrointestinal system'; private $UnitPrice = 17.5 }, 67 => class Medicine { private $MedicineID = 68; private $ActiveDrug = 'Cyclosporine'; private $Category = 'Immunomodulatory drugs'; private $UnitPrice = 12.5 }, 68 => class Medicine { private $MedicineID = 69; private $ActiveDrug = 'Tacrolimus'; private $Category = 'Immunomodulatory drugs'; private $UnitPrice = 12.5 }, 69 => class Medicine { private $MedicineID = 70; private $ActiveDrug = 'Dexamethasone'; private $Category = 'Neurology'; private $UnitPrice = 18.5 }, 70 => class Medicine { private $MedicineID = 71; private $ActiveDrug = 'Thiamine'; private $Category = 'Neurology'; private $UnitPrice = 18.5 }, 71 => class Medicine { private $MedicineID = 72; private $ActiveDrug = 'Phenobarbital'; private $Category = 'Neurology'; private $UnitPrice = 18.5 }, 72 => class Medicine { private $MedicineID = 73; private $ActiveDrug = 'Potassium bromide'; private $Category = 'Neurology'; private $UnitPrice = 18.5 }, 73 => class Medicine { private $MedicineID = 74; private $ActiveDrug = 'Levetiracetam'; private $Category = 'Neurology'; private $UnitPrice = 18.5 }, 74 => class Medicine { private $MedicineID = 75; private $ActiveDrug = 'Gabapentin'; private $Category = 'Neurology'; private $UnitPrice = 18.5 }, 75 => class Medicine { private $MedicineID = 76; private $ActiveDrug = 'Cyclophosphamide'; private $Category = 'Oncology'; private $UnitPrice = 32.5 }, 76 => class Medicine { private $MedicineID = 77; private $ActiveDrug = 'Chlorambucil,'; private $Category = 'Oncology'; private $UnitPrice = 32.5 }, 77 => class Medicine { private $MedicineID = 78; private $ActiveDrug = 'Carboplatin'; private $Category = 'Oncology'; private $UnitPrice = 32.5 }, 78 => class Medicine { private $MedicineID = 79; private $ActiveDrug = 'Lomustine'; private $Category = 'Oncology'; private $UnitPrice = 32.5 }, 79 => class Medicine { private $MedicineID = 80; private $ActiveDrug = 'Dexamethasone phosphate'; private $Category = 'Ophthalmology'; private $UnitPrice = 11.5 }, 80 => class Medicine { private $MedicineID = 81; private $ActiveDrug = 'Pilocarpine'; private $Category = 'Ophthalmology'; private $UnitPrice = 11.5 }, 81 => class Medicine { private $MedicineID = 82; private $ActiveDrug = 'Deslorelin'; private $Category = 'Reproduction'; private $UnitPrice = 12.5 }, 82 => class Medicine { private $MedicineID = 83; private $ActiveDrug = 'Aglepristone'; private $Category = 'Reproduction'; private $UnitPrice = 12.5 }, 83 => class Medicine { private $MedicineID = 84; private $ActiveDrug = 'Oxytocin'; private $Category = 'Reproduction'; private $UnitPrice = 12.5 }, 84 => class Medicine { private $MedicineID = 85; private $ActiveDrug = 'Calcium gluconate'; private $Category = 'Reproduction'; private $UnitPrice = 12.5 }, 85 => class Medicine { private $MedicineID = 86; private $ActiveDrug = 'Finasteride'; private $Category = 'Reproduction'; private $UnitPrice = 12.5 }], $action = 'createPreOrder', $preOrder = *uninitialized*) C:\Users\300365472\Documents\BackendWebDev\VeterinaryPharmacyProjectPHP\PlaceOrder.php:130
[29-Jul-2023 20:17:02 Europe/Berlin] PHP Warning:  Undefined variable $preOrderId in C:\Users\300365472\Documents\BackendWebDev\VeterinaryPharmacyProjectPHP\inc\Entity\Page.class.php on line 220
[29-Jul-2023 20:17:02 Europe/Berlin] PHP Stack trace:
[29-Jul-2023 20:17:02 Europe/Berlin] PHP   1. {main}() C:\Users\300365472\Documents\BackendWebDev\VeterinaryPharmacyProjectPHP\PlaceOrder.php:0
[29-Jul-2023 20:17:02 Europe/Berlin] PHP   2. Page::displayMedicinesTable($medicines = [0 => class Medicine { private $MedicineID = 1; private $ActiveDrug = 'Xylazine'; private $Category = 'Anaesthetic, analgesic, and se'; private $UnitPrice = 27.5 }, 1 => class Medicine { private $MedicineID = 2; private $ActiveDrug = 'Medetomidine'; private $Category = 'Anaesthetic, analgesic, and se'; private $UnitPrice = 27.5 }, 2 => class Medicine { private $MedicineID = 3; private $ActiveDrug = 'Dexmedetomidine'; private $Category = 'Anaesthetic, analgesic, and se'; private $UnitPrice = 27.5 }, 3 => class Medicine { private $MedicineID = 4; private $ActiveDrug = 'Yohimbine'; private $Category = 'Anaesthetic, analgesic, and se'; private $UnitPrice = 27.5 }, 4 => class Medicine { private $MedicineID = 5; private $ActiveDrug = 'Tolazoline'; private $Category = 'Anaesthetic, analgesic, and se'; private $UnitPrice = 27.5 }, 5 => class Medicine { private $MedicineID = 6; private $ActiveDrug = 'Atipamezole'; private $Category = 'Anaesthetic, analgesic, and se'; private $UnitPrice = 27.5 }, 6 => class Medicine { private $MedicineID = 7; private $ActiveDrug = 'Atropine'; private $Category = 'Anaesthetic, analgesic, and se'; private $UnitPrice = 27.5 }, 7 => class Medicine { private $MedicineID = 8; private $ActiveDrug = 'Glycopyrrolate'; private $Category = 'Anaesthetic, analgesic, and se'; private $UnitPrice = 27.5 }, 8 => class Medicine { private $MedicineID = 9; private $ActiveDrug = 'Lidocaine'; private $Category = 'Anaesthetic, analgesic, and se'; private $UnitPrice = 27.5 }, 9 => class Medicine { private $MedicineID = 10; private $ActiveDrug = 'Epinephrine'; private $Category = 'Anaesthetic, analgesic, and se'; private $UnitPrice = 27.5 }, 10 => class Medicine { private $MedicineID = 11; private $ActiveDrug = 'Ketamine'; private $Category = 'Anaesthetic, analgesic, and se'; private $UnitPrice = 27.5 }, 11 => class Medicine { private $MedicineID = 12; private $ActiveDrug = 'Tiletamine-zolazepam'; private $Category = 'Anaesthetic, analgesic, and se'; private $UnitPrice = 27.5 }, 12 => class Medicine { private $MedicineID = 13; private $ActiveDrug = 'Midazolam'; private $Category = 'Anaesthetic, analgesic, and se'; private $UnitPrice = 27.5 }, 13 => class Medicine { private $MedicineID = 14; private $ActiveDrug = 'Diazepam'; private $Category = 'Anaesthetic, analgesic, and se'; private $UnitPrice = 27.5 }, 14 => class Medicine { private $MedicineID = 15; private $ActiveDrug = 'Ibuprofen.'; private $Category = 'Anaesthetic, analgesic, and se'; private $UnitPrice = 27.5 }, 15 => class Medicine { private $MedicineID = 16; private $ActiveDrug = 'Naproxen'; private $Category = 'Anaesthetic, analgesic, and se'; private $UnitPrice = 27.5 }, 16 => class Medicine { private $MedicineID = 17; private $ActiveDrug = 'Diclofenac'; private $Category = 'Anaesthetic, analgesic, and se'; private $UnitPrice = 27.5 }, 17 => class Medicine { private $MedicineID = 18; private $ActiveDrug = 'Aspirin'; private $Category = 'Anaesthetic, analgesic, and se'; private $UnitPrice = 27.5 }, 18 => class Medicine { private $MedicineID = 19; private $ActiveDrug = 'Buprenorphine'; private $Category = 'Anaesthetic, analgesic, and se'; private $UnitPrice = 27.5 }, 19 => class Medicine { private $MedicineID = 20; private $ActiveDrug = 'Calcium gluconate'; private $Category = 'Anaesthetic, analgesic, and se'; private $UnitPrice = 27.5 }, 20 => class Medicine { private $MedicineID = 21; private $ActiveDrug = 'Mannitol'; private $Category = 'Anaesthetic, analgesic, and se'; private $UnitPrice = 27.5 }, 21 => class Medicine { private $MedicineID = 22; private $ActiveDrug = 'Dextrose'; private $Category = 'Anaesthetic, analgesic, and se'; private $UnitPrice = 27.5 }, 22 => class Medicine { private $MedicineID = 23; private $ActiveDrug = 'Diphenhydramine'; private $Category = 'Anaesthetic, analgesic, and se'; private $UnitPrice = 27.5 }, 23 => class Medicine { private $MedicineID = 24; private $ActiveDrug = 'Amoxicillin'; private $Category = 'Antimicrobial drugs'; private $UnitPrice = 16.5 }, 24 => class Medicine { private $MedicineID = 25; private $ActiveDrug = 'Clindamycin'; private $Category = 'Antimicrobial drugs'; private $UnitPrice = 16.5 }, 25 => class Medicine { private $MedicineID = 26; private $ActiveDrug = 'Ampicillin'; private $Category = 'Antimicrobial drugs'; private $UnitPrice = 16.5 }, 26 => class Medicine { private $MedicineID = 27; private $ActiveDrug = 'Benzylpenicillin'; private $Category = 'Antimicrobial drugs'; private $UnitPrice = 16.5 }, 27 => class Medicine { private $MedicineID = 28; private $ActiveDrug = 'Cefazolin'; private $Category = 'Antimicrobial drugs'; private $UnitPrice = 16.5 }, 28 => class Medicine { private $MedicineID = 29; private $ActiveDrug = 'Sulfadiazinen'; private $Category = 'Antimicrobial drugs'; private $UnitPrice = 16.5 }, 29 => class Medicine { private $MedicineID = 30; private $ActiveDrug = 'Doxycycline'; private $Category = 'Antimicrobial drugs'; private $UnitPrice = 16.5 }, 30 => class Medicine { private $MedicineID = 31; private $ActiveDrug = 'Erythromycin'; private $Category = 'Antimicrobial drugs'; private $UnitPrice = 16.5 }, 31 => class Medicine { private $MedicineID = 32; private $ActiveDrug = 'Tylosin'; private $Category = 'Antimicrobial drugs'; private $UnitPrice = 16.5 }, 32 => class Medicine { private $MedicineID = 33; private $ActiveDrug = 'Metronidazole'; private $Category = 'Antimicrobial drugs'; private $UnitPrice = 16.5 }, 33 => class Medicine { private $MedicineID = 34; private $ActiveDrug = 'Enrofloxacin'; private $Category = 'Antimicrobial drugs'; private $UnitPrice = 16.5 }, 34 => class Medicine { private $MedicineID = 35; private $ActiveDrug = 'Gentamicin'; private $Category = 'Antimicrobial drugs'; private $UnitPrice = 16.5 }, 35 => class Medicine { private $MedicineID = 36; private $ActiveDrug = 'Chlorhexidine gluconate'; private $Category = 'Antimicrobial drugs'; private $UnitPrice = 16.5 }, 36 => class Medicine { private $MedicineID = 37; private $ActiveDrug = 'Miconazole'; private $Category = 'Antifungal drugs'; private $UnitPrice = 18.5 }, 37 => class Medicine { private $MedicineID = 38; private $ActiveDrug = 'Econazole'; private $Category = 'Antifungal drugs'; private $UnitPrice = 18.5 }, 38 => class Medicine { private $MedicineID = 39; private $ActiveDrug = 'Clotrimazole'; private $Category = 'Antifungal drugs'; private $UnitPrice = 18.5 }, 39 => class Medicine { private $MedicineID = 40; private $ActiveDrug = 'Enilconazole'; private $Category = 'Antifungal drugs'; private $UnitPrice = 18.5 }, 40 => class Medicine { private $MedicineID = 41; private $ActiveDrug = 'Terbinafine'; private $Category = 'Antifungal drugs'; private $UnitPrice = 18.5 }, 41 => class Medicine { private $MedicineID = 42; private $ActiveDrug = 'Famciclovir'; private $Category = 'Antiviral drugs'; private $UnitPrice = 12.5 }, 42 => class Medicine { private $MedicineID = 43; private $ActiveDrug = 'Zidovudine'; private $Category = 'Antiviral drugs'; private $UnitPrice = 12.5 }, 43 => class Medicine { private $MedicineID = 44; private $ActiveDrug = 'Imidacloprid'; private $Category = 'Antiparasitic drugs'; private $UnitPrice = 15.5 }, 44 => class Medicine { private $MedicineID = 45; private $ActiveDrug = 'Fipronil'; private $Category = 'Antiparasitic drugs'; private $UnitPrice = 15.5 }, 45 => class Medicine { private $MedicineID = 46; private $ActiveDrug = 'Flumethrin'; private $Category = 'Antiparasitic drugs'; private $UnitPrice = 15.5 }, 46 => class Medicine { private $MedicineID = 47; private $ActiveDrug = 'Milbemycins'; private $Category = 'Antiparasitic drugs'; private $UnitPrice = 15.5 }, 47 => class Medicine { private $MedicineID = 48; private $ActiveDrug = 'Praziquantel,'; private $Category = 'Antiparasitic drugs'; private $UnitPrice = 15.5 }, 48 => class Medicine { private $MedicineID = 49; private $ActiveDrug = 'Pyrantel'; private $Category = 'Antiparasitic drugs'; private $UnitPrice = 15.5 }, 49 => class Medicine { private $MedicineID = 50; private $ActiveDrug = 'Pyriproxyfen'; private $Category = 'Antiparasitic drugs'; private $UnitPrice = 15.5 }, 50 => class Medicine { private $MedicineID = 51; private $ActiveDrug = 'Febantel'; private $Category = 'Antiparasitic drugs'; private $UnitPrice = 15.5 }, 51 => class Medicine { private $MedicineID = 52; private $ActiveDrug = 'Fenbendazole'; private $Category = 'Antiparasitic drugs'; private $UnitPrice = 15.5 }, 52 => class Medicine { private $MedicineID = 53; private $ActiveDrug = 'Mebendazole'; private $Category = 'Antiparasitic drugs'; private $UnitPrice = 15.5 }, 53 => class Medicine { private $MedicineID = 54; private $ActiveDrug = 'Melarsomine'; private $Category = 'Antiparasitic drugs'; private $UnitPrice = 15.5 }, 54 => class Medicine { private $MedicineID = 55; private $ActiveDrug = 'Furosemide'; private $Category = 'Cardiorespiratory and renal sy'; private $UnitPrice = 13.5 }, 55 => class Medicine { private $MedicineID = 56; private $ActiveDrug = 'Pimobendan'; private $Category = 'Cardiorespiratory and renal sy'; private $UnitPrice = 13.5 }, 56 => class Medicine { private $MedicineID = 57; private $ActiveDrug = 'Amlodipine'; private $Category = 'Cardiorespiratory and renal sy'; private $UnitPrice = 13.5 }, 57 => class Medicine { private $MedicineID = 58; private $ActiveDrug = 'Benazepril'; private $Category = 'Cardiorespiratory and renal sy'; private $UnitPrice = 13.5 }, 58 => class Medicine { private $MedicineID = 59; private $ActiveDrug = 'Spironolactone'; private $Category = 'Cardiorespiratory and renal sy'; private $UnitPrice = 13.5 }, 59 => class Medicine { private $MedicineID = 60; private $ActiveDrug = 'Atenolol'; private $Category = 'Cardiorespiratory and renal sy'; private $UnitPrice = 13.5 }, 60 => class Medicine { private $MedicineID = 61; private $ActiveDrug = 'Ranitidine'; private $Category = 'Gastrointestinal system'; private $UnitPrice = 17.5 }, 61 => class Medicine { private $MedicineID = 62; private $ActiveDrug = 'Famotidine'; private $Category = 'Gastrointestinal system'; private $UnitPrice = 17.5 }, 62 => class Medicine { private $MedicineID = 63; private $ActiveDrug = 'Omeprazole'; private $Category = 'Gastrointestinal system'; private $UnitPrice = 17.5 }, 63 => class Medicine { private $MedicineID = 64; private $ActiveDrug = 'Apomorphine'; private $Category = 'Gastrointestinal system'; private $UnitPrice = 17.5 }, 64 => class Medicine { private $MedicineID = 65; private $ActiveDrug = 'Metoclopramide'; private $Category = 'Gastrointestinal system'; private $UnitPrice = 17.5 }, 65 => class Medicine { private $MedicineID = 66; private $ActiveDrug = 'Prednisolone'; private $Category = 'Gastrointestinal system'; private $UnitPrice = 17.5 }, 66 => class Medicine { private $MedicineID = 67; private $ActiveDrug = 'Lactulose'; private $Category = 'Gastrointestinal system'; private $UnitPrice = 17.5 }, 67 => class Medicine { private $MedicineID = 68; private $ActiveDrug = 'Cyclosporine'; private $Category = 'Immunomodulatory drugs'; private $UnitPrice = 12.5 }, 68 => class Medicine { private $MedicineID = 69; private $ActiveDrug = 'Tacrolimus'; private $Category = 'Immunomodulatory drugs'; private $UnitPrice = 12.5 }, 69 => class Medicine { private $MedicineID = 70; private $ActiveDrug = 'Dexamethasone'; private $Category = 'Neurology'; private $UnitPrice = 18.5 }, 70 => class Medicine { private $MedicineID = 71; private $ActiveDrug = 'Thiamine'; private $Category = 'Neurology'; private $UnitPrice = 18.5 }, 71 => class Medicine { private $MedicineID = 72; private $ActiveDrug = 'Phenobarbital'; private $Category = 'Neurology'; private $UnitPrice = 18.5 }, 72 => class Medicine { private $MedicineID = 73; private $ActiveDrug = 'Potassium bromide'; private $Category = 'Neurology'; private $UnitPrice = 18.5 }, 73 => class Medicine { private $MedicineID = 74; private $ActiveDrug = 'Levetiracetam'; private $Category = 'Neurology'; private $UnitPrice = 18.5 }, 74 => class Medicine { private $MedicineID = 75; private $ActiveDrug = 'Gabapentin'; private $Category = 'Neurology'; private $UnitPrice = 18.5 }, 75 => class Medicine { private $MedicineID = 76; private $ActiveDrug = 'Cyclophosphamide'; private $Category = 'Oncology'; private $UnitPrice = 32.5 }, 76 => class Medicine { private $MedicineID = 77; private $ActiveDrug = 'Chlorambucil,'; private $Category = 'Oncology'; private $UnitPrice = 32.5 }, 77 => class Medicine { private $MedicineID = 78; private $ActiveDrug = 'Carboplatin'; private $Category = 'Oncology'; private $UnitPrice = 32.5 }, 78 => class Medicine { private $MedicineID = 79; private $ActiveDrug = 'Lomustine'; private $Category = 'Oncology'; private $UnitPrice = 32.5 }, 79 => class Medicine { private $MedicineID = 80; private $ActiveDrug = 'Dexamethasone phosphate'; private $Category = 'Ophthalmology'; private $UnitPrice = 11.5 }, 80 => class Medicine { private $MedicineID = 81; private $ActiveDrug = 'Pilocarpine'; private $Category = 'Ophthalmology'; private $UnitPrice = 11.5 }, 81 => class Medicine { private $MedicineID = 82; private $ActiveDrug = 'Deslorelin'; private $Category = 'Reproduction'; private $UnitPrice = 12.5 }, 82 => class Medicine { private $MedicineID = 83; private $ActiveDrug = 'Aglepristone'; private $Category = 'Reproduction'; private $UnitPrice = 12.5 }, 83 => class Medicine { private $MedicineID = 84; private $ActiveDrug = 'Oxytocin'; private $Category = 'Reproduction'; private $UnitPrice = 12.5 }, 84 => class Medicine { private $MedicineID = 85; private $ActiveDrug = 'Calcium gluconate'; private $Category = 'Reproduction'; private $UnitPrice = 12.5 }, 85 => class Medicine { private $MedicineID = 86; private $ActiveDrug = 'Finasteride'; private $Category = 'Reproduction'; private $UnitPrice = 12.5 }], $action = 'createPreOrder', $preOrder = *uninitialized*) C:\Users\300365472\Documents\BackendWebDev\VeterinaryPharmacyProjectPHP\PlaceOrder.php:130
